
Memory Configuration

Name             Origin             Length             Attributes
*default*        0x0000000000000000 0xffffffffffffffff

Linker script and memory map

LOAD src/kernel/data_structures/char_cb.o
LOAD src/kernel/data_structures/heap.o
LOAD src/kernel/data_structures/int_cb.o
LOAD src/kernel/exception.o
LOAD src/kernel/interrupt.o
LOAD src/kernel/k2/gameclient.o
LOAD src/kernel/k2/gameserver.o
LOAD src/kernel/k_handler.o
LOAD src/kernel/peripheral/rpi.o
LOAD src/kernel/server/clock.o
LOAD src/kernel/server/io.o
LOAD src/kernel/server/nameserver.o
LOAD src/kernel/server/timer.o
LOAD src/kernel/syscall.o
LOAD src/kernel/taskframe.o
LOAD src/kernel/tasks.o
LOAD src/kernel/util/assert.o
LOAD src/kernel/util/util.o
LOAD src/main.o
LOAD src/train/pathfinding.o
LOAD src/train/reverse.o
LOAD src/train/sensors.o
LOAD src/train/switches.o
LOAD src/train/track_data.o
LOAD src/train/traincontrol.o
LOAD src/train/trainserver.o
LOAD src/kernel/asm/context_switching.o
LOAD src/kernel/asm/exception_vector.o
LOAD src/kernel/boot/boot.o

.stack          0x0000000000000000    0x7fff0
 *(.stack)
 .stack         0x0000000000000000    0x7fff0 src/kernel/boot/boot.o
                0x0000000000080000                . = 0x80000

.text.boot      0x0000000000080000       0xa8
 *(.text.boot)
 .text.boot     0x0000000000080000       0xa8 src/kernel/boot/boot.o
                0x0000000000080000                start

.text.evt       0x0000000000080800      0x7fc
 *(.text.evt)
 .text.evt      0x0000000000080800      0x7fc src/kernel/asm/exception_vector.o
                0x0000000000080800                exception_vector

.text           0x0000000000081000     0xf6f8
 *(.text*)
 .text          0x0000000000081000      0x10c src/kernel/data_structures/char_cb.o
                0x0000000000081000                initialize_charcb
                0x0000000000081020                increment_charcb
                0x0000000000081030                push_charcb
                0x00000000000810a0                is_empty_charcb
                0x00000000000810b0                peek_charcb
                0x00000000000810d0                pop_charcb
 *fill*         0x000000000008110c        0x4 
 .text          0x0000000000081110      0x300 src/kernel/data_structures/heap.o
                0x0000000000081110                heap_init
                0x0000000000081120                swap
                0x0000000000081140                sift_up
                0x00000000000811c0                heap_push
                0x0000000000081280                sift_down
                0x00000000000813a0                heap_peek
                0x00000000000813c0                heap_pop
 .text          0x0000000000081410       0xfc src/kernel/data_structures/int_cb.o
                0x0000000000081410                initialize_intcb
                0x0000000000081430                increment_intcb
                0x0000000000081440                decrement_intcb
                0x0000000000081460                push_intcb
                0x00000000000814c0                is_empty_intcb
                0x00000000000814d0                pop_intcb
 *fill*         0x000000000008150c        0x4 
 .text          0x0000000000081510       0x30 src/kernel/exception.o
                0x0000000000081510                init_exception_vector
                0x0000000000081520                invalid_exception
 .text          0x0000000000081540      0x19c src/kernel/interrupt.o
                0x0000000000081540                route_irq
                0x00000000000815d0                enable_irq
                0x0000000000081610                disable_irq
                0x0000000000081650                enable_irqs
                0x00000000000816b0                disable_irqs
 *fill*         0x00000000000816dc        0x4 
 .text          0x00000000000816e0     0x12ac src/kernel/k2/gameclient.o
                0x00000000000816e0                scissor_quit
                0x00000000000818d0                paper_quit
                0x0000000000081ac0                rock_quit
                0x0000000000081cc0                spr_quit
                0x0000000000081ee0                rps_quit
                0x0000000000082100                paper_move_quit
                0x0000000000082370                rps_move_quit
                0x0000000000082610                lookup_gameserver
                0x0000000000082670                signup
                0x0000000000082700                move
                0x00000000000827e0                quit
                0x0000000000082890                test1
                0x00000000000828f0                test2
                0x0000000000082940                test3
 *fill*         0x000000000008298c        0x4 
 .text          0x0000000000082990      0xcf8 src/kernel/k2/gameserver.o
                0x0000000000082990                gameserver_signup
                0x0000000000082a20                gameserver_play
                0x0000000000082ac0                gameserver_quit
                0x0000000000082b40                winner
                0x0000000000082b90                set_response
                0x0000000000082c00                gameserver
 *fill*         0x0000000000083688        0x8 
 .text          0x0000000000083690      0xb30 src/kernel/k_handler.o
                0x0000000000083690                task_init
                0x00000000000836b0                copy_msg
                0x00000000000836f0                reschedule_task_with_return
                0x0000000000083730                handle_create
                0x0000000000083850                handle_exit
                0x00000000000838a0                handle_my_tid
                0x00000000000838e0                handle_parent_tid
                0x0000000000083920                handle_yield
                0x0000000000083960                handle_send
                0x0000000000083b40                handle_receive
                0x0000000000083cc0                handle_reply
                0x0000000000083e60                handle_await_event
                0x0000000000083fa0                handle_irq
 .text          0x00000000000841c0      0x850 src/kernel/peripheral/rpi.o
                0x00000000000844a0                gpio_init
                0x0000000000084500                uart_config_and_enable
                0x0000000000084570                uart_get_interrupt_lines
                0x0000000000084580                uart_irq_id
                0x00000000000845a0                uart_ifls
                0x00000000000845c0                uart_mis
                0x00000000000845e0                uart_mis_tx
                0x0000000000084600                uart_mis_rx
                0x0000000000084620                uart_mis_cts
                0x0000000000084640                uart_cts
                0x0000000000084660                uart_enable_tx
                0x0000000000084680                uart_enable_rx
                0x00000000000846a0                uart_enable_cts
                0x00000000000846c0                uart_disable_tx
                0x00000000000846e0                uart_disable_rx
                0x0000000000084700                uart_disable_cts
                0x0000000000084720                uart_clear_tx
                0x0000000000084740                uart_clear_rx
                0x0000000000084760                uart_clear_cts
                0x0000000000084780                uart_can_read
                0x00000000000847a0                uart_can_write
                0x00000000000847c0                uart_readc
                0x00000000000847f0                uart_writec
                0x0000000000084820                uart_getc
                0x0000000000084840                uart_putc
                0x0000000000084860                uart_putl
                0x00000000000848a0                uart_puts
                0x00000000000848d0                uart_printf
                0x0000000000084950                uart_dprintf
 .text          0x0000000000084a10      0x510 src/kernel/server/clock.o
                0x0000000000084a10                delayed_task_cmp
                0x0000000000084a30                dts_init
                0x0000000000084a90                getNextFreeDelayedTask
                0x0000000000084ab0                reclaimDelayedTask
                0x0000000000084ac0                Time
                0x0000000000084b20                Delay
                0x0000000000084bc0                DelayUntil
                0x0000000000084c60                clock_notifier
                0x0000000000084cd0                clock
 .text          0x0000000000084f20     0x16dc src/kernel/server/io.o
                0x0000000000084f20                console_out_notifier
                0x0000000000084ff0                console_in_notifier
                0x00000000000850d0                console_out
                0x0000000000085260                console_in
                0x0000000000085460                marklin_out_tx_notifier
                0x0000000000085520                marklin_out_cts_notifier
                0x0000000000085590                marklin_in_notifier
                0x0000000000085650                marklin_io
                0x0000000000085990                Getc
                0x00000000000859d0                Putc
                0x0000000000085a10                Puts
                0x0000000000085c40                Puts_len
                0x0000000000085e80                printf
 *fill*         0x00000000000865fc        0x4 
 .text          0x0000000000086600      0x460 src/kernel/server/nameserver.o
                0x0000000000086600                RegisterAs
                0x00000000000866d0                WhoIs
                0x00000000000867e0                set_name
                0x0000000000086840                get_name
                0x0000000000086850                nameserver
 .text          0x0000000000086a60      0x138 src/kernel/server/timer.o
                0x0000000000086a60                st_lo
                0x0000000000086a70                sys_time
                0x0000000000086a80                sys_time_ms
                0x0000000000086aa0                sys_time_tenth_seconds
                0x0000000000086ac0                parse_st
                0x0000000000086b30                timer_init
                0x0000000000086b60                update_c1
                0x0000000000086b80                update_status_reg
 *fill*         0x0000000000086b98        0x8 
 .text          0x0000000000086ba0      0x168 src/kernel/syscall.o
                0x0000000000086ba0                Create
                0x0000000000086bd0                Create_sp_size
                0x0000000000086c00                MyTid
                0x0000000000086c10                MyParentTid
                0x0000000000086c20                Yield
                0x0000000000086c30                Exit
                0x0000000000086c40                Send
                0x0000000000086c80                Receive
                0x0000000000086cb0                Reply
                0x0000000000086ce0                AwaitEvent
                0x0000000000086d00                Quit
 *fill*         0x0000000000086d08        0x8 
 .text          0x0000000000086d10      0x380 src/kernel/taskframe.o
                0x0000000000086d10                tasks_init
                0x0000000000086ee0                task_cmp
                0x0000000000086f20                getNextFreeTaskFrame
                0x0000000000086f50                reclaimTaskFrame
                0x0000000000086f70                sds_init
                0x0000000000086fd0                getNextFreeSendData
                0x0000000000086ff0                reclaimSendData
                0x0000000000087000                rds_init
                0x0000000000087060                getNextFreeReceiveData
                0x0000000000087080                reclaimReceiveData
 .text          0x0000000000087090      0xb10 src/kernel/tasks.o
                0x0000000000087090                k2test
                0x0000000000087190                time_user
                0x0000000000087240                idle_task
                0x0000000000087340                user_input
                0x00000000000875b0                k4
                0x0000000000087740                console_time
                0x00000000000878f0                k2
                0x0000000000087950                k3
                0x0000000000087a60                i2str
                0x0000000000087ac0                rootTask
 .text          0x0000000000087ba0       0x18 src/kernel/util/assert.o
                0x0000000000087ba0                assert
 *fill*         0x0000000000087bb8        0x8 
 .text          0x0000000000087bc0      0x6b8 src/kernel/util/util.o
                0x0000000000087bc0                a2d
                0x0000000000087c10                ui2a
                0x0000000000087cd0                ui2a_no0
                0x0000000000087d80                i2a
                0x0000000000087e50                memset
                0x0000000000087f70                memcpy
                0x0000000000088080                str_cpy
                0x00000000000880b0                str_cpy_w0
                0x00000000000880d0                str_len
                0x0000000000088100                str_equal
                0x0000000000088150                isInt
                0x0000000000088170                getArgumentTwoDigitNumber
                0x00000000000881e0                getArgumentThreeDigitNumber
 *fill*         0x0000000000088278        0x8 
 .text          0x0000000000088280      0x310 src/main.o
                0x0000000000088280                kernel_frame_init
                0x0000000000088290                run_task
                0x00000000000882c0                kmain
 .text          0x0000000000088590     0x1688 src/train/pathfinding.o
                0x0000000000088590                heap_node_cmp
                0x0000000000088e30                hns_init
                0x0000000000088eb0                getNextFreeHeapNode
                0x0000000000088ed0                reclaimHeapNode
                0x0000000000088ef0                dijkstra
                0x00000000000897b0                get_start_sensor
                0x00000000000898d0                pathfind
                0x0000000000089930                path_finding
 *fill*         0x0000000000089c18        0x8 
 .text          0x0000000000089c20      0x14c src/train/reverse.o
                0x0000000000089c20                reverse
 *fill*         0x0000000000089d6c        0x4 
 .text          0x0000000000089d70      0x298 src/train/sensors.o
                0x0000000000089d70                sensor_update
 *fill*         0x000000000008a008        0x8 
 .text          0x000000000008a010      0x4e0 src/train/switches.o
                0x000000000008a010                change_switches_cmd
                0x000000000008a040                get_switches_setup
                0x000000000008a080                sw
                0x000000000008a1d0                switches_setup
                0x000000000008a390                switches_server
 .text          0x000000000008a4f0     0x5240 src/train/track_data.o
                0x000000000008a4f0                init_tracka
                0x000000000008d100                init_trackb
 .text          0x000000000008f730      0x858 src/train/traincontrol.o
                0x000000000008f730                get_sensor_num
                0x000000000008f790                execute_tr
                0x000000000008f890                execute_rv
                0x000000000008f950                execute_sw
                0x000000000008fa70                execute_pf
                0x000000000008fc50                execute_nav
                0x000000000008fda0                executeFunction
 *fill*         0x000000000008ff88        0x8 
 .text          0x000000000008ff90      0x3e8 src/train/trainserver.o
                0x000000000008ff90                tr
                0x000000000008ffe0                trainserver
 .text          0x0000000000090378      0x380 src/kernel/asm/context_switching.o
                0x0000000000090378                context_switch_to_task
                0x000000000009049c                return_to_kernel_syscall
                0x00000000000905c0                return_to_kernel_irq
 .text          0x00000000000906f8        0x0 src/kernel/asm/exception_vector.o
 .text          0x00000000000906f8        0x0 src/kernel/boot/boot.o

.iplt           0x00000000000906f8        0x0
 .iplt          0x00000000000906f8        0x0 src/kernel/data_structures/heap.o

.rodata.str1.8  0x00000000000906f8     0x191c
 .rodata.str1.8
                0x00000000000906f8       0x13 src/kernel/data_structures/heap.o
 *fill*         0x000000000009070b        0x5 
 .rodata.str1.8
                0x0000000000090710       0x15 src/kernel/exception.o
 *fill*         0x0000000000090725        0x3 
 .rodata.str1.8
                0x0000000000090728       0x22 src/kernel/interrupt.o
 *fill*         0x000000000009074a        0x6 
 .rodata.str1.8
                0x0000000000090750      0x246 src/kernel/k2/gameclient.o
 *fill*         0x0000000000090996        0x2 
 .rodata.str1.8
                0x0000000000090998      0x287 src/kernel/k2/gameserver.o
                                        0x28f (size before relaxing)
 *fill*         0x0000000000090c1f        0x1 
 .rodata.str1.8
                0x0000000000090c20      0x315 src/kernel/k_handler.o
 *fill*         0x0000000000090f35        0x3 
 .rodata.str1.8
                0x0000000000090f38      0x150 src/kernel/server/clock.o
 .rodata.str1.8
                0x0000000000091088       0xd0 src/kernel/server/io.o
 .rodata.str1.8
                0x0000000000091158      0x16f src/kernel/server/nameserver.o
 *fill*         0x00000000000912c7        0x1 
 .rodata.str1.8
                0x00000000000912c8      0x261 src/kernel/tasks.o
 *fill*         0x0000000000091529        0x7 
 .rodata.str1.8
                0x0000000000091530      0x1ff src/train/pathfinding.o
 *fill*         0x000000000009172f        0x1 
 .rodata.str1.8
                0x0000000000091730       0x2f src/train/reverse.o
 *fill*         0x000000000009175f        0x1 
 .rodata.str1.8
                0x0000000000091760       0xd1 src/train/sensors.o
 *fill*         0x0000000000091831        0x7 
 .rodata.str1.8
                0x0000000000091838       0x4a src/train/switches.o
 *fill*         0x0000000000091882        0x6 
 .rodata.str1.8
                0x0000000000091888      0x47d src/train/track_data.o
 *fill*         0x0000000000091d05        0x3 
 .rodata.str1.8
                0x0000000000091d08      0x1c9 src/train/traincontrol.o
                                        0x1d9 (size before relaxing)
 *fill*         0x0000000000091ed1        0x7 
 .rodata.str1.8
                0x0000000000091ed8      0x13c src/train/trainserver.o

.rodata         0x0000000000092018      0x258
 .rodata        0x0000000000092018       0x10 src/kernel/k2/gameserver.o
 .rodata        0x0000000000092028       0x18 src/kernel/peripheral/rpi.o
 .rodata        0x0000000000092040       0x17 src/kernel/server/clock.o
 *fill*         0x0000000000092057        0x1 
 .rodata        0x0000000000092058       0x7e src/kernel/server/io.o
 *fill*         0x00000000000920d6        0x2 
 .rodata        0x00000000000920d8       0x2d src/kernel/tasks.o
 *fill*         0x0000000000092105        0x3 
 .rodata        0x0000000000092108       0x25 src/train/pathfinding.o
 *fill*         0x000000000009212d        0x3 
 .rodata        0x0000000000092130       0x26 src/train/reverse.o
 *fill*         0x0000000000092156        0x2 
 .rodata        0x0000000000092158       0x2d src/train/sensors.o
 *fill*         0x0000000000092185        0x3 
 .rodata        0x0000000000092188       0x76 src/train/switches.o
 *fill*         0x00000000000921fe        0x2 
 .rodata        0x0000000000092200       0x15 src/train/traincontrol.o
 *fill*         0x0000000000092215        0x3 
 .rodata        0x0000000000092218       0x58 src/train/trainserver.o

.rela.dyn       0x0000000000092270        0x0
 .rela.iplt     0x0000000000092270        0x0 src/kernel/data_structures/heap.o
 .rela.text     0x0000000000092270        0x0 src/kernel/data_structures/heap.o
 .rela.text.boot
                0x0000000000092270        0x0 src/kernel/data_structures/heap.o
                0x0000000000092270                . = ALIGN (0x10)

.data           0x0000000000092270       0x94
 *(.data)
 .data          0x0000000000092270        0x0 src/kernel/data_structures/char_cb.o
 .data          0x0000000000092270        0x0 src/kernel/data_structures/heap.o
 .data          0x0000000000092270        0x0 src/kernel/data_structures/int_cb.o
 .data          0x0000000000092270        0x0 src/kernel/exception.o
 .data          0x0000000000092270        0x0 src/kernel/interrupt.o
 .data          0x0000000000092270        0x0 src/kernel/k2/gameclient.o
 .data          0x0000000000092270       0x94 src/kernel/k2/gameserver.o
                0x0000000000092270                gameserver_name
                0x0000000000092280                move_str
                0x0000000000092298                result_str
                0x00000000000922b8                quit_str
                0x00000000000922c8                tie_str
                0x00000000000922d0                lose_str
                0x00000000000922d8                win_str
                0x00000000000922e0                scissor_str
                0x00000000000922e8                paper_str
                0x00000000000922f0                rock_str
                0x00000000000922f8                moves
 .data          0x0000000000092304        0x0 src/kernel/k_handler.o
 .data          0x0000000000092304        0x0 src/kernel/peripheral/rpi.o
 .data          0x0000000000092304        0x0 src/kernel/server/clock.o
 .data          0x0000000000092304        0x0 src/kernel/server/io.o
 .data          0x0000000000092304        0x0 src/kernel/server/nameserver.o
 .data          0x0000000000092304        0x0 src/kernel/server/timer.o
 .data          0x0000000000092304        0x0 src/kernel/syscall.o
 .data          0x0000000000092304        0x0 src/kernel/taskframe.o
 .data          0x0000000000092304        0x0 src/kernel/tasks.o
 .data          0x0000000000092304        0x0 src/kernel/util/assert.o
 .data          0x0000000000092304        0x0 src/kernel/util/util.o
 .data          0x0000000000092304        0x0 src/main.o
 .data          0x0000000000092304        0x0 src/train/pathfinding.o
 .data          0x0000000000092304        0x0 src/train/reverse.o
 .data          0x0000000000092304        0x0 src/train/sensors.o
 .data          0x0000000000092304        0x0 src/train/switches.o
 .data          0x0000000000092304        0x0 src/train/track_data.o
 .data          0x0000000000092304        0x0 src/train/traincontrol.o
 .data          0x0000000000092304        0x0 src/train/trainserver.o
 .data          0x0000000000092304        0x0 src/kernel/asm/context_switching.o
 .data          0x0000000000092304        0x0 src/kernel/asm/exception_vector.o
 .data          0x0000000000092304        0x0 src/kernel/boot/boot.o

.igot.plt       0x0000000000092308        0x0
 .igot.plt      0x0000000000092308        0x0 src/kernel/data_structures/heap.o
                0x0000000000092310                . = ALIGN (0x10)
                0x0000000000092310                bss_begin = .

.bss            0x0000000000092310       0x20
 *(.bss)
 .bss           0x0000000000092310        0x0 src/kernel/data_structures/char_cb.o
 .bss           0x0000000000092310        0x0 src/kernel/data_structures/heap.o
 .bss           0x0000000000092310        0x0 src/kernel/data_structures/int_cb.o
 .bss           0x0000000000092310        0x0 src/kernel/exception.o
 .bss           0x0000000000092310        0x0 src/kernel/interrupt.o
 .bss           0x0000000000092310        0x0 src/kernel/k2/gameclient.o
 .bss           0x0000000000092310        0x0 src/kernel/k2/gameserver.o
 .bss           0x0000000000092310        0x0 src/kernel/k_handler.o
 .bss           0x0000000000092310        0x0 src/kernel/peripheral/rpi.o
 .bss           0x0000000000092310        0x0 src/kernel/server/clock.o
 .bss           0x0000000000092310        0x0 src/kernel/server/io.o
 .bss           0x0000000000092310        0x0 src/kernel/server/nameserver.o
 .bss           0x0000000000092310        0x0 src/kernel/server/timer.o
 .bss           0x0000000000092310        0x0 src/kernel/syscall.o
 .bss           0x0000000000092310        0x0 src/kernel/taskframe.o
 .bss           0x0000000000092310        0x0 src/kernel/tasks.o
 .bss           0x0000000000092310        0x0 src/kernel/util/assert.o
 .bss           0x0000000000092310        0x0 src/kernel/util/util.o
 .bss           0x0000000000092310       0x20 src/main.o
                0x0000000000092310                p_program_start
                0x0000000000092318                p_idle_task_total
                0x0000000000092320                kf
                0x0000000000092328                currentTaskFrame
 .bss           0x0000000000092330        0x0 src/train/pathfinding.o
 .bss           0x0000000000092330        0x0 src/train/reverse.o
 .bss           0x0000000000092330        0x0 src/train/sensors.o
 .bss           0x0000000000092330        0x0 src/train/switches.o
 .bss           0x0000000000092330        0x0 src/train/track_data.o
 .bss           0x0000000000092330        0x0 src/train/traincontrol.o
 .bss           0x0000000000092330        0x0 src/train/trainserver.o
 .bss           0x0000000000092330        0x0 src/kernel/asm/context_switching.o
 .bss           0x0000000000092330        0x0 src/kernel/asm/exception_vector.o
 .bss           0x0000000000092330        0x0 src/kernel/boot/boot.o
                0x0000000000092330                bss_end = .
                0x0000000000092340                . = (. + 0x10)
                0x0000000000092340                user_stack_start = .
LOAD /u3/cs452/public/xdev/bin/../lib/gcc/aarch64-none-elf/12.3.1/libgcc.a
LOAD /u3/cs452/public/xdev/bin/../lib/gcc/aarch64-none-elf/12.3.1/../../../../aarch64-none-elf/lib/libg.a
LOAD /u3/cs452/public/xdev/bin/../lib/gcc/aarch64-none-elf/12.3.1/../../../../aarch64-none-elf/lib/libc.a
LOAD /u3/cs452/public/xdev/bin/../lib/gcc/aarch64-none-elf/12.3.1/libgcc.a
OUTPUT(iotest.elf elf64-littleaarch64)
LOAD linker stubs

.debug_info     0x0000000000000000    0x148ec
 .debug_info    0x0000000000000000      0x3cd src/kernel/data_structures/char_cb.o
 .debug_info    0x00000000000003cd      0x558 src/kernel/data_structures/heap.o
 .debug_info    0x0000000000000925      0x3a6 src/kernel/data_structures/int_cb.o
 .debug_info    0x0000000000000ccb      0x126 src/kernel/exception.o
 .debug_info    0x0000000000000df1      0x535 src/kernel/interrupt.o
 .debug_info    0x0000000000001326     0x2d7d src/kernel/k2/gameclient.o
 .debug_info    0x00000000000040a3     0x1dfe src/kernel/k2/gameserver.o
 .debug_info    0x0000000000005ea1     0x1c37 src/kernel/k_handler.o
 .debug_info    0x0000000000007ad8     0x1279 src/kernel/peripheral/rpi.o
 .debug_info    0x0000000000008d51      0xc61 src/kernel/server/clock.o
 .debug_info    0x00000000000099b2     0x21de src/kernel/server/io.o
 .debug_info    0x000000000000bb90      0xab2 src/kernel/server/nameserver.o
 .debug_info    0x000000000000c642      0x31d src/kernel/server/timer.o
 .debug_info    0x000000000000c95f      0x37b src/kernel/syscall.o
 .debug_info    0x000000000000ccda      0x739 src/kernel/taskframe.o
 .debug_info    0x000000000000d413     0x167f src/kernel/tasks.o
 .debug_info    0x000000000000ea92       0xfc src/kernel/util/assert.o
 .debug_info    0x000000000000eb8e      0x805 src/kernel/util/util.o
 .debug_info    0x000000000000f393      0xc3f src/main.o
 .debug_info    0x000000000000ffd2     0x1843 src/train/pathfinding.o
 .debug_info    0x0000000000011815      0x484 src/train/reverse.o
 .debug_info    0x0000000000011c99      0x79e src/train/sensors.o
 .debug_info    0x0000000000012437      0x95a src/train/switches.o
 .debug_info    0x0000000000012d91      0x202 src/train/track_data.o
 .debug_info    0x0000000000012f93      0xdc2 src/train/traincontrol.o
 .debug_info    0x0000000000013d55      0xb1c src/train/trainserver.o
 .debug_info    0x0000000000014871       0x29 src/kernel/asm/context_switching.o
 .debug_info    0x000000000001489a       0x29 src/kernel/asm/exception_vector.o
 .debug_info    0x00000000000148c3       0x29 src/kernel/boot/boot.o

.debug_abbrev   0x0000000000000000     0x3d2e
 .debug_abbrev  0x0000000000000000      0x1d1 src/kernel/data_structures/char_cb.o
 .debug_abbrev  0x00000000000001d1      0x24c src/kernel/data_structures/heap.o
 .debug_abbrev  0x000000000000041d      0x1ce src/kernel/data_structures/int_cb.o
 .debug_abbrev  0x00000000000005eb       0xbb src/kernel/exception.o
 .debug_abbrev  0x00000000000006a6      0x141 src/kernel/interrupt.o
 .debug_abbrev  0x00000000000007e7      0x248 src/kernel/k2/gameclient.o
 .debug_abbrev  0x0000000000000a2f      0x3e8 src/kernel/k2/gameserver.o
 .debug_abbrev  0x0000000000000e17      0x3a0 src/kernel/k_handler.o
 .debug_abbrev  0x00000000000011b7      0x4a0 src/kernel/peripheral/rpi.o
 .debug_abbrev  0x0000000000001657      0x2e7 src/kernel/server/clock.o
 .debug_abbrev  0x000000000000193e      0x3ee src/kernel/server/io.o
 .debug_abbrev  0x0000000000001d2c      0x2c3 src/kernel/server/nameserver.o
 .debug_abbrev  0x0000000000001fef      0x1f0 src/kernel/server/timer.o
 .debug_abbrev  0x00000000000021df      0x131 src/kernel/syscall.o
 .debug_abbrev  0x0000000000002310      0x1ed src/kernel/taskframe.o
 .debug_abbrev  0x00000000000024fd      0x288 src/kernel/tasks.o
 .debug_abbrev  0x0000000000002785       0xac src/kernel/util/assert.o
 .debug_abbrev  0x0000000000002831      0x253 src/kernel/util/util.o
 .debug_abbrev  0x0000000000002a84      0x29a src/main.o
 .debug_abbrev  0x0000000000002d1e      0x413 src/train/pathfinding.o
 .debug_abbrev  0x0000000000003131      0x14b src/train/reverse.o
 .debug_abbrev  0x000000000000327c      0x1a8 src/train/sensors.o
 .debug_abbrev  0x0000000000003424      0x29d src/train/switches.o
 .debug_abbrev  0x00000000000036c1      0x124 src/train/track_data.o
 .debug_abbrev  0x00000000000037e5      0x2b4 src/train/traincontrol.o
 .debug_abbrev  0x0000000000003a99      0x259 src/train/trainserver.o
 .debug_abbrev  0x0000000000003cf2       0x14 src/kernel/asm/context_switching.o
 .debug_abbrev  0x0000000000003d06       0x14 src/kernel/asm/exception_vector.o
 .debug_abbrev  0x0000000000003d1a       0x14 src/kernel/boot/boot.o

.debug_loclists
                0x0000000000000000     0x8c16
 .debug_loclists
                0x0000000000000000      0x101 src/kernel/data_structures/char_cb.o
 .debug_loclists
                0x0000000000000101      0x309 src/kernel/data_structures/heap.o
 .debug_loclists
                0x000000000000040a       0xe3 src/kernel/data_structures/int_cb.o
 .debug_loclists
                0x00000000000004ed       0x25 src/kernel/exception.o
 .debug_loclists
                0x0000000000000512      0x379 src/kernel/interrupt.o
 .debug_loclists
                0x000000000000088b     0x164f src/kernel/k2/gameclient.o
 .debug_loclists
                0x0000000000001eda      0xa5d src/kernel/k2/gameserver.o
 .debug_loclists
                0x0000000000002937     0x1014 src/kernel/k_handler.o
 .debug_loclists
                0x000000000000394b      0xae9 src/kernel/peripheral/rpi.o
 .debug_loclists
                0x0000000000004434      0x384 src/kernel/server/clock.o
 .debug_loclists
                0x00000000000047b8      0xcb1 src/kernel/server/io.o
 .debug_loclists
                0x0000000000005469      0x3db src/kernel/server/nameserver.o
 .debug_loclists
                0x0000000000005844       0xd3 src/kernel/server/timer.o
 .debug_loclists
                0x0000000000005917       0xd0 src/kernel/syscall.o
 .debug_loclists
                0x00000000000059e7      0x272 src/kernel/taskframe.o
 .debug_loclists
                0x0000000000005c59      0x37d src/kernel/tasks.o
 .debug_loclists
                0x0000000000005fd6       0x25 src/kernel/util/assert.o
 .debug_loclists
                0x0000000000005ffb      0xaaa src/kernel/util/util.o
 .debug_loclists
                0x0000000000006aa5       0xc0 src/main.o
 .debug_loclists
                0x0000000000006b65      0xd9a src/train/pathfinding.o
 .debug_loclists
                0x00000000000078ff       0x85 src/train/reverse.o
 .debug_loclists
                0x0000000000007984      0x2ea src/train/sensors.o
 .debug_loclists
                0x0000000000007c6e      0x3a7 src/train/switches.o
 .debug_loclists
                0x0000000000008015       0xef src/train/track_data.o
 .debug_loclists
                0x0000000000008104      0x979 src/train/traincontrol.o
 .debug_loclists
                0x0000000000008a7d      0x199 src/train/trainserver.o

.debug_aranges  0x0000000000000000      0x570
 .debug_aranges
                0x0000000000000000       0x30 src/kernel/data_structures/char_cb.o
 .debug_aranges
                0x0000000000000030       0x30 src/kernel/data_structures/heap.o
 .debug_aranges
                0x0000000000000060       0x30 src/kernel/data_structures/int_cb.o
 .debug_aranges
                0x0000000000000090       0x30 src/kernel/exception.o
 .debug_aranges
                0x00000000000000c0       0x30 src/kernel/interrupt.o
 .debug_aranges
                0x00000000000000f0       0x30 src/kernel/k2/gameclient.o
 .debug_aranges
                0x0000000000000120       0x30 src/kernel/k2/gameserver.o
 .debug_aranges
                0x0000000000000150       0x30 src/kernel/k_handler.o
 .debug_aranges
                0x0000000000000180       0x30 src/kernel/peripheral/rpi.o
 .debug_aranges
                0x00000000000001b0       0x30 src/kernel/server/clock.o
 .debug_aranges
                0x00000000000001e0       0x30 src/kernel/server/io.o
 .debug_aranges
                0x0000000000000210       0x30 src/kernel/server/nameserver.o
 .debug_aranges
                0x0000000000000240       0x30 src/kernel/server/timer.o
 .debug_aranges
                0x0000000000000270       0x30 src/kernel/syscall.o
 .debug_aranges
                0x00000000000002a0       0x30 src/kernel/taskframe.o
 .debug_aranges
                0x00000000000002d0       0x30 src/kernel/tasks.o
 .debug_aranges
                0x0000000000000300       0x30 src/kernel/util/assert.o
 .debug_aranges
                0x0000000000000330       0x30 src/kernel/util/util.o
 .debug_aranges
                0x0000000000000360       0x30 src/main.o
 .debug_aranges
                0x0000000000000390       0x30 src/train/pathfinding.o
 .debug_aranges
                0x00000000000003c0       0x30 src/train/reverse.o
 .debug_aranges
                0x00000000000003f0       0x30 src/train/sensors.o
 .debug_aranges
                0x0000000000000420       0x30 src/train/switches.o
 .debug_aranges
                0x0000000000000450       0x30 src/train/track_data.o
 .debug_aranges
                0x0000000000000480       0x30 src/train/traincontrol.o
 .debug_aranges
                0x00000000000004b0       0x30 src/train/trainserver.o
 .debug_aranges
                0x00000000000004e0       0x30 src/kernel/asm/context_switching.o
 .debug_aranges
                0x0000000000000510       0x30 src/kernel/asm/exception_vector.o
 .debug_aranges
                0x0000000000000540       0x30 src/kernel/boot/boot.o

.debug_rnglists
                0x0000000000000000      0xfa1
 .debug_rnglists
                0x0000000000000000       0x2b src/kernel/data_structures/char_cb.o
 .debug_rnglists
                0x000000000000002b       0x68 src/kernel/data_structures/heap.o
 .debug_rnglists
                0x0000000000000093       0x2e src/kernel/data_structures/int_cb.o
 .debug_rnglists
                0x00000000000000c1       0x85 src/kernel/interrupt.o
 .debug_rnglists
                0x0000000000000146      0x3b7 src/kernel/k2/gameclient.o
 .debug_rnglists
                0x00000000000004fd      0x19b src/kernel/k2/gameserver.o
 .debug_rnglists
                0x0000000000000698      0x187 src/kernel/k_handler.o
 .debug_rnglists
                0x000000000000081f       0xc4 src/kernel/peripheral/rpi.o
 .debug_rnglists
                0x00000000000008e3       0x72 src/kernel/server/clock.o
 .debug_rnglists
                0x0000000000000955      0x126 src/kernel/server/io.o
 .debug_rnglists
                0x0000000000000a7b       0x79 src/kernel/server/nameserver.o
 .debug_rnglists
                0x0000000000000af4       0x3b src/kernel/server/timer.o
 .debug_rnglists
                0x0000000000000b2f       0x65 src/kernel/taskframe.o
 .debug_rnglists
                0x0000000000000b94       0x7a src/kernel/tasks.o
 .debug_rnglists
                0x0000000000000c0e       0x63 src/kernel/util/util.o
 .debug_rnglists
                0x0000000000000c71       0x37 src/main.o
 .debug_rnglists
                0x0000000000000ca8      0x17b src/train/pathfinding.o
 .debug_rnglists
                0x0000000000000e23       0x3f src/train/reverse.o
 .debug_rnglists
                0x0000000000000e62       0x77 src/train/sensors.o
 .debug_rnglists
                0x0000000000000ed9       0x55 src/train/switches.o
 .debug_rnglists
                0x0000000000000f2e       0x19 src/train/track_data.o
 .debug_rnglists
                0x0000000000000f47       0x2d src/train/traincontrol.o
 .debug_rnglists
                0x0000000000000f74       0x2d src/train/trainserver.o

.debug_line     0x0000000000000000     0xf4ea
 .debug_line    0x0000000000000000      0x1be src/kernel/data_structures/char_cb.o
 .debug_line    0x00000000000001be      0x355 src/kernel/data_structures/heap.o
 .debug_line    0x0000000000000513      0x1a5 src/kernel/data_structures/int_cb.o
 .debug_line    0x00000000000006b8       0xad src/kernel/exception.o
 .debug_line    0x0000000000000765      0x1f9 src/kernel/interrupt.o
 .debug_line    0x000000000000095e      0xc06 src/kernel/k2/gameclient.o
 .debug_line    0x0000000000001564      0xbc9 src/kernel/k2/gameserver.o
 .debug_line    0x000000000000212d      0xc24 src/kernel/k_handler.o
 .debug_line    0x0000000000002d51      0x680 src/kernel/peripheral/rpi.o
 .debug_line    0x00000000000033d1      0x5ae src/kernel/server/clock.o
 .debug_line    0x000000000000397f     0x1343 src/kernel/server/io.o
 .debug_line    0x0000000000004cc2      0x475 src/kernel/server/nameserver.o
 .debug_line    0x0000000000005137      0x155 src/kernel/server/timer.o
 .debug_line    0x000000000000528c       0xe6 src/kernel/syscall.o
 .debug_line    0x0000000000005372      0x381 src/kernel/taskframe.o
 .debug_line    0x00000000000056f3      0x703 src/kernel/tasks.o
 .debug_line    0x0000000000005df6       0x96 src/kernel/util/assert.o
 .debug_line    0x0000000000005e8c      0x790 src/kernel/util/util.o
 .debug_line    0x000000000000661c      0x2e1 src/main.o
 .debug_line    0x00000000000068fd     0x166e src/train/pathfinding.o
 .debug_line    0x0000000000007f6b      0x127 src/train/reverse.o
 .debug_line    0x0000000000008092      0x2ac src/train/sensors.o
 .debug_line    0x000000000000833e      0x44b src/train/switches.o
 .debug_line    0x0000000000008789     0x62b3 src/train/track_data.o
 .debug_line    0x000000000000ea3c      0x5d5 src/train/traincontrol.o
 .debug_line    0x000000000000f011      0x37d src/train/trainserver.o
 .debug_line    0x000000000000f38e       0x62 src/kernel/asm/context_switching.o
 .debug_line    0x000000000000f3f0       0x89 src/kernel/asm/exception_vector.o
 .debug_line    0x000000000000f479       0x71 src/kernel/boot/boot.o

.debug_str      0x0000000000000000     0x1a4a
 .debug_str     0x0000000000000000      0x15c src/kernel/data_structures/char_cb.o
                                        0x19a (size before relaxing)
 .debug_str     0x000000000000015c       0x87 src/kernel/data_structures/heap.o
                                        0x1b0 (size before relaxing)
 .debug_str     0x00000000000001e3       0x5b src/kernel/data_structures/int_cb.o
                                        0x193 (size before relaxing)
 .debug_str     0x000000000000023e       0x31 src/kernel/exception.o
                                        0x156 (size before relaxing)
 .debug_str     0x000000000000026f       0x69 src/kernel/interrupt.o
                                        0x16c (size before relaxing)
 .debug_str     0x00000000000002d8      0x118 src/kernel/k2/gameclient.o
                                        0x24d (size before relaxing)
 .debug_str     0x00000000000003f0      0x17a src/kernel/k2/gameserver.o
                                        0x35f (size before relaxing)
 .debug_str     0x000000000000056a      0x397 src/kernel/k_handler.o
                                        0x57c (size before relaxing)
 .debug_str     0x0000000000000901      0x438 src/kernel/peripheral/rpi.o
                                        0x631 (size before relaxing)
 .debug_str     0x0000000000000d39      0x10b src/kernel/server/clock.o
                                        0x306 (size before relaxing)
 .debug_str     0x0000000000000e44      0x1ea src/kernel/server/io.o
                                        0x51b (size before relaxing)
 .debug_str     0x000000000000102e       0x7b src/kernel/server/nameserver.o
                                        0x1f9 (size before relaxing)
 .debug_str     0x00000000000010a9       0x9c src/kernel/server/timer.o
                                        0x1e8 (size before relaxing)
 .debug_str     0x0000000000001145       0x53 src/kernel/syscall.o
                                        0x1d6 (size before relaxing)
 .debug_str     0x0000000000001198       0x62 src/kernel/taskframe.o
                                        0x310 (size before relaxing)
 .debug_str     0x00000000000011fa      0x196 src/kernel/tasks.o
                                        0x486 (size before relaxing)
 .debug_str     0x0000000000001390      0x122 src/kernel/util/assert.o
 .debug_str     0x0000000000001390       0x61 src/kernel/util/util.o
                                        0x172 (size before relaxing)
 .debug_str     0x00000000000013f1       0x9f src/main.o
                                        0x48f (size before relaxing)
 .debug_str     0x0000000000001490      0x2f6 src/train/pathfinding.o
                                        0x553 (size before relaxing)
 .debug_str     0x0000000000001786       0x34 src/train/reverse.o
                                        0x1a9 (size before relaxing)
 .debug_str     0x00000000000017ba       0xa2 src/train/sensors.o
                                        0x376 (size before relaxing)
 .debug_str     0x000000000000185c       0x52 src/train/switches.o
                                        0x291 (size before relaxing)
 .debug_str     0x00000000000018ae        0xc src/train/track_data.o
                                        0x1a9 (size before relaxing)
 .debug_str     0x00000000000018ba       0x9f src/train/traincontrol.o
                                        0x352 (size before relaxing)
 .debug_str     0x0000000000001959       0x6f src/train/trainserver.o
                                        0x38a (size before relaxing)
 .debug_str     0x00000000000019c8       0x49 src/kernel/asm/context_switching.o
 .debug_str     0x0000000000001a11       0x22 src/kernel/asm/exception_vector.o
                                         0x48 (size before relaxing)
 .debug_str     0x0000000000001a33       0x17 src/kernel/boot/boot.o
                                         0x3d (size before relaxing)

.debug_line_str
                0x0000000000000000      0x4cf
 .debug_line_str
                0x0000000000000000       0xa9 src/kernel/data_structures/char_cb.o
                                         0xdd (size before relaxing)
 .debug_line_str
                0x00000000000000a9       0x2f src/kernel/data_structures/heap.o
                                         0xd7 (size before relaxing)
 .debug_line_str
                0x00000000000000d8       0x2d src/kernel/data_structures/int_cb.o
                                         0xd9 (size before relaxing)
 .debug_line_str
                0x0000000000000105       0x2f src/kernel/exception.o
                                         0xcc (size before relaxing)
 .debug_line_str
                0x0000000000000134       0x20 src/kernel/interrupt.o
                                         0xc6 (size before relaxing)
 .debug_line_str
                0x0000000000000154       0x4d src/kernel/k2/gameclient.o
                                         0xec (size before relaxing)
 .debug_line_str
                0x00000000000001a1       0x2d src/kernel/k2/gameserver.o
                                         0xfe (size before relaxing)
 .debug_line_str
                0x00000000000001ce       0x37 src/kernel/k_handler.o
                                        0x10d (size before relaxing)
 .debug_line_str
                0x0000000000000205       0x47 src/kernel/peripheral/rpi.o
                                         0xf1 (size before relaxing)
 .debug_line_str
                0x000000000000024c       0x34 src/kernel/server/clock.o
                                         0xfb (size before relaxing)
 .debug_line_str
                0x0000000000000280       0x1c src/kernel/server/io.o
                                        0x117 (size before relaxing)
 .debug_line_str
                0x000000000000029c       0x1f src/kernel/server/nameserver.o
                                         0xee (size before relaxing)
 .debug_line_str
                0x00000000000002bb       0x1a src/kernel/server/timer.o
                                         0xb7 (size before relaxing)
 .debug_line_str
                0x00000000000002d5       0x15 src/kernel/syscall.o
                                         0x64 (size before relaxing)
 .debug_line_str
                0x00000000000002ea       0x17 src/kernel/taskframe.o
                                         0xdb (size before relaxing)
 .debug_line_str
                0x0000000000000301       0x72 src/kernel/tasks.o
                                        0x16a (size before relaxing)
 .debug_line_str
                0x0000000000000373       0x29 src/kernel/util/assert.o
                                         0xc0 (size before relaxing)
 .debug_line_str
                0x000000000000039c       0x17 src/kernel/util/util.o
                                         0xac (size before relaxing)
 .debug_line_str
                0x00000000000003b3       0x1b src/main.o
                                        0x109 (size before relaxing)
 .debug_line_str
                0x00000000000003ce       0x2f src/train/pathfinding.o
                                        0x129 (size before relaxing)
 .debug_line_str
                0x00000000000003fd       0x14 src/train/reverse.o
                                         0xc6 (size before relaxing)
 .debug_line_str
                0x0000000000000411       0x14 src/train/sensors.o
                                         0xf3 (size before relaxing)
 .debug_line_str
                0x0000000000000425       0x15 src/train/switches.o
                                         0xe7 (size before relaxing)
 .debug_line_str
                0x000000000000043a       0x17 src/train/track_data.o
                                         0x80 (size before relaxing)
 .debug_line_str
                0x0000000000000451       0x19 src/train/traincontrol.o
                                         0xde (size before relaxing)
 .debug_line_str
                0x000000000000046a       0x18 src/train/trainserver.o
                                        0x112 (size before relaxing)
 .debug_line_str
                0x0000000000000482       0x23 src/kernel/asm/context_switching.o
                                         0x3b (size before relaxing)
 .debug_line_str
                0x00000000000004a5       0x13 src/kernel/asm/exception_vector.o
                                         0x3a (size before relaxing)
 .debug_line_str
                0x00000000000004b8       0x17 src/kernel/boot/boot.o
                                         0x2f (size before relaxing)

.comment        0x0000000000000000       0x45
 .comment       0x0000000000000000       0x45 src/kernel/data_structures/char_cb.o
                                         0x46 (size before relaxing)
 .comment       0x0000000000000045       0x46 src/kernel/data_structures/heap.o
 .comment       0x0000000000000045       0x46 src/kernel/data_structures/int_cb.o
 .comment       0x0000000000000045       0x46 src/kernel/exception.o
 .comment       0x0000000000000045       0x46 src/kernel/interrupt.o
 .comment       0x0000000000000045       0x46 src/kernel/k2/gameclient.o
 .comment       0x0000000000000045       0x46 src/kernel/k2/gameserver.o
 .comment       0x0000000000000045       0x46 src/kernel/k_handler.o
 .comment       0x0000000000000045       0x46 src/kernel/peripheral/rpi.o
 .comment       0x0000000000000045       0x46 src/kernel/server/clock.o
 .comment       0x0000000000000045       0x46 src/kernel/server/io.o
 .comment       0x0000000000000045       0x46 src/kernel/server/nameserver.o
 .comment       0x0000000000000045       0x46 src/kernel/server/timer.o
 .comment       0x0000000000000045       0x46 src/kernel/syscall.o
 .comment       0x0000000000000045       0x46 src/kernel/taskframe.o
 .comment       0x0000000000000045       0x46 src/kernel/tasks.o
 .comment       0x0000000000000045       0x46 src/kernel/util/assert.o
 .comment       0x0000000000000045       0x46 src/kernel/util/util.o
 .comment       0x0000000000000045       0x46 src/main.o
 .comment       0x0000000000000045       0x46 src/train/pathfinding.o
 .comment       0x0000000000000045       0x46 src/train/reverse.o
 .comment       0x0000000000000045       0x46 src/train/sensors.o
 .comment       0x0000000000000045       0x46 src/train/switches.o
 .comment       0x0000000000000045       0x46 src/train/track_data.o
 .comment       0x0000000000000045       0x46 src/train/traincontrol.o
 .comment       0x0000000000000045       0x46 src/train/trainserver.o

.debug_frame    0x0000000000000000     0x2268
 .debug_frame   0x0000000000000000       0xa0 src/kernel/data_structures/char_cb.o
 .debug_frame   0x00000000000000a0      0x148 src/kernel/data_structures/heap.o
 .debug_frame   0x00000000000001e8       0xa0 src/kernel/data_structures/int_cb.o
 .debug_frame   0x0000000000000288       0x48 src/kernel/exception.o
 .debug_frame   0x00000000000002d0       0xa0 src/kernel/interrupt.o
 .debug_frame   0x0000000000000370      0x460 src/kernel/k2/gameclient.o
 .debug_frame   0x00000000000007d0      0x130 src/kernel/k2/gameserver.o
 .debug_frame   0x0000000000000900      0x328 src/kernel/k_handler.o
 .debug_frame   0x0000000000000c28      0x348 src/kernel/peripheral/rpi.o
 .debug_frame   0x0000000000000f70      0x170 src/kernel/server/clock.o
 .debug_frame   0x00000000000010e0      0x280 src/kernel/server/io.o
 .debug_frame   0x0000000000001360       0xf0 src/kernel/server/nameserver.o
 .debug_frame   0x0000000000001450       0xd0 src/kernel/server/timer.o
 .debug_frame   0x0000000000001520      0x118 src/kernel/syscall.o
 .debug_frame   0x0000000000001638      0x138 src/kernel/taskframe.o
 .debug_frame   0x0000000000001770      0x218 src/kernel/tasks.o
 .debug_frame   0x0000000000001988       0x30 src/kernel/util/assert.o
 .debug_frame   0x00000000000019b8      0x148 src/kernel/util/util.o
 .debug_frame   0x0000000000001b00       0x98 src/main.o
 .debug_frame   0x0000000000001b98      0x1c8 src/train/pathfinding.o
 .debug_frame   0x0000000000001d60       0x48 src/train/reverse.o
 .debug_frame   0x0000000000001da8       0x48 src/train/sensors.o
 .debug_frame   0x0000000000001df0      0x118 src/train/switches.o
 .debug_frame   0x0000000000001f08       0xb0 src/train/track_data.o
 .debug_frame   0x0000000000001fb8      0x228 src/train/traincontrol.o
 .debug_frame   0x00000000000021e0       0x88 src/train/trainserver.o
