
Memory Configuration

Name             Origin             Length             Attributes
*default*        0x0000000000000000 0xffffffffffffffff

Linker script and memory map

LOAD src/kernel/data_structures/char_cb.o
LOAD src/kernel/data_structures/heap.o
LOAD src/kernel/data_structures/int_cb.o
LOAD src/kernel/exception.o
LOAD src/kernel/interrupt.o
LOAD src/kernel/k2/gameclient.o
LOAD src/kernel/k2/gameserver.o
LOAD src/kernel/k_handler.o
LOAD src/kernel/peripheral/rpi.o
LOAD src/kernel/server/clock.o
LOAD src/kernel/server/io.o
LOAD src/kernel/server/nameserver.o
LOAD src/kernel/server/timer.o
LOAD src/kernel/syscall.o
LOAD src/kernel/taskframe.o
LOAD src/kernel/tasks.o
LOAD src/kernel/util/assert.o
LOAD src/kernel/util/util.o
LOAD src/main.o
LOAD src/train/delaystop.o
LOAD src/train/pathfinding.o
LOAD src/train/reverse.o
LOAD src/train/sensors.o
LOAD src/train/switches.o
LOAD src/train/track_data.o
LOAD src/train/trainconstants.o
LOAD src/train/traincontrol.o
LOAD src/train/trainserver.o
LOAD src/kernel/asm/context_switching.o
LOAD src/kernel/asm/exception_vector.o
LOAD src/kernel/boot/boot.o

.stack          0x0000000000000000    0x7fff0
 *(.stack)
 .stack         0x0000000000000000    0x7fff0 src/kernel/boot/boot.o
                0x0000000000080000                . = 0x80000

.text.boot      0x0000000000080000       0xa8
 *(.text.boot)
 .text.boot     0x0000000000080000       0xa8 src/kernel/boot/boot.o
                0x0000000000080000                start

.text.evt       0x0000000000080800      0x7fc
 *(.text.evt)
 .text.evt      0x0000000000080800      0x7fc src/kernel/asm/exception_vector.o
                0x0000000000080800                exception_vector

.text           0x0000000000081000    0x10bd8
 *(.text*)
 .text          0x0000000000081000      0x10c src/kernel/data_structures/char_cb.o
                0x0000000000081000                initialize_charcb
                0x0000000000081020                increment_charcb
                0x0000000000081030                push_charcb
                0x00000000000810a0                is_empty_charcb
                0x00000000000810b0                peek_charcb
                0x00000000000810d0                pop_charcb
 *fill*         0x000000000008110c        0x4 
 .text          0x0000000000081110      0x300 src/kernel/data_structures/heap.o
                0x0000000000081110                heap_init
                0x0000000000081120                swap
                0x0000000000081140                sift_up
                0x00000000000811c0                heap_push
                0x0000000000081280                sift_down
                0x00000000000813a0                heap_peek
                0x00000000000813c0                heap_pop
 .text          0x0000000000081410       0xfc src/kernel/data_structures/int_cb.o
                0x0000000000081410                initialize_intcb
                0x0000000000081430                increment_intcb
                0x0000000000081440                decrement_intcb
                0x0000000000081460                push_intcb
                0x00000000000814c0                is_empty_intcb
                0x00000000000814d0                pop_intcb
 *fill*         0x000000000008150c        0x4 
 .text          0x0000000000081510       0x30 src/kernel/exception.o
                0x0000000000081510                init_exception_vector
                0x0000000000081520                invalid_exception
 .text          0x0000000000081540      0x19c src/kernel/interrupt.o
                0x0000000000081540                route_irq
                0x00000000000815d0                enable_irq
                0x0000000000081610                disable_irq
                0x0000000000081650                enable_irqs
                0x00000000000816b0                disable_irqs
 *fill*         0x00000000000816dc        0x4 
 .text          0x00000000000816e0     0x12ac src/kernel/k2/gameclient.o
                0x00000000000816e0                scissor_quit
                0x00000000000818d0                paper_quit
                0x0000000000081ac0                rock_quit
                0x0000000000081cc0                spr_quit
                0x0000000000081ee0                rps_quit
                0x0000000000082100                paper_move_quit
                0x0000000000082370                rps_move_quit
                0x0000000000082610                lookup_gameserver
                0x0000000000082670                signup
                0x0000000000082700                move
                0x00000000000827e0                quit
                0x0000000000082890                test1
                0x00000000000828f0                test2
                0x0000000000082940                test3
 *fill*         0x000000000008298c        0x4 
 .text          0x0000000000082990      0xcf8 src/kernel/k2/gameserver.o
                0x0000000000082990                gameserver_signup
                0x0000000000082a20                gameserver_play
                0x0000000000082ac0                gameserver_quit
                0x0000000000082b40                winner
                0x0000000000082b90                set_response
                0x0000000000082c00                gameserver
 *fill*         0x0000000000083688        0x8 
 .text          0x0000000000083690      0xb20 src/kernel/k_handler.o
                0x0000000000083690                task_init
                0x00000000000836b0                copy_msg
                0x00000000000836f0                reschedule_task_with_return
                0x0000000000083730                handle_create
                0x0000000000083850                handle_exit
                0x00000000000838a0                handle_my_tid
                0x00000000000838e0                handle_parent_tid
                0x0000000000083920                handle_yield
                0x0000000000083960                handle_send
                0x0000000000083b30                handle_receive
                0x0000000000083cb0                handle_reply
                0x0000000000083e50                handle_await_event
                0x0000000000083f90                handle_irq
 .text          0x00000000000841b0      0x850 src/kernel/peripheral/rpi.o
                0x0000000000084490                gpio_init
                0x00000000000844f0                uart_config_and_enable
                0x0000000000084560                uart_get_interrupt_lines
                0x0000000000084570                uart_irq_id
                0x0000000000084590                uart_ifls
                0x00000000000845b0                uart_mis
                0x00000000000845d0                uart_mis_tx
                0x00000000000845f0                uart_mis_rx
                0x0000000000084610                uart_mis_cts
                0x0000000000084630                uart_cts
                0x0000000000084650                uart_enable_tx
                0x0000000000084670                uart_enable_rx
                0x0000000000084690                uart_enable_cts
                0x00000000000846b0                uart_disable_tx
                0x00000000000846d0                uart_disable_rx
                0x00000000000846f0                uart_disable_cts
                0x0000000000084710                uart_clear_tx
                0x0000000000084730                uart_clear_rx
                0x0000000000084750                uart_clear_cts
                0x0000000000084770                uart_can_read
                0x0000000000084790                uart_can_write
                0x00000000000847b0                uart_readc
                0x00000000000847e0                uart_writec
                0x0000000000084810                uart_getc
                0x0000000000084830                uart_putc
                0x0000000000084850                uart_putl
                0x0000000000084890                uart_puts
                0x00000000000848c0                uart_printf
                0x0000000000084940                uart_dprintf
 .text          0x0000000000084a00      0x510 src/kernel/server/clock.o
                0x0000000000084a00                delayed_task_cmp
                0x0000000000084a20                dts_init
                0x0000000000084a80                getNextFreeDelayedTask
                0x0000000000084aa0                reclaimDelayedTask
                0x0000000000084ab0                Time
                0x0000000000084b10                Delay
                0x0000000000084bb0                DelayUntil
                0x0000000000084c50                clock_notifier
                0x0000000000084cc0                clock
 .text          0x0000000000084f10     0x12c0 src/kernel/server/io.o
                0x0000000000084f10                console_out_notifier
                0x0000000000084fe0                console_in_notifier
                0x00000000000850c0                console_out
                0x0000000000085250                console_in
                0x0000000000085450                marklin_out_tx_notifier
                0x0000000000085510                marklin_out_cts_notifier
                0x0000000000085580                marklin_in_notifier
                0x0000000000085640                marklin_io
                0x0000000000085980                Getc
                0x00000000000859c0                Putc
                0x0000000000085a00                Puts
                0x0000000000085b50                Puts_len
                0x0000000000085ca0                printf
 .text          0x00000000000861d0      0x460 src/kernel/server/nameserver.o
                0x00000000000861d0                RegisterAs
                0x00000000000862a0                WhoIs
                0x00000000000863b0                set_name
                0x0000000000086410                get_name
                0x0000000000086420                nameserver
 .text          0x0000000000086630      0x138 src/kernel/server/timer.o
                0x0000000000086630                st_lo
                0x0000000000086640                sys_time
                0x0000000000086650                sys_time_ms
                0x0000000000086670                sys_time_tenth_seconds
                0x0000000000086690                parse_st
                0x0000000000086700                timer_init
                0x0000000000086730                update_c1
                0x0000000000086750                update_status_reg
 *fill*         0x0000000000086768        0x8 
 .text          0x0000000000086770      0x168 src/kernel/syscall.o
                0x0000000000086770                Create
                0x00000000000867a0                Create_sp_size
                0x00000000000867d0                MyTid
                0x00000000000867e0                MyParentTid
                0x00000000000867f0                Yield
                0x0000000000086800                Exit
                0x0000000000086810                Send
                0x0000000000086850                Receive
                0x0000000000086880                Reply
                0x00000000000868b0                AwaitEvent
                0x00000000000868d0                Quit
 *fill*         0x00000000000868d8        0x8 
 .text          0x00000000000868e0      0x380 src/kernel/taskframe.o
                0x00000000000868e0                tasks_init
                0x0000000000086ab0                task_cmp
                0x0000000000086af0                getNextFreeTaskFrame
                0x0000000000086b20                reclaimTaskFrame
                0x0000000000086b40                sds_init
                0x0000000000086ba0                getNextFreeSendData
                0x0000000000086bc0                reclaimSendData
                0x0000000000086bd0                rds_init
                0x0000000000086c30                getNextFreeReceiveData
                0x0000000000086c50                reclaimReceiveData
 .text          0x0000000000086c60      0xb20 src/kernel/tasks.o
                0x0000000000086c60                k2test
                0x0000000000086d60                time_user
                0x0000000000086e10                idle_task
                0x0000000000086f10                user_input
                0x0000000000087180                k4
                0x0000000000087320                console_time
                0x00000000000874d0                k2
                0x0000000000087530                k3
                0x0000000000087640                i2str
                0x00000000000876a0                rootTask
 .text          0x0000000000087780       0x18 src/kernel/util/assert.o
                0x0000000000087780                assert
 *fill*         0x0000000000087798        0x8 
 .text          0x00000000000877a0      0x778 src/kernel/util/util.o
                0x00000000000877a0                a2d
                0x00000000000877f0                ui2a
                0x00000000000878b0                ui2a_no0
                0x0000000000087960                i2a
                0x0000000000087a30                i2a_no0
                0x0000000000087af0                memset
                0x0000000000087c10                memcpy
                0x0000000000087d20                str_cpy
                0x0000000000087d50                str_cpy_w0
                0x0000000000087d70                str_len
                0x0000000000087da0                str_equal
                0x0000000000087df0                isInt
                0x0000000000087e10                getArgumentTwoDigitNumber
                0x0000000000087e80                getArgumentThreeDigitNumber
 *fill*         0x0000000000087f18        0x8 
 .text          0x0000000000087f20      0x310 src/main.o
                0x0000000000087f20                kernel_frame_init
                0x0000000000087f30                run_task
                0x0000000000087f60                kmain
 .text          0x0000000000088230       0xbc src/train/delaystop.o
                0x0000000000088230                stop
                0x0000000000088260                delay_stop
 *fill*         0x00000000000882ec        0x4 
 .text          0x00000000000882f0     0x178c src/train/pathfinding.o
                0x00000000000882f0                heap_node_cmp
                0x0000000000088b10                hns_init
                0x0000000000088b90                getNextFreeHeapNode
                0x0000000000088bb0                reclaimHeapNode
                0x0000000000088bd0                dijkstra
                0x0000000000089410                get_start_sensor
                0x0000000000089580                pathfind
                0x00000000000895e0                path_finding
 *fill*         0x0000000000089a7c        0x4 
 .text          0x0000000000089a80      0x14c src/train/reverse.o
                0x0000000000089a80                reverse
 *fill*         0x0000000000089bcc        0x4 
 .text          0x0000000000089bd0      0x2c0 src/train/sensors.o
                0x0000000000089bd0                sensor_update
 .text          0x0000000000089e90      0x71c src/train/switches.o
                0x0000000000089e90                change_switches_cmd
                0x0000000000089ec0                get_switches_setup
                0x0000000000089f00                reset_switches
                0x0000000000089f40                sw
                0x000000000008a090                switches_setup
                0x000000000008a270                update_pathfind
                0x000000000008a320                switches_server
 *fill*         0x000000000008a5ac        0x4 
 .text          0x000000000008a5b0     0x563c src/train/track_data.o
                0x000000000008a5b0                init_tracka
                0x000000000008d1c0                init_trackb
 *fill*         0x000000000008fbec        0x4 
 .text          0x000000000008fbf0      0x1e0 src/train/trainconstants.o
                0x000000000008fbf0                train_terminal_speed
                0x000000000008fc50                train2_terminal_speed
                0x000000000008fc70                train47_terminal_speed
                0x000000000008fca0                train_stopping_acceleration
                0x000000000008fd00                train2_stopping_acceleration
                0x000000000008fd30                train47_stopping_acceleration
                0x000000000008fd60                sensor_distance_between
 .text          0x000000000008fdd0      0xc98 src/train/traincontrol.o
                0x000000000008fdd0                get_sensor_num
                0x000000000008fe30                is_valid_speed
                0x000000000008fe50                execute_tr
                0x000000000008ff70                execute_rv
                0x0000000000090030                execute_sw
                0x0000000000090150                execute_pf
                0x0000000000090330                execute_nav
                0x0000000000090480                execute_go
                0x0000000000090660                execute_track
                0x0000000000090710                execute_switch_reset
                0x00000000000907a0                executeFunction
 *fill*         0x0000000000090a68        0x8 
 .text          0x0000000000090a70      0xde8 src/train/trainserver.o
                0x0000000000090a70                tr
                0x0000000000090ac0                loc_err_handling
                0x0000000000090af0                calculate_new_current_speed
                0x0000000000090bc0                print_estimation
                0x0000000000090c90                print_sensor
                0x0000000000090cf0                print_sensor_and_prediction
                0x0000000000090d70                trainserver
 .text          0x0000000000091858      0x380 src/kernel/asm/context_switching.o
                0x0000000000091858                context_switch_to_task
                0x000000000009197c                return_to_kernel_syscall
                0x0000000000091aa0                return_to_kernel_irq
 .text          0x0000000000091bd8        0x0 src/kernel/asm/exception_vector.o
 .text          0x0000000000091bd8        0x0 src/kernel/boot/boot.o

.iplt           0x0000000000091bd8        0x0
 .iplt          0x0000000000091bd8        0x0 src/kernel/data_structures/heap.o

.rodata.str1.8  0x0000000000091bd8     0x1db4
 .rodata.str1.8
                0x0000000000091bd8       0x13 src/kernel/data_structures/heap.o
 *fill*         0x0000000000091beb        0x5 
 .rodata.str1.8
                0x0000000000091bf0       0x15 src/kernel/exception.o
 *fill*         0x0000000000091c05        0x3 
 .rodata.str1.8
                0x0000000000091c08       0x22 src/kernel/interrupt.o
 *fill*         0x0000000000091c2a        0x6 
 .rodata.str1.8
                0x0000000000091c30      0x246 src/kernel/k2/gameclient.o
 *fill*         0x0000000000091e76        0x2 
 .rodata.str1.8
                0x0000000000091e78      0x287 src/kernel/k2/gameserver.o
                                        0x28f (size before relaxing)
 *fill*         0x00000000000920ff        0x1 
 .rodata.str1.8
                0x0000000000092100      0x315 src/kernel/k_handler.o
 *fill*         0x0000000000092415        0x3 
 .rodata.str1.8
                0x0000000000092418      0x150 src/kernel/server/clock.o
 .rodata.str1.8
                0x0000000000092568       0xd0 src/kernel/server/io.o
 .rodata.str1.8
                0x0000000000092638      0x16f src/kernel/server/nameserver.o
 *fill*         0x00000000000927a7        0x1 
 .rodata.str1.8
                0x00000000000927a8      0x261 src/kernel/tasks.o
 *fill*         0x0000000000092a09        0x7 
 .rodata.str1.8
                0x0000000000092a10      0x2a7 src/train/pathfinding.o
 *fill*         0x0000000000092cb7        0x1 
 .rodata.str1.8
                0x0000000000092cb8       0x2f src/train/reverse.o
 *fill*         0x0000000000092ce7        0x1 
 .rodata.str1.8
                0x0000000000092ce8       0xd1 src/train/sensors.o
 *fill*         0x0000000000092db9        0x7 
 .rodata.str1.8
                0x0000000000092dc0       0x7b src/train/switches.o
 *fill*         0x0000000000092e3b        0x5 
 .rodata.str1.8
                0x0000000000092e40      0x47d src/train/track_data.o
 *fill*         0x00000000000932bd        0x3 
 .rodata.str1.8
                0x00000000000932c0      0x291 src/train/traincontrol.o
                                        0x2a1 (size before relaxing)
 *fill*         0x0000000000093551        0x7 
 .rodata.str1.8
                0x0000000000093558      0x434 src/train/trainserver.o

.rodata         0x0000000000093990      0x3f3
 .rodata        0x0000000000093990       0x10 src/kernel/k2/gameserver.o
 .rodata        0x00000000000939a0       0x18 src/kernel/peripheral/rpi.o
 .rodata        0x00000000000939b8       0x17 src/kernel/server/clock.o
 *fill*         0x00000000000939cf        0x1 
 .rodata        0x00000000000939d0       0x7e src/kernel/server/io.o
 *fill*         0x0000000000093a4e        0x2 
 .rodata        0x0000000000093a50       0x2d src/kernel/tasks.o
 *fill*         0x0000000000093a7d        0x3 
 .rodata        0x0000000000093a80       0x1d src/train/delaystop.o
 *fill*         0x0000000000093a9d        0x3 
 .rodata        0x0000000000093aa0       0x25 src/train/pathfinding.o
 *fill*         0x0000000000093ac5        0x3 
 .rodata        0x0000000000093ac8       0x26 src/train/reverse.o
 *fill*         0x0000000000093aee        0x2 
 .rodata        0x0000000000093af0       0x2d src/train/sensors.o
 *fill*         0x0000000000093b1d        0x3 
 .rodata        0x0000000000093b20       0x82 src/train/switches.o
 *fill*         0x0000000000093ba2        0x6 
 .rodata        0x0000000000093ba8       0xfc src/train/trainconstants.o
 *fill*         0x0000000000093ca4        0x4 
 .rodata        0x0000000000093ca8       0x71 src/train/traincontrol.o
 *fill*         0x0000000000093d19        0x7 
 .rodata        0x0000000000093d20       0x63 src/train/trainserver.o

.rela.dyn       0x0000000000093d88        0x0
 .rela.iplt     0x0000000000093d88        0x0 src/kernel/data_structures/heap.o
 .rela.text     0x0000000000093d88        0x0 src/kernel/data_structures/heap.o
 .rela.text.boot
                0x0000000000093d88        0x0 src/kernel/data_structures/heap.o
                0x0000000000093d90                . = ALIGN (0x10)

.data           0x0000000000093d90     0xc898
 *(.data)
 .data          0x0000000000093d90        0x0 src/kernel/data_structures/char_cb.o
 .data          0x0000000000093d90        0x0 src/kernel/data_structures/heap.o
 .data          0x0000000000093d90        0x0 src/kernel/data_structures/int_cb.o
 .data          0x0000000000093d90        0x0 src/kernel/exception.o
 .data          0x0000000000093d90        0x0 src/kernel/interrupt.o
 .data          0x0000000000093d90        0x0 src/kernel/k2/gameclient.o
 .data          0x0000000000093d90       0x94 src/kernel/k2/gameserver.o
                0x0000000000093d90                gameserver_name
                0x0000000000093da0                move_str
                0x0000000000093db8                result_str
                0x0000000000093dd8                quit_str
                0x0000000000093de8                tie_str
                0x0000000000093df0                lose_str
                0x0000000000093df8                win_str
                0x0000000000093e00                scissor_str
                0x0000000000093e08                paper_str
                0x0000000000093e10                rock_str
                0x0000000000093e18                moves
 .data          0x0000000000093e24        0x0 src/kernel/k_handler.o
 .data          0x0000000000093e24        0x0 src/kernel/peripheral/rpi.o
 .data          0x0000000000093e24        0x0 src/kernel/server/clock.o
 .data          0x0000000000093e24        0x0 src/kernel/server/io.o
 .data          0x0000000000093e24        0x0 src/kernel/server/nameserver.o
 .data          0x0000000000093e24        0x0 src/kernel/server/timer.o
 .data          0x0000000000093e24        0x0 src/kernel/syscall.o
 .data          0x0000000000093e24        0x0 src/kernel/taskframe.o
 .data          0x0000000000093e24        0x0 src/kernel/tasks.o
 .data          0x0000000000093e24        0x0 src/kernel/util/assert.o
 .data          0x0000000000093e24        0x0 src/kernel/util/util.o
 .data          0x0000000000093e24        0x0 src/main.o
 .data          0x0000000000093e24        0x0 src/train/delaystop.o
 .data          0x0000000000093e24        0x0 src/train/pathfinding.o
 .data          0x0000000000093e24        0x0 src/train/reverse.o
 .data          0x0000000000093e24        0x0 src/train/sensors.o
 .data          0x0000000000093e24        0x0 src/train/switches.o
 .data          0x0000000000093e24        0x0 src/train/track_data.o
 *fill*         0x0000000000093e24        0x4 
 .data          0x0000000000093e28     0xc800 src/train/trainconstants.o
                0x0000000000093e28                pcp_dists_b
                0x000000000009a228                pcp_dists_a
 .data          0x00000000000a0628        0x0 src/train/traincontrol.o
 .data          0x00000000000a0628        0x0 src/train/trainserver.o
 .data          0x00000000000a0628        0x0 src/kernel/asm/context_switching.o
 .data          0x00000000000a0628        0x0 src/kernel/asm/exception_vector.o
 .data          0x00000000000a0628        0x0 src/kernel/boot/boot.o

.igot.plt       0x00000000000a0628        0x0
 .igot.plt      0x00000000000a0628        0x0 src/kernel/data_structures/heap.o
                0x00000000000a0630                . = ALIGN (0x10)
                0x00000000000a0630                bss_begin = .

.bss            0x00000000000a0630       0x20
 *(.bss)
 .bss           0x00000000000a0630        0x0 src/kernel/data_structures/char_cb.o
 .bss           0x00000000000a0630        0x0 src/kernel/data_structures/heap.o
 .bss           0x00000000000a0630        0x0 src/kernel/data_structures/int_cb.o
 .bss           0x00000000000a0630        0x0 src/kernel/exception.o
 .bss           0x00000000000a0630        0x0 src/kernel/interrupt.o
 .bss           0x00000000000a0630        0x0 src/kernel/k2/gameclient.o
 .bss           0x00000000000a0630        0x0 src/kernel/k2/gameserver.o
 .bss           0x00000000000a0630        0x0 src/kernel/k_handler.o
 .bss           0x00000000000a0630        0x0 src/kernel/peripheral/rpi.o
 .bss           0x00000000000a0630        0x0 src/kernel/server/clock.o
 .bss           0x00000000000a0630        0x0 src/kernel/server/io.o
 .bss           0x00000000000a0630        0x0 src/kernel/server/nameserver.o
 .bss           0x00000000000a0630        0x0 src/kernel/server/timer.o
 .bss           0x00000000000a0630        0x0 src/kernel/syscall.o
 .bss           0x00000000000a0630        0x0 src/kernel/taskframe.o
 .bss           0x00000000000a0630        0x0 src/kernel/tasks.o
 .bss           0x00000000000a0630        0x0 src/kernel/util/assert.o
 .bss           0x00000000000a0630        0x0 src/kernel/util/util.o
 .bss           0x00000000000a0630       0x20 src/main.o
                0x00000000000a0630                p_program_start
                0x00000000000a0638                p_idle_task_total
                0x00000000000a0640                kf
                0x00000000000a0648                currentTaskFrame
 .bss           0x00000000000a0650        0x0 src/train/delaystop.o
 .bss           0x00000000000a0650        0x0 src/train/pathfinding.o
 .bss           0x00000000000a0650        0x0 src/train/reverse.o
 .bss           0x00000000000a0650        0x0 src/train/sensors.o
 .bss           0x00000000000a0650        0x0 src/train/switches.o
 .bss           0x00000000000a0650        0x0 src/train/track_data.o
 .bss           0x00000000000a0650        0x0 src/train/trainconstants.o
 .bss           0x00000000000a0650        0x0 src/train/traincontrol.o
 .bss           0x00000000000a0650        0x0 src/train/trainserver.o
 .bss           0x00000000000a0650        0x0 src/kernel/asm/context_switching.o
 .bss           0x00000000000a0650        0x0 src/kernel/asm/exception_vector.o
 .bss           0x00000000000a0650        0x0 src/kernel/boot/boot.o
                0x00000000000a0650                bss_end = .
                0x00000000000a0660                . = (. + 0x10)
                0x00000000000a0660                user_stack_start = .
LOAD /u3/cs452/public/xdev/bin/../lib/gcc/aarch64-none-elf/12.3.1/libgcc.a
LOAD /u3/cs452/public/xdev/bin/../lib/gcc/aarch64-none-elf/12.3.1/../../../../aarch64-none-elf/lib/libg.a
LOAD /u3/cs452/public/xdev/bin/../lib/gcc/aarch64-none-elf/12.3.1/../../../../aarch64-none-elf/lib/libc.a
LOAD /u3/cs452/public/xdev/bin/../lib/gcc/aarch64-none-elf/12.3.1/libgcc.a
OUTPUT(iotest.elf elf64-littleaarch64)
LOAD linker stubs

.debug_info     0x0000000000000000    0x1747a
 .debug_info    0x0000000000000000      0x3cd src/kernel/data_structures/char_cb.o
 .debug_info    0x00000000000003cd      0x558 src/kernel/data_structures/heap.o
 .debug_info    0x0000000000000925      0x3a6 src/kernel/data_structures/int_cb.o
 .debug_info    0x0000000000000ccb      0x126 src/kernel/exception.o
 .debug_info    0x0000000000000df1      0x535 src/kernel/interrupt.o
 .debug_info    0x0000000000001326     0x2d7d src/kernel/k2/gameclient.o
 .debug_info    0x00000000000040a3     0x1dfe src/kernel/k2/gameserver.o
 .debug_info    0x0000000000005ea1     0x1c3d src/kernel/k_handler.o
 .debug_info    0x0000000000007ade     0x1279 src/kernel/peripheral/rpi.o
 .debug_info    0x0000000000008d57      0xc61 src/kernel/server/clock.o
 .debug_info    0x00000000000099b8     0x2255 src/kernel/server/io.o
 .debug_info    0x000000000000bc0d      0xab2 src/kernel/server/nameserver.o
 .debug_info    0x000000000000c6bf      0x31d src/kernel/server/timer.o
 .debug_info    0x000000000000c9dc      0x37b src/kernel/syscall.o
 .debug_info    0x000000000000cd57      0x739 src/kernel/taskframe.o
 .debug_info    0x000000000000d490     0x16a3 src/kernel/tasks.o
 .debug_info    0x000000000000eb33       0xfc src/kernel/util/assert.o
 .debug_info    0x000000000000ec2f      0x8e2 src/kernel/util/util.o
 .debug_info    0x000000000000f511      0xc3f src/main.o
 .debug_info    0x0000000000010150      0x390 src/train/delaystop.o
 .debug_info    0x00000000000104e0     0x1b65 src/train/pathfinding.o
 .debug_info    0x0000000000012045      0x484 src/train/reverse.o
 .debug_info    0x00000000000124c9      0x7cf src/train/sensors.o
 .debug_info    0x0000000000012c98      0xe3d src/train/switches.o
 .debug_info    0x0000000000013ad5      0x229 src/train/track_data.o
 .debug_info    0x0000000000013cfe      0x3aa src/train/trainconstants.o
 .debug_info    0x00000000000140a8     0x14ad src/train/traincontrol.o
 .debug_info    0x0000000000015555     0x1eaa src/train/trainserver.o
 .debug_info    0x00000000000173ff       0x29 src/kernel/asm/context_switching.o
 .debug_info    0x0000000000017428       0x29 src/kernel/asm/exception_vector.o
 .debug_info    0x0000000000017451       0x29 src/kernel/boot/boot.o

.debug_abbrev   0x0000000000000000     0x434f
 .debug_abbrev  0x0000000000000000      0x1d1 src/kernel/data_structures/char_cb.o
 .debug_abbrev  0x00000000000001d1      0x24c src/kernel/data_structures/heap.o
 .debug_abbrev  0x000000000000041d      0x1ce src/kernel/data_structures/int_cb.o
 .debug_abbrev  0x00000000000005eb       0xbb src/kernel/exception.o
 .debug_abbrev  0x00000000000006a6      0x141 src/kernel/interrupt.o
 .debug_abbrev  0x00000000000007e7      0x248 src/kernel/k2/gameclient.o
 .debug_abbrev  0x0000000000000a2f      0x3e8 src/kernel/k2/gameserver.o
 .debug_abbrev  0x0000000000000e17      0x3a0 src/kernel/k_handler.o
 .debug_abbrev  0x00000000000011b7      0x4a0 src/kernel/peripheral/rpi.o
 .debug_abbrev  0x0000000000001657      0x2e7 src/kernel/server/clock.o
 .debug_abbrev  0x000000000000193e      0x410 src/kernel/server/io.o
 .debug_abbrev  0x0000000000001d4e      0x2c3 src/kernel/server/nameserver.o
 .debug_abbrev  0x0000000000002011      0x1f0 src/kernel/server/timer.o
 .debug_abbrev  0x0000000000002201      0x131 src/kernel/syscall.o
 .debug_abbrev  0x0000000000002332      0x1ed src/kernel/taskframe.o
 .debug_abbrev  0x000000000000251f      0x288 src/kernel/tasks.o
 .debug_abbrev  0x00000000000027a7       0xac src/kernel/util/assert.o
 .debug_abbrev  0x0000000000002853      0x25f src/kernel/util/util.o
 .debug_abbrev  0x0000000000002ab2      0x29a src/main.o
 .debug_abbrev  0x0000000000002d4c      0x1ad src/train/delaystop.o
 .debug_abbrev  0x0000000000002ef9      0x408 src/train/pathfinding.o
 .debug_abbrev  0x0000000000003301      0x14b src/train/reverse.o
 .debug_abbrev  0x000000000000344c      0x1a8 src/train/sensors.o
 .debug_abbrev  0x00000000000035f4      0x345 src/train/switches.o
 .debug_abbrev  0x0000000000003939      0x137 src/train/track_data.o
 .debug_abbrev  0x0000000000003a70      0x1ab src/train/trainconstants.o
 .debug_abbrev  0x0000000000003c1b      0x3bb src/train/traincontrol.o
 .debug_abbrev  0x0000000000003fd6      0x33d src/train/trainserver.o
 .debug_abbrev  0x0000000000004313       0x14 src/kernel/asm/context_switching.o
 .debug_abbrev  0x0000000000004327       0x14 src/kernel/asm/exception_vector.o
 .debug_abbrev  0x000000000000433b       0x14 src/kernel/boot/boot.o

.debug_loclists
                0x0000000000000000     0xa25c
 .debug_loclists
                0x0000000000000000      0x101 src/kernel/data_structures/char_cb.o
 .debug_loclists
                0x0000000000000101      0x309 src/kernel/data_structures/heap.o
 .debug_loclists
                0x000000000000040a       0xe3 src/kernel/data_structures/int_cb.o
 .debug_loclists
                0x00000000000004ed       0x25 src/kernel/exception.o
 .debug_loclists
                0x0000000000000512      0x379 src/kernel/interrupt.o
 .debug_loclists
                0x000000000000088b     0x164f src/kernel/k2/gameclient.o
 .debug_loclists
                0x0000000000001eda      0xa5d src/kernel/k2/gameserver.o
 .debug_loclists
                0x0000000000002937     0x1001 src/kernel/k_handler.o
 .debug_loclists
                0x0000000000003938      0xae9 src/kernel/peripheral/rpi.o
 .debug_loclists
                0x0000000000004421      0x384 src/kernel/server/clock.o
 .debug_loclists
                0x00000000000047a5      0xc71 src/kernel/server/io.o
 .debug_loclists
                0x0000000000005416      0x3db src/kernel/server/nameserver.o
 .debug_loclists
                0x00000000000057f1       0xd3 src/kernel/server/timer.o
 .debug_loclists
                0x00000000000058c4       0xd0 src/kernel/syscall.o
 .debug_loclists
                0x0000000000005994      0x272 src/kernel/taskframe.o
 .debug_loclists
                0x0000000000005c06      0x37d src/kernel/tasks.o
 .debug_loclists
                0x0000000000005f83       0x25 src/kernel/util/assert.o
 .debug_loclists
                0x0000000000005fa8      0xc0c src/kernel/util/util.o
 .debug_loclists
                0x0000000000006bb4       0xc0 src/main.o
 .debug_loclists
                0x0000000000006c74       0x62 src/train/delaystop.o
 .debug_loclists
                0x0000000000006cd6      0xee9 src/train/pathfinding.o
 .debug_loclists
                0x0000000000007bbf       0x85 src/train/reverse.o
 .debug_loclists
                0x0000000000007c44      0x2f7 src/train/sensors.o
 .debug_loclists
                0x0000000000007f3b      0x62e src/train/switches.o
 .debug_loclists
                0x0000000000008569      0x1eb src/train/track_data.o
 .debug_loclists
                0x0000000000008754      0x1c5 src/train/trainconstants.o
 .debug_loclists
                0x0000000000008919      0xd7e src/train/traincontrol.o
 .debug_loclists
                0x0000000000009697      0xbc5 src/train/trainserver.o

.debug_aranges  0x0000000000000000      0x5d0
 .debug_aranges
                0x0000000000000000       0x30 src/kernel/data_structures/char_cb.o
 .debug_aranges
                0x0000000000000030       0x30 src/kernel/data_structures/heap.o
 .debug_aranges
                0x0000000000000060       0x30 src/kernel/data_structures/int_cb.o
 .debug_aranges
                0x0000000000000090       0x30 src/kernel/exception.o
 .debug_aranges
                0x00000000000000c0       0x30 src/kernel/interrupt.o
 .debug_aranges
                0x00000000000000f0       0x30 src/kernel/k2/gameclient.o
 .debug_aranges
                0x0000000000000120       0x30 src/kernel/k2/gameserver.o
 .debug_aranges
                0x0000000000000150       0x30 src/kernel/k_handler.o
 .debug_aranges
                0x0000000000000180       0x30 src/kernel/peripheral/rpi.o
 .debug_aranges
                0x00000000000001b0       0x30 src/kernel/server/clock.o
 .debug_aranges
                0x00000000000001e0       0x30 src/kernel/server/io.o
 .debug_aranges
                0x0000000000000210       0x30 src/kernel/server/nameserver.o
 .debug_aranges
                0x0000000000000240       0x30 src/kernel/server/timer.o
 .debug_aranges
                0x0000000000000270       0x30 src/kernel/syscall.o
 .debug_aranges
                0x00000000000002a0       0x30 src/kernel/taskframe.o
 .debug_aranges
                0x00000000000002d0       0x30 src/kernel/tasks.o
 .debug_aranges
                0x0000000000000300       0x30 src/kernel/util/assert.o
 .debug_aranges
                0x0000000000000330       0x30 src/kernel/util/util.o
 .debug_aranges
                0x0000000000000360       0x30 src/main.o
 .debug_aranges
                0x0000000000000390       0x30 src/train/delaystop.o
 .debug_aranges
                0x00000000000003c0       0x30 src/train/pathfinding.o
 .debug_aranges
                0x00000000000003f0       0x30 src/train/reverse.o
 .debug_aranges
                0x0000000000000420       0x30 src/train/sensors.o
 .debug_aranges
                0x0000000000000450       0x30 src/train/switches.o
 .debug_aranges
                0x0000000000000480       0x30 src/train/track_data.o
 .debug_aranges
                0x00000000000004b0       0x30 src/train/trainconstants.o
 .debug_aranges
                0x00000000000004e0       0x30 src/train/traincontrol.o
 .debug_aranges
                0x0000000000000510       0x30 src/train/trainserver.o
 .debug_aranges
                0x0000000000000540       0x30 src/kernel/asm/context_switching.o
 .debug_aranges
                0x0000000000000570       0x30 src/kernel/asm/exception_vector.o
 .debug_aranges
                0x00000000000005a0       0x30 src/kernel/boot/boot.o

.debug_rnglists
                0x0000000000000000     0x1094
 .debug_rnglists
                0x0000000000000000       0x2b src/kernel/data_structures/char_cb.o
 .debug_rnglists
                0x000000000000002b       0x68 src/kernel/data_structures/heap.o
 .debug_rnglists
                0x0000000000000093       0x2e src/kernel/data_structures/int_cb.o
 .debug_rnglists
                0x00000000000000c1       0x85 src/kernel/interrupt.o
 .debug_rnglists
                0x0000000000000146      0x3b7 src/kernel/k2/gameclient.o
 .debug_rnglists
                0x00000000000004fd      0x19b src/kernel/k2/gameserver.o
 .debug_rnglists
                0x0000000000000698      0x187 src/kernel/k_handler.o
 .debug_rnglists
                0x000000000000081f       0xc4 src/kernel/peripheral/rpi.o
 .debug_rnglists
                0x00000000000008e3       0x72 src/kernel/server/clock.o
 .debug_rnglists
                0x0000000000000955      0x11c src/kernel/server/io.o
 .debug_rnglists
                0x0000000000000a71       0x79 src/kernel/server/nameserver.o
 .debug_rnglists
                0x0000000000000aea       0x3b src/kernel/server/timer.o
 .debug_rnglists
                0x0000000000000b25       0x65 src/kernel/taskframe.o
 .debug_rnglists
                0x0000000000000b8a       0x7a src/kernel/tasks.o
 .debug_rnglists
                0x0000000000000c04       0x73 src/kernel/util/util.o
 .debug_rnglists
                0x0000000000000c77       0x37 src/main.o
 .debug_rnglists
                0x0000000000000cae      0x171 src/train/pathfinding.o
 .debug_rnglists
                0x0000000000000e1f       0x3f src/train/reverse.o
 .debug_rnglists
                0x0000000000000e5e       0x8c src/train/sensors.o
 .debug_rnglists
                0x0000000000000eea       0x70 src/train/switches.o
 .debug_rnglists
                0x0000000000000f5a       0x2b src/train/track_data.o
 .debug_rnglists
                0x0000000000000f85       0x26 src/train/trainconstants.o
 .debug_rnglists
                0x0000000000000fab       0x38 src/train/traincontrol.o
 .debug_rnglists
                0x0000000000000fe3       0xb1 src/train/trainserver.o

.debug_line     0x0000000000000000    0x102a2
 .debug_line    0x0000000000000000      0x1be src/kernel/data_structures/char_cb.o
 .debug_line    0x00000000000001be      0x355 src/kernel/data_structures/heap.o
 .debug_line    0x0000000000000513      0x1a5 src/kernel/data_structures/int_cb.o
 .debug_line    0x00000000000006b8       0xad src/kernel/exception.o
 .debug_line    0x0000000000000765      0x1f9 src/kernel/interrupt.o
 .debug_line    0x000000000000095e      0xc06 src/kernel/k2/gameclient.o
 .debug_line    0x0000000000001564      0xbc9 src/kernel/k2/gameserver.o
 .debug_line    0x000000000000212d      0xc1b src/kernel/k_handler.o
 .debug_line    0x0000000000002d48      0x680 src/kernel/peripheral/rpi.o
 .debug_line    0x00000000000033c8      0x5ae src/kernel/server/clock.o
 .debug_line    0x0000000000003976      0xf02 src/kernel/server/io.o
 .debug_line    0x0000000000004878      0x475 src/kernel/server/nameserver.o
 .debug_line    0x0000000000004ced      0x155 src/kernel/server/timer.o
 .debug_line    0x0000000000004e42       0xe6 src/kernel/syscall.o
 .debug_line    0x0000000000004f28      0x381 src/kernel/taskframe.o
 .debug_line    0x00000000000052a9      0x709 src/kernel/tasks.o
 .debug_line    0x00000000000059b2       0x96 src/kernel/util/assert.o
 .debug_line    0x0000000000005a48      0x860 src/kernel/util/util.o
 .debug_line    0x00000000000062a8      0x2e1 src/main.o
 .debug_line    0x0000000000006589      0x134 src/train/delaystop.o
 .debug_line    0x00000000000066bd     0x1704 src/train/pathfinding.o
 .debug_line    0x0000000000007dc1      0x127 src/train/reverse.o
 .debug_line    0x0000000000007ee8      0x2ce src/train/sensors.o
 .debug_line    0x00000000000081b6      0x621 src/train/switches.o
 .debug_line    0x00000000000087d7     0x64e9 src/train/track_data.o
 .debug_line    0x000000000000ecc0      0x154 src/train/trainconstants.o
 .debug_line    0x000000000000ee14      0x872 src/train/traincontrol.o
 .debug_line    0x000000000000f686      0xac0 src/train/trainserver.o
 .debug_line    0x0000000000010146       0x62 src/kernel/asm/context_switching.o
 .debug_line    0x00000000000101a8       0x89 src/kernel/asm/exception_vector.o
 .debug_line    0x0000000000010231       0x71 src/kernel/boot/boot.o

.debug_str      0x0000000000000000     0x1ea8
 .debug_str     0x0000000000000000      0x15c src/kernel/data_structures/char_cb.o
                                        0x19a (size before relaxing)
 .debug_str     0x000000000000015c       0x87 src/kernel/data_structures/heap.o
                                        0x1b0 (size before relaxing)
 .debug_str     0x00000000000001e3       0x5b src/kernel/data_structures/int_cb.o
                                        0x193 (size before relaxing)
 .debug_str     0x000000000000023e       0x31 src/kernel/exception.o
                                        0x156 (size before relaxing)
 .debug_str     0x000000000000026f       0x69 src/kernel/interrupt.o
                                        0x16c (size before relaxing)
 .debug_str     0x00000000000002d8      0x118 src/kernel/k2/gameclient.o
                                        0x24d (size before relaxing)
 .debug_str     0x00000000000003f0      0x17a src/kernel/k2/gameserver.o
                                        0x35f (size before relaxing)
 .debug_str     0x000000000000056a      0x397 src/kernel/k_handler.o
                                        0x57c (size before relaxing)
 .debug_str     0x0000000000000901      0x432 src/kernel/peripheral/rpi.o
                                        0x631 (size before relaxing)
 .debug_str     0x0000000000000d33      0x10b src/kernel/server/clock.o
                                        0x306 (size before relaxing)
 .debug_str     0x0000000000000e3e      0x1ea src/kernel/server/io.o
                                        0x51b (size before relaxing)
 .debug_str     0x0000000000001028       0x7b src/kernel/server/nameserver.o
                                        0x1f9 (size before relaxing)
 .debug_str     0x00000000000010a3       0x9c src/kernel/server/timer.o
                                        0x1e8 (size before relaxing)
 .debug_str     0x000000000000113f       0x53 src/kernel/syscall.o
                                        0x1d6 (size before relaxing)
 .debug_str     0x0000000000001192       0x62 src/kernel/taskframe.o
                                        0x310 (size before relaxing)
 .debug_str     0x00000000000011f4      0x1a1 src/kernel/tasks.o
                                        0x491 (size before relaxing)
 .debug_str     0x0000000000001395      0x122 src/kernel/util/assert.o
 .debug_str     0x0000000000001395       0x61 src/kernel/util/util.o
                                        0x17a (size before relaxing)
 .debug_str     0x00000000000013f6       0x9f src/main.o
                                        0x48f (size before relaxing)
 .debug_str     0x0000000000001495       0x26 src/train/delaystop.o
                                        0x19b (size before relaxing)
 .debug_str     0x00000000000014bb      0x3a3 src/train/pathfinding.o
                                        0x609 (size before relaxing)
 .debug_str     0x000000000000185e       0x27 src/train/reverse.o
                                        0x1a9 (size before relaxing)
 .debug_str     0x0000000000001885       0x9c src/train/sensors.o
                                        0x3d2 (size before relaxing)
 .debug_str     0x0000000000001921       0x92 src/train/switches.o
                                        0x35d (size before relaxing)
 .debug_str     0x00000000000019b3      0x1a9 src/train/track_data.o
 .debug_str     0x00000000000019b3       0xea src/train/trainconstants.o
                                        0x1f3 (size before relaxing)
 .debug_str     0x0000000000001a9d       0xd0 src/train/traincontrol.o
                                        0x3e4 (size before relaxing)
 .debug_str     0x0000000000001b6d      0x2b9 src/train/trainserver.o
                                        0x78e (size before relaxing)
 .debug_str     0x0000000000001e26       0x49 src/kernel/asm/context_switching.o
 .debug_str     0x0000000000001e6f       0x22 src/kernel/asm/exception_vector.o
                                         0x48 (size before relaxing)
 .debug_str     0x0000000000001e91       0x17 src/kernel/boot/boot.o
                                         0x3d (size before relaxing)

.debug_line_str
                0x0000000000000000      0x51d
 .debug_line_str
                0x0000000000000000       0xa9 src/kernel/data_structures/char_cb.o
                                         0xdd (size before relaxing)
 .debug_line_str
                0x00000000000000a9       0x2f src/kernel/data_structures/heap.o
                                         0xd7 (size before relaxing)
 .debug_line_str
                0x00000000000000d8       0x2d src/kernel/data_structures/int_cb.o
                                         0xd9 (size before relaxing)
 .debug_line_str
                0x0000000000000105       0x2f src/kernel/exception.o
                                         0xcc (size before relaxing)
 .debug_line_str
                0x0000000000000134       0x20 src/kernel/interrupt.o
                                         0xc6 (size before relaxing)
 .debug_line_str
                0x0000000000000154       0x4d src/kernel/k2/gameclient.o
                                         0xec (size before relaxing)
 .debug_line_str
                0x00000000000001a1       0x2d src/kernel/k2/gameserver.o
                                         0xfe (size before relaxing)
 .debug_line_str
                0x00000000000001ce       0x37 src/kernel/k_handler.o
                                        0x10d (size before relaxing)
 .debug_line_str
                0x0000000000000205       0x47 src/kernel/peripheral/rpi.o
                                         0xf1 (size before relaxing)
 .debug_line_str
                0x000000000000024c       0x34 src/kernel/server/clock.o
                                         0xfb (size before relaxing)
 .debug_line_str
                0x0000000000000280       0x1c src/kernel/server/io.o
                                        0x117 (size before relaxing)
 .debug_line_str
                0x000000000000029c       0x1f src/kernel/server/nameserver.o
                                         0xee (size before relaxing)
 .debug_line_str
                0x00000000000002bb       0x1a src/kernel/server/timer.o
                                         0xb7 (size before relaxing)
 .debug_line_str
                0x00000000000002d5       0x15 src/kernel/syscall.o
                                         0x64 (size before relaxing)
 .debug_line_str
                0x00000000000002ea       0x17 src/kernel/taskframe.o
                                         0xdb (size before relaxing)
 .debug_line_str
                0x0000000000000301       0x7e src/kernel/tasks.o
                                        0x176 (size before relaxing)
 .debug_line_str
                0x000000000000037f       0x29 src/kernel/util/assert.o
                                         0xc0 (size before relaxing)
 .debug_line_str
                0x00000000000003a8       0x17 src/kernel/util/util.o
                                         0xac (size before relaxing)
 .debug_line_str
                0x00000000000003bf       0x1b src/main.o
                                        0x109 (size before relaxing)
 .debug_line_str
                0x00000000000003da       0x20 src/train/delaystop.o
                                         0xd9 (size before relaxing)
 .debug_line_str
                0x00000000000003fa       0x25 src/train/pathfinding.o
                                        0x129 (size before relaxing)
 .debug_line_str
                0x000000000000041f       0x14 src/train/reverse.o
                                         0xc6 (size before relaxing)
 .debug_line_str
                0x0000000000000433       0x14 src/train/sensors.o
                                         0xf3 (size before relaxing)
 .debug_line_str
                0x0000000000000447       0x15 src/train/switches.o
                                         0xf5 (size before relaxing)
 .debug_line_str
                0x000000000000045c       0x17 src/train/track_data.o
                                         0x80 (size before relaxing)
 .debug_line_str
                0x0000000000000473       0x1b src/train/trainconstants.o
                                         0xc2 (size before relaxing)
 .debug_line_str
                0x000000000000048e       0x19 src/train/traincontrol.o
                                         0xde (size before relaxing)
 .debug_line_str
                0x00000000000004a7       0x29 src/train/trainserver.o
                                        0x147 (size before relaxing)
 .debug_line_str
                0x00000000000004d0       0x23 src/kernel/asm/context_switching.o
                                         0x3b (size before relaxing)
 .debug_line_str
                0x00000000000004f3       0x13 src/kernel/asm/exception_vector.o
                                         0x3a (size before relaxing)
 .debug_line_str
                0x0000000000000506       0x17 src/kernel/boot/boot.o
                                         0x2f (size before relaxing)

.comment        0x0000000000000000       0x45
 .comment       0x0000000000000000       0x45 src/kernel/data_structures/char_cb.o
                                         0x46 (size before relaxing)
 .comment       0x0000000000000045       0x46 src/kernel/data_structures/heap.o
 .comment       0x0000000000000045       0x46 src/kernel/data_structures/int_cb.o
 .comment       0x0000000000000045       0x46 src/kernel/exception.o
 .comment       0x0000000000000045       0x46 src/kernel/interrupt.o
 .comment       0x0000000000000045       0x46 src/kernel/k2/gameclient.o
 .comment       0x0000000000000045       0x46 src/kernel/k2/gameserver.o
 .comment       0x0000000000000045       0x46 src/kernel/k_handler.o
 .comment       0x0000000000000045       0x46 src/kernel/peripheral/rpi.o
 .comment       0x0000000000000045       0x46 src/kernel/server/clock.o
 .comment       0x0000000000000045       0x46 src/kernel/server/io.o
 .comment       0x0000000000000045       0x46 src/kernel/server/nameserver.o
 .comment       0x0000000000000045       0x46 src/kernel/server/timer.o
 .comment       0x0000000000000045       0x46 src/kernel/syscall.o
 .comment       0x0000000000000045       0x46 src/kernel/taskframe.o
 .comment       0x0000000000000045       0x46 src/kernel/tasks.o
 .comment       0x0000000000000045       0x46 src/kernel/util/assert.o
 .comment       0x0000000000000045       0x46 src/kernel/util/util.o
 .comment       0x0000000000000045       0x46 src/main.o
 .comment       0x0000000000000045       0x46 src/train/delaystop.o
 .comment       0x0000000000000045       0x46 src/train/pathfinding.o
 .comment       0x0000000000000045       0x46 src/train/reverse.o
 .comment       0x0000000000000045       0x46 src/train/sensors.o
 .comment       0x0000000000000045       0x46 src/train/switches.o
 .comment       0x0000000000000045       0x46 src/train/track_data.o
 .comment       0x0000000000000045       0x46 src/train/trainconstants.o
 .comment       0x0000000000000045       0x46 src/train/traincontrol.o
 .comment       0x0000000000000045       0x46 src/train/trainserver.o

.debug_frame    0x0000000000000000     0x25d8
 .debug_frame   0x0000000000000000       0xa0 src/kernel/data_structures/char_cb.o
 .debug_frame   0x00000000000000a0      0x148 src/kernel/data_structures/heap.o
 .debug_frame   0x00000000000001e8       0xa0 src/kernel/data_structures/int_cb.o
 .debug_frame   0x0000000000000288       0x48 src/kernel/exception.o
 .debug_frame   0x00000000000002d0       0xa0 src/kernel/interrupt.o
 .debug_frame   0x0000000000000370      0x460 src/kernel/k2/gameclient.o
 .debug_frame   0x00000000000007d0      0x130 src/kernel/k2/gameserver.o
 .debug_frame   0x0000000000000900      0x328 src/kernel/k_handler.o
 .debug_frame   0x0000000000000c28      0x348 src/kernel/peripheral/rpi.o
 .debug_frame   0x0000000000000f70      0x170 src/kernel/server/clock.o
 .debug_frame   0x00000000000010e0      0x278 src/kernel/server/io.o
 .debug_frame   0x0000000000001358       0xf0 src/kernel/server/nameserver.o
 .debug_frame   0x0000000000001448       0xd0 src/kernel/server/timer.o
 .debug_frame   0x0000000000001518      0x118 src/kernel/syscall.o
 .debug_frame   0x0000000000001630      0x138 src/kernel/taskframe.o
 .debug_frame   0x0000000000001768      0x218 src/kernel/tasks.o
 .debug_frame   0x0000000000001980       0x30 src/kernel/util/assert.o
 .debug_frame   0x00000000000019b0      0x160 src/kernel/util/util.o
 .debug_frame   0x0000000000001b10       0x98 src/main.o
 .debug_frame   0x0000000000001ba8       0x60 src/train/delaystop.o
 .debug_frame   0x0000000000001c08      0x200 src/train/pathfinding.o
 .debug_frame   0x0000000000001e08       0x48 src/train/reverse.o
 .debug_frame   0x0000000000001e50       0x48 src/train/sensors.o
 .debug_frame   0x0000000000001e98      0x180 src/train/switches.o
 .debug_frame   0x0000000000002018       0xb0 src/train/track_data.o
 .debug_frame   0x00000000000020c8       0xb8 src/train/trainconstants.o
 .debug_frame   0x0000000000002180      0x300 src/train/traincontrol.o
 .debug_frame   0x0000000000002480      0x158 src/train/trainserver.o
