
Memory Configuration

Name             Origin             Length             Attributes
*default*        0x0000000000000000 0xffffffffffffffff

Linker script and memory map

LOAD src/kernel/data_structures/char_cb.o
LOAD src/kernel/data_structures/heap.o
LOAD src/kernel/data_structures/int_cb.o
LOAD src/kernel/exception.o
LOAD src/kernel/interrupt.o
LOAD src/kernel/k2/gameclient.o
LOAD src/kernel/k2/gameserver.o
LOAD src/kernel/k_handler.o
LOAD src/kernel/peripheral/rpi.o
LOAD src/kernel/server/clock.o
LOAD src/kernel/server/io.o
LOAD src/kernel/server/nameserver.o
LOAD src/kernel/server/timer.o
LOAD src/kernel/syscall.o
LOAD src/kernel/taskframe.o
LOAD src/kernel/tasks.o
LOAD src/kernel/util/assert.o
LOAD src/kernel/util/util.o
LOAD src/main.o
LOAD src/train/delaystop.o
LOAD src/train/pathfinding.o
LOAD src/train/reverse.o
LOAD src/train/sensors.o
LOAD src/train/switches.o
LOAD src/train/track_data.o
LOAD src/train/trainconstants.o
LOAD src/train/traincontrol.o
LOAD src/train/trainserver.o
LOAD src/kernel/asm/context_switching.o
LOAD src/kernel/asm/exception_vector.o
LOAD src/kernel/boot/boot.o

.stack          0x0000000000000000    0x7fff0
 *(.stack)
 .stack         0x0000000000000000    0x7fff0 src/kernel/boot/boot.o
                0x0000000000080000                . = 0x80000

.text.boot      0x0000000000080000       0xa8
 *(.text.boot)
 .text.boot     0x0000000000080000       0xa8 src/kernel/boot/boot.o
                0x0000000000080000                start

.text.evt       0x0000000000080800      0x7fc
 *(.text.evt)
 .text.evt      0x0000000000080800      0x7fc src/kernel/asm/exception_vector.o
                0x0000000000080800                exception_vector

.text           0x0000000000081000    0x115d8
 *(.text*)
 .text          0x0000000000081000      0x10c src/kernel/data_structures/char_cb.o
                0x0000000000081000                initialize_charcb
                0x0000000000081020                increment_charcb
                0x0000000000081030                push_charcb
                0x00000000000810a0                is_empty_charcb
                0x00000000000810b0                peek_charcb
                0x00000000000810d0                pop_charcb
 *fill*         0x000000000008110c        0x4 
 .text          0x0000000000081110      0x300 src/kernel/data_structures/heap.o
                0x0000000000081110                heap_init
                0x0000000000081120                swap
                0x0000000000081140                sift_up
                0x00000000000811c0                heap_push
                0x0000000000081280                sift_down
                0x00000000000813a0                heap_peek
                0x00000000000813c0                heap_pop
 .text          0x0000000000081410       0xfc src/kernel/data_structures/int_cb.o
                0x0000000000081410                initialize_intcb
                0x0000000000081430                increment_intcb
                0x0000000000081440                decrement_intcb
                0x0000000000081460                push_intcb
                0x00000000000814c0                is_empty_intcb
                0x00000000000814d0                pop_intcb
 *fill*         0x000000000008150c        0x4 
 .text          0x0000000000081510       0x30 src/kernel/exception.o
                0x0000000000081510                init_exception_vector
                0x0000000000081520                invalid_exception
 .text          0x0000000000081540      0x19c src/kernel/interrupt.o
                0x0000000000081540                route_irq
                0x00000000000815d0                enable_irq
                0x0000000000081610                disable_irq
                0x0000000000081650                enable_irqs
                0x00000000000816b0                disable_irqs
 *fill*         0x00000000000816dc        0x4 
 .text          0x00000000000816e0     0x12ac src/kernel/k2/gameclient.o
                0x00000000000816e0                scissor_quit
                0x00000000000818d0                paper_quit
                0x0000000000081ac0                rock_quit
                0x0000000000081cc0                spr_quit
                0x0000000000081ee0                rps_quit
                0x0000000000082100                paper_move_quit
                0x0000000000082370                rps_move_quit
                0x0000000000082610                lookup_gameserver
                0x0000000000082670                signup
                0x0000000000082700                move
                0x00000000000827e0                quit
                0x0000000000082890                test1
                0x00000000000828f0                test2
                0x0000000000082940                test3
 *fill*         0x000000000008298c        0x4 
 .text          0x0000000000082990      0xcf8 src/kernel/k2/gameserver.o
                0x0000000000082990                gameserver_signup
                0x0000000000082a20                gameserver_play
                0x0000000000082ac0                gameserver_quit
                0x0000000000082b40                winner
                0x0000000000082b90                set_response
                0x0000000000082c00                gameserver
 *fill*         0x0000000000083688        0x8 
 .text          0x0000000000083690      0xb20 src/kernel/k_handler.o
                0x0000000000083690                task_init
                0x00000000000836b0                copy_msg
                0x00000000000836f0                reschedule_task_with_return
                0x0000000000083730                handle_create
                0x0000000000083850                handle_exit
                0x00000000000838a0                handle_my_tid
                0x00000000000838e0                handle_parent_tid
                0x0000000000083920                handle_yield
                0x0000000000083960                handle_send
                0x0000000000083b30                handle_receive
                0x0000000000083cb0                handle_reply
                0x0000000000083e50                handle_await_event
                0x0000000000083f90                handle_irq
 .text          0x00000000000841b0      0x850 src/kernel/peripheral/rpi.o
                0x0000000000084490                gpio_init
                0x00000000000844f0                uart_config_and_enable
                0x0000000000084560                uart_get_interrupt_lines
                0x0000000000084570                uart_irq_id
                0x0000000000084590                uart_ifls
                0x00000000000845b0                uart_mis
                0x00000000000845d0                uart_mis_tx
                0x00000000000845f0                uart_mis_rx
                0x0000000000084610                uart_mis_cts
                0x0000000000084630                uart_cts
                0x0000000000084650                uart_enable_tx
                0x0000000000084670                uart_enable_rx
                0x0000000000084690                uart_enable_cts
                0x00000000000846b0                uart_disable_tx
                0x00000000000846d0                uart_disable_rx
                0x00000000000846f0                uart_disable_cts
                0x0000000000084710                uart_clear_tx
                0x0000000000084730                uart_clear_rx
                0x0000000000084750                uart_clear_cts
                0x0000000000084770                uart_can_read
                0x0000000000084790                uart_can_write
                0x00000000000847b0                uart_readc
                0x00000000000847e0                uart_writec
                0x0000000000084810                uart_getc
                0x0000000000084830                uart_putc
                0x0000000000084850                uart_putl
                0x0000000000084890                uart_puts
                0x00000000000848c0                uart_printf
                0x0000000000084940                uart_dprintf
 .text          0x0000000000084a00      0x52c src/kernel/server/clock.o
                0x0000000000084a00                delayed_task_cmp
                0x0000000000084a20                dts_init
                0x0000000000084a80                getNextFreeDelayedTask
                0x0000000000084aa0                reclaimDelayedTask
                0x0000000000084ab0                Time
                0x0000000000084b10                Delay
                0x0000000000084bb0                DelayUntil
                0x0000000000084c50                clock_notifier
                0x0000000000084cc0                clock
 *fill*         0x0000000000084f2c        0x4 
 .text          0x0000000000084f30     0x1788 src/kernel/server/io.o
                0x0000000000084f30                console_out_notifier
                0x0000000000085000                console_in_notifier
                0x00000000000850e0                console_out
                0x0000000000085270                console_in
                0x0000000000085470                marklin_out_tx_notifier
                0x0000000000085530                marklin_out_cts_notifier
                0x00000000000855a0                marklin_in_notifier
                0x0000000000085660                marklin_io
                0x00000000000859a0                Getc
                0x00000000000859e0                Putc
                0x0000000000085a20                Puts
                0x0000000000085b70                Puts_len
                0x0000000000085cc0                printf
                0x00000000000861f0                new_printf
 *fill*         0x00000000000866b8        0x8 
 .text          0x00000000000866c0      0x470 src/kernel/server/nameserver.o
                0x00000000000866c0                RegisterAs
                0x0000000000086790                WhoIs
                0x00000000000868b0                set_name
                0x0000000000086910                get_name
                0x0000000000086920                nameserver
 .text          0x0000000000086b30      0x138 src/kernel/server/timer.o
                0x0000000000086b30                st_lo
                0x0000000000086b40                sys_time
                0x0000000000086b50                sys_time_ms
                0x0000000000086b70                sys_time_tenth_seconds
                0x0000000000086b90                parse_st
                0x0000000000086c00                timer_init
                0x0000000000086c30                update_c1
                0x0000000000086c50                update_status_reg
 *fill*         0x0000000000086c68        0x8 
 .text          0x0000000000086c70      0x168 src/kernel/syscall.o
                0x0000000000086c70                Create
                0x0000000000086ca0                Create_sp_size
                0x0000000000086cd0                MyTid
                0x0000000000086ce0                MyParentTid
                0x0000000000086cf0                Yield
                0x0000000000086d00                Exit
                0x0000000000086d10                Send
                0x0000000000086d50                Receive
                0x0000000000086d80                Reply
                0x0000000000086db0                AwaitEvent
                0x0000000000086dd0                Quit
 *fill*         0x0000000000086dd8        0x8 
 .text          0x0000000000086de0      0x380 src/kernel/taskframe.o
                0x0000000000086de0                tasks_init
                0x0000000000086fb0                task_cmp
                0x0000000000086ff0                getNextFreeTaskFrame
                0x0000000000087020                reclaimTaskFrame
                0x0000000000087040                sds_init
                0x00000000000870a0                getNextFreeSendData
                0x00000000000870c0                reclaimSendData
                0x00000000000870d0                rds_init
                0x0000000000087130                getNextFreeReceiveData
                0x0000000000087150                reclaimReceiveData
 .text          0x0000000000087160      0xb20 src/kernel/tasks.o
                0x0000000000087160                k2test
                0x0000000000087260                time_user
                0x0000000000087310                idle_task
                0x0000000000087410                user_input
                0x0000000000087680                k4
                0x0000000000087820                console_time
                0x00000000000879d0                k2
                0x0000000000087a30                k3
                0x0000000000087b40                i2str
                0x0000000000087ba0                rootTask
 .text          0x0000000000087c80       0x18 src/kernel/util/assert.o
                0x0000000000087c80                assert
 *fill*         0x0000000000087c98        0x8 
 .text          0x0000000000087ca0      0x778 src/kernel/util/util.o
                0x0000000000087ca0                a2d
                0x0000000000087cf0                ui2a
                0x0000000000087db0                ui2a_no0
                0x0000000000087e60                i2a
                0x0000000000087f30                i2a_no0
                0x0000000000087ff0                memset
                0x0000000000088110                memcpy
                0x0000000000088220                str_cpy
                0x0000000000088250                str_cpy_w0
                0x0000000000088270                str_len
                0x00000000000882a0                str_equal
                0x00000000000882f0                isInt
                0x0000000000088310                getArgumentTwoDigitNumber
                0x0000000000088380                getArgumentThreeDigitNumber
 *fill*         0x0000000000088418        0x8 
 .text          0x0000000000088420      0x310 src/main.o
                0x0000000000088420                kernel_frame_init
                0x0000000000088430                run_task
                0x0000000000088460                kmain
 .text          0x0000000000088730       0xbc src/train/delaystop.o
                0x0000000000088730                stop
                0x0000000000088760                delay_stop
 *fill*         0x00000000000887ec        0x4 
 .text          0x00000000000887f0     0x1880 src/train/pathfinding.o
                0x00000000000887f0                heap_node_cmp
                0x0000000000089010                hns_init
                0x0000000000089090                getNextFreeHeapNode
                0x00000000000890b0                reclaimHeapNode
                0x00000000000890d0                dijkstra
                0x0000000000089910                get_start_sensor
                0x0000000000089a80                get_next_sensor
                0x0000000000089b70                path_finding
 .text          0x000000000008a070      0x14c src/train/reverse.o
                0x000000000008a070                reverse
 *fill*         0x000000000008a1bc        0x4 
 .text          0x000000000008a1c0      0x2c0 src/train/sensors.o
                0x000000000008a1c0                sensor_update
 .text          0x000000000008a480      0x724 src/train/switches.o
                0x000000000008a480                change_switches_cmd
                0x000000000008a4b0                get_switches_setup
                0x000000000008a4f0                reset_switches
                0x000000000008a530                sw
                0x000000000008a680                switches_setup
                0x000000000008a860                update_pathfind
                0x000000000008a910                switches_server
 *fill*         0x000000000008aba4        0xc 
 .text          0x000000000008abb0     0x563c src/train/track_data.o
                0x000000000008abb0                init_tracka
                0x000000000008d7c0                init_trackb
 *fill*         0x00000000000901ec        0x4 
 .text          0x00000000000901f0      0x250 src/train/trainconstants.o
                0x00000000000901f0                train_terminal_speed
                0x0000000000090240                train2_terminal_speed
                0x0000000000090260                train47_terminal_speed
                0x0000000000090290                train_stopping_acceleration
                0x00000000000902e0                train2_stopping_acceleration
                0x0000000000090310                train47_stopping_acceleration
                0x0000000000090340                train_velocity_offset
                0x00000000000903d0                sensor_distance_between
 .text          0x0000000000090440      0xde8 src/train/traincontrol.o
                0x0000000000090440                get_sensor_num
                0x00000000000904a0                is_valid_speed
                0x00000000000904c0                execute_tr
                0x00000000000905e0                execute_rv
                0x00000000000906a0                execute_sw
                0x00000000000907c0                execute_pf
                0x00000000000909a0                execute_nav
                0x0000000000090b50                execute_go
                0x0000000000090d30                execute_track
                0x0000000000090de0                execute_switch_reset
                0x0000000000090e70                execute_set_sensor
                0x0000000000090f30                executeFunction
 *fill*         0x0000000000091228        0x8 
 .text          0x0000000000091230     0x1024 src/train/trainserver.o
                0x0000000000091230                tr
                0x0000000000091280                loc_err_handling
                0x00000000000912d0                calculate_new_current_speed
                0x0000000000091440                print_estimation
                0x0000000000091510                print_sensor
                0x0000000000091570                print_sensor_and_prediction
                0x00000000000915f0                trainserver
 *fill*         0x0000000000092254        0x4 
 .text          0x0000000000092258      0x380 src/kernel/asm/context_switching.o
                0x0000000000092258                context_switch_to_task
                0x000000000009237c                return_to_kernel_syscall
                0x00000000000924a0                return_to_kernel_irq
 .text          0x00000000000925d8        0x0 src/kernel/asm/exception_vector.o
 .text          0x00000000000925d8        0x0 src/kernel/boot/boot.o

.iplt           0x00000000000925d8        0x0
 .iplt          0x00000000000925d8        0x0 src/kernel/data_structures/heap.o

.rodata.str1.8  0x00000000000925d8     0x1f6c
 .rodata.str1.8
                0x00000000000925d8       0x13 src/kernel/data_structures/heap.o
 *fill*         0x00000000000925eb        0x5 
 .rodata.str1.8
                0x00000000000925f0       0x15 src/kernel/exception.o
 *fill*         0x0000000000092605        0x3 
 .rodata.str1.8
                0x0000000000092608       0x22 src/kernel/interrupt.o
 *fill*         0x000000000009262a        0x6 
 .rodata.str1.8
                0x0000000000092630      0x246 src/kernel/k2/gameclient.o
 *fill*         0x0000000000092876        0x2 
 .rodata.str1.8
                0x0000000000092878      0x287 src/kernel/k2/gameserver.o
                                        0x28f (size before relaxing)
 *fill*         0x0000000000092aff        0x1 
 .rodata.str1.8
                0x0000000000092b00      0x315 src/kernel/k_handler.o
 *fill*         0x0000000000092e15        0x3 
 .rodata.str1.8
                0x0000000000092e18      0x150 src/kernel/server/clock.o
 .rodata.str1.8
                0x0000000000092f68       0xe3 src/kernel/server/io.o
 *fill*         0x000000000009304b        0x5 
 .rodata.str1.8
                0x0000000000093050      0x177 src/kernel/server/nameserver.o
 *fill*         0x00000000000931c7        0x1 
 .rodata.str1.8
                0x00000000000931c8      0x261 src/kernel/tasks.o
 *fill*         0x0000000000093429        0x7 
 .rodata.str1.8
                0x0000000000093430      0x2b7 src/train/pathfinding.o
 *fill*         0x00000000000936e7        0x1 
 .rodata.str1.8
                0x00000000000936e8       0x2f src/train/reverse.o
 *fill*         0x0000000000093717        0x1 
 .rodata.str1.8
                0x0000000000093718       0xd1 src/train/sensors.o
 *fill*         0x00000000000937e9        0x7 
 .rodata.str1.8
                0x00000000000937f0       0x7b src/train/switches.o
 *fill*         0x000000000009386b        0x5 
 .rodata.str1.8
                0x0000000000093870      0x47d src/train/track_data.o
 *fill*         0x0000000000093ced        0x3 
 .rodata.str1.8
                0x0000000000093cf0      0x2b9 src/train/traincontrol.o
                                        0x2c9 (size before relaxing)
 *fill*         0x0000000000093fa9        0x7 
 .rodata.str1.8
                0x0000000000093fb0      0x594 src/train/trainserver.o

.rodata         0x0000000000094548      0x3f3
 .rodata        0x0000000000094548       0x10 src/kernel/k2/gameserver.o
 .rodata        0x0000000000094558       0x18 src/kernel/peripheral/rpi.o
 .rodata        0x0000000000094570       0x17 src/kernel/server/clock.o
 *fill*         0x0000000000094587        0x1 
 .rodata        0x0000000000094588       0x7e src/kernel/server/io.o
 *fill*         0x0000000000094606        0x2 
 .rodata        0x0000000000094608       0x2d src/kernel/tasks.o
 *fill*         0x0000000000094635        0x3 
 .rodata        0x0000000000094638       0x1d src/train/delaystop.o
 *fill*         0x0000000000094655        0x3 
 .rodata        0x0000000000094658       0x25 src/train/pathfinding.o
 *fill*         0x000000000009467d        0x3 
 .rodata        0x0000000000094680       0x26 src/train/reverse.o
 *fill*         0x00000000000946a6        0x2 
 .rodata        0x00000000000946a8       0x2d src/train/sensors.o
 *fill*         0x00000000000946d5        0x3 
 .rodata        0x00000000000946d8       0x82 src/train/switches.o
 *fill*         0x000000000009475a        0x6 
 .rodata        0x0000000000094760       0xfc src/train/trainconstants.o
 *fill*         0x000000000009485c        0x4 
 .rodata        0x0000000000094860       0x71 src/train/traincontrol.o
 *fill*         0x00000000000948d1        0x7 
 .rodata        0x00000000000948d8       0x63 src/train/trainserver.o

.rela.dyn       0x0000000000094940        0x0
 .rela.iplt     0x0000000000094940        0x0 src/kernel/data_structures/heap.o
 .rela.text     0x0000000000094940        0x0 src/kernel/data_structures/heap.o
 .rela.text.boot
                0x0000000000094940        0x0 src/kernel/data_structures/heap.o
                0x0000000000094940                . = ALIGN (0x10)

.data           0x0000000000094940     0xc898
 *(.data)
 .data          0x0000000000094940        0x0 src/kernel/data_structures/char_cb.o
 .data          0x0000000000094940        0x0 src/kernel/data_structures/heap.o
 .data          0x0000000000094940        0x0 src/kernel/data_structures/int_cb.o
 .data          0x0000000000094940        0x0 src/kernel/exception.o
 .data          0x0000000000094940        0x0 src/kernel/interrupt.o
 .data          0x0000000000094940        0x0 src/kernel/k2/gameclient.o
 .data          0x0000000000094940       0x94 src/kernel/k2/gameserver.o
                0x0000000000094940                gameserver_name
                0x0000000000094950                move_str
                0x0000000000094968                result_str
                0x0000000000094988                quit_str
                0x0000000000094998                tie_str
                0x00000000000949a0                lose_str
                0x00000000000949a8                win_str
                0x00000000000949b0                scissor_str
                0x00000000000949b8                paper_str
                0x00000000000949c0                rock_str
                0x00000000000949c8                moves
 .data          0x00000000000949d4        0x0 src/kernel/k_handler.o
 .data          0x00000000000949d4        0x0 src/kernel/peripheral/rpi.o
 .data          0x00000000000949d4        0x0 src/kernel/server/clock.o
 .data          0x00000000000949d4        0x0 src/kernel/server/io.o
 .data          0x00000000000949d4        0x0 src/kernel/server/nameserver.o
 .data          0x00000000000949d4        0x0 src/kernel/server/timer.o
 .data          0x00000000000949d4        0x0 src/kernel/syscall.o
 .data          0x00000000000949d4        0x0 src/kernel/taskframe.o
 .data          0x00000000000949d4        0x0 src/kernel/tasks.o
 .data          0x00000000000949d4        0x0 src/kernel/util/assert.o
 .data          0x00000000000949d4        0x0 src/kernel/util/util.o
 .data          0x00000000000949d4        0x0 src/main.o
 .data          0x00000000000949d4        0x0 src/train/delaystop.o
 .data          0x00000000000949d4        0x0 src/train/pathfinding.o
 .data          0x00000000000949d4        0x0 src/train/reverse.o
 .data          0x00000000000949d4        0x0 src/train/sensors.o
 .data          0x00000000000949d4        0x0 src/train/switches.o
 .data          0x00000000000949d4        0x0 src/train/track_data.o
 *fill*         0x00000000000949d4        0x4 
 .data          0x00000000000949d8     0xc800 src/train/trainconstants.o
                0x00000000000949d8                pcp_dists_b
                0x000000000009add8                pcp_dists_a
 .data          0x00000000000a11d8        0x0 src/train/traincontrol.o
 .data          0x00000000000a11d8        0x0 src/train/trainserver.o
 .data          0x00000000000a11d8        0x0 src/kernel/asm/context_switching.o
 .data          0x00000000000a11d8        0x0 src/kernel/asm/exception_vector.o
 .data          0x00000000000a11d8        0x0 src/kernel/boot/boot.o

.igot.plt       0x00000000000a11d8        0x0
 .igot.plt      0x00000000000a11d8        0x0 src/kernel/data_structures/heap.o
                0x00000000000a11e0                . = ALIGN (0x10)
                0x00000000000a11e0                bss_begin = .

.bss            0x00000000000a11e0       0x20
 *(.bss)
 .bss           0x00000000000a11e0        0x0 src/kernel/data_structures/char_cb.o
 .bss           0x00000000000a11e0        0x0 src/kernel/data_structures/heap.o
 .bss           0x00000000000a11e0        0x0 src/kernel/data_structures/int_cb.o
 .bss           0x00000000000a11e0        0x0 src/kernel/exception.o
 .bss           0x00000000000a11e0        0x0 src/kernel/interrupt.o
 .bss           0x00000000000a11e0        0x0 src/kernel/k2/gameclient.o
 .bss           0x00000000000a11e0        0x0 src/kernel/k2/gameserver.o
 .bss           0x00000000000a11e0        0x0 src/kernel/k_handler.o
 .bss           0x00000000000a11e0        0x0 src/kernel/peripheral/rpi.o
 .bss           0x00000000000a11e0        0x0 src/kernel/server/clock.o
 .bss           0x00000000000a11e0        0x0 src/kernel/server/io.o
 .bss           0x00000000000a11e0        0x0 src/kernel/server/nameserver.o
 .bss           0x00000000000a11e0        0x0 src/kernel/server/timer.o
 .bss           0x00000000000a11e0        0x0 src/kernel/syscall.o
 .bss           0x00000000000a11e0        0x0 src/kernel/taskframe.o
 .bss           0x00000000000a11e0        0x0 src/kernel/tasks.o
 .bss           0x00000000000a11e0        0x0 src/kernel/util/assert.o
 .bss           0x00000000000a11e0        0x0 src/kernel/util/util.o
 .bss           0x00000000000a11e0       0x20 src/main.o
                0x00000000000a11e0                p_program_start
                0x00000000000a11e8                p_idle_task_total
                0x00000000000a11f0                kf
                0x00000000000a11f8                currentTaskFrame
 .bss           0x00000000000a1200        0x0 src/train/delaystop.o
 .bss           0x00000000000a1200        0x0 src/train/pathfinding.o
 .bss           0x00000000000a1200        0x0 src/train/reverse.o
 .bss           0x00000000000a1200        0x0 src/train/sensors.o
 .bss           0x00000000000a1200        0x0 src/train/switches.o
 .bss           0x00000000000a1200        0x0 src/train/track_data.o
 .bss           0x00000000000a1200        0x0 src/train/trainconstants.o
 .bss           0x00000000000a1200        0x0 src/train/traincontrol.o
 .bss           0x00000000000a1200        0x0 src/train/trainserver.o
 .bss           0x00000000000a1200        0x0 src/kernel/asm/context_switching.o
 .bss           0x00000000000a1200        0x0 src/kernel/asm/exception_vector.o
 .bss           0x00000000000a1200        0x0 src/kernel/boot/boot.o
                0x00000000000a1200                bss_end = .
                0x00000000000a1210                . = (. + 0x10)
                0x00000000000a1210                user_stack_start = .
LOAD /u3/cs452/public/xdev/bin/../lib/gcc/aarch64-none-elf/12.3.1/libgcc.a
LOAD /u3/cs452/public/xdev/bin/../lib/gcc/aarch64-none-elf/12.3.1/../../../../aarch64-none-elf/lib/libg.a
LOAD /u3/cs452/public/xdev/bin/../lib/gcc/aarch64-none-elf/12.3.1/../../../../aarch64-none-elf/lib/libc.a
LOAD /u3/cs452/public/xdev/bin/../lib/gcc/aarch64-none-elf/12.3.1/libgcc.a
OUTPUT(iotest.elf elf64-littleaarch64)
LOAD linker stubs

.debug_info     0x0000000000000000    0x17dca
 .debug_info    0x0000000000000000      0x3cd src/kernel/data_structures/char_cb.o
 .debug_info    0x00000000000003cd      0x558 src/kernel/data_structures/heap.o
 .debug_info    0x0000000000000925      0x3a6 src/kernel/data_structures/int_cb.o
 .debug_info    0x0000000000000ccb      0x126 src/kernel/exception.o
 .debug_info    0x0000000000000df1      0x535 src/kernel/interrupt.o
 .debug_info    0x0000000000001326     0x2d7d src/kernel/k2/gameclient.o
 .debug_info    0x00000000000040a3     0x1dfe src/kernel/k2/gameserver.o
 .debug_info    0x0000000000005ea1     0x1c3d src/kernel/k_handler.o
 .debug_info    0x0000000000007ade     0x1279 src/kernel/peripheral/rpi.o
 .debug_info    0x0000000000008d57      0xca2 src/kernel/server/clock.o
 .debug_info    0x00000000000099f9     0x2668 src/kernel/server/io.o
 .debug_info    0x000000000000c061      0xab8 src/kernel/server/nameserver.o
 .debug_info    0x000000000000cb19      0x31d src/kernel/server/timer.o
 .debug_info    0x000000000000ce36      0x37b src/kernel/syscall.o
 .debug_info    0x000000000000d1b1      0x739 src/kernel/taskframe.o
 .debug_info    0x000000000000d8ea     0x16a3 src/kernel/tasks.o
 .debug_info    0x000000000000ef8d       0xfc src/kernel/util/assert.o
 .debug_info    0x000000000000f089      0x8e2 src/kernel/util/util.o
 .debug_info    0x000000000000f96b      0xc3f src/main.o
 .debug_info    0x00000000000105aa      0x390 src/train/delaystop.o
 .debug_info    0x000000000001093a     0x1b9c src/train/pathfinding.o
 .debug_info    0x00000000000124d6      0x484 src/train/reverse.o
 .debug_info    0x000000000001295a      0x7c3 src/train/sensors.o
 .debug_info    0x000000000001311d      0xe59 src/train/switches.o
 .debug_info    0x0000000000013f76      0x229 src/train/track_data.o
 .debug_info    0x000000000001419f      0x426 src/train/trainconstants.o
 .debug_info    0x00000000000145c5     0x1736 src/train/traincontrol.o
 .debug_info    0x0000000000015cfb     0x2054 src/train/trainserver.o
 .debug_info    0x0000000000017d4f       0x29 src/kernel/asm/context_switching.o
 .debug_info    0x0000000000017d78       0x29 src/kernel/asm/exception_vector.o
 .debug_info    0x0000000000017da1       0x29 src/kernel/boot/boot.o

.debug_abbrev   0x0000000000000000     0x43b0
 .debug_abbrev  0x0000000000000000      0x1d1 src/kernel/data_structures/char_cb.o
 .debug_abbrev  0x00000000000001d1      0x24c src/kernel/data_structures/heap.o
 .debug_abbrev  0x000000000000041d      0x1ce src/kernel/data_structures/int_cb.o
 .debug_abbrev  0x00000000000005eb       0xbb src/kernel/exception.o
 .debug_abbrev  0x00000000000006a6      0x141 src/kernel/interrupt.o
 .debug_abbrev  0x00000000000007e7      0x248 src/kernel/k2/gameclient.o
 .debug_abbrev  0x0000000000000a2f      0x3e8 src/kernel/k2/gameserver.o
 .debug_abbrev  0x0000000000000e17      0x3a0 src/kernel/k_handler.o
 .debug_abbrev  0x00000000000011b7      0x4a0 src/kernel/peripheral/rpi.o
 .debug_abbrev  0x0000000000001657      0x2e7 src/kernel/server/clock.o
 .debug_abbrev  0x000000000000193e      0x421 src/kernel/server/io.o
 .debug_abbrev  0x0000000000001d5f      0x2c3 src/kernel/server/nameserver.o
 .debug_abbrev  0x0000000000002022      0x1f0 src/kernel/server/timer.o
 .debug_abbrev  0x0000000000002212      0x131 src/kernel/syscall.o
 .debug_abbrev  0x0000000000002343      0x1ed src/kernel/taskframe.o
 .debug_abbrev  0x0000000000002530      0x288 src/kernel/tasks.o
 .debug_abbrev  0x00000000000027b8       0xac src/kernel/util/assert.o
 .debug_abbrev  0x0000000000002864      0x25f src/kernel/util/util.o
 .debug_abbrev  0x0000000000002ac3      0x29a src/main.o
 .debug_abbrev  0x0000000000002d5d      0x1ad src/train/delaystop.o
 .debug_abbrev  0x0000000000002f0a      0x424 src/train/pathfinding.o
 .debug_abbrev  0x000000000000332e      0x14b src/train/reverse.o
 .debug_abbrev  0x0000000000003479      0x1a8 src/train/sensors.o
 .debug_abbrev  0x0000000000003621      0x345 src/train/switches.o
 .debug_abbrev  0x0000000000003966      0x137 src/train/track_data.o
 .debug_abbrev  0x0000000000003a9d      0x1c8 src/train/trainconstants.o
 .debug_abbrev  0x0000000000003c65      0x3d0 src/train/traincontrol.o
 .debug_abbrev  0x0000000000004035      0x33f src/train/trainserver.o
 .debug_abbrev  0x0000000000004374       0x14 src/kernel/asm/context_switching.o
 .debug_abbrev  0x0000000000004388       0x14 src/kernel/asm/exception_vector.o
 .debug_abbrev  0x000000000000439c       0x14 src/kernel/boot/boot.o

.debug_loclists
                0x0000000000000000     0xb19e
 .debug_loclists
                0x0000000000000000      0x101 src/kernel/data_structures/char_cb.o
 .debug_loclists
                0x0000000000000101      0x309 src/kernel/data_structures/heap.o
 .debug_loclists
                0x000000000000040a       0xe3 src/kernel/data_structures/int_cb.o
 .debug_loclists
                0x00000000000004ed       0x25 src/kernel/exception.o
 .debug_loclists
                0x0000000000000512      0x379 src/kernel/interrupt.o
 .debug_loclists
                0x000000000000088b     0x164f src/kernel/k2/gameclient.o
 .debug_loclists
                0x0000000000001eda      0xa5d src/kernel/k2/gameserver.o
 .debug_loclists
                0x0000000000002937     0x1001 src/kernel/k_handler.o
 .debug_loclists
                0x0000000000003938      0xae9 src/kernel/peripheral/rpi.o
 .debug_loclists
                0x0000000000004421      0x3a7 src/kernel/server/clock.o
 .debug_loclists
                0x00000000000047c8     0x14bc src/kernel/server/io.o
 .debug_loclists
                0x0000000000005c84      0x3db src/kernel/server/nameserver.o
 .debug_loclists
                0x000000000000605f       0xd3 src/kernel/server/timer.o
 .debug_loclists
                0x0000000000006132       0xd0 src/kernel/syscall.o
 .debug_loclists
                0x0000000000006202      0x272 src/kernel/taskframe.o
 .debug_loclists
                0x0000000000006474      0x37d src/kernel/tasks.o
 .debug_loclists
                0x00000000000067f1       0x25 src/kernel/util/assert.o
 .debug_loclists
                0x0000000000006816      0xc0c src/kernel/util/util.o
 .debug_loclists
                0x0000000000007422       0xc0 src/main.o
 .debug_loclists
                0x00000000000074e2       0x62 src/train/delaystop.o
 .debug_loclists
                0x0000000000007544      0xef3 src/train/pathfinding.o
 .debug_loclists
                0x0000000000008437       0x85 src/train/reverse.o
 .debug_loclists
                0x00000000000084bc      0x2f7 src/train/sensors.o
 .debug_loclists
                0x00000000000087b3      0x62e src/train/switches.o
 .debug_loclists
                0x0000000000008de1      0x1eb src/train/track_data.o
 .debug_loclists
                0x0000000000008fcc      0x224 src/train/trainconstants.o
 .debug_loclists
                0x00000000000091f0      0xec3 src/train/traincontrol.o
 .debug_loclists
                0x000000000000a0b3     0x10eb src/train/trainserver.o

.debug_aranges  0x0000000000000000      0x5d0
 .debug_aranges
                0x0000000000000000       0x30 src/kernel/data_structures/char_cb.o
 .debug_aranges
                0x0000000000000030       0x30 src/kernel/data_structures/heap.o
 .debug_aranges
                0x0000000000000060       0x30 src/kernel/data_structures/int_cb.o
 .debug_aranges
                0x0000000000000090       0x30 src/kernel/exception.o
 .debug_aranges
                0x00000000000000c0       0x30 src/kernel/interrupt.o
 .debug_aranges
                0x00000000000000f0       0x30 src/kernel/k2/gameclient.o
 .debug_aranges
                0x0000000000000120       0x30 src/kernel/k2/gameserver.o
 .debug_aranges
                0x0000000000000150       0x30 src/kernel/k_handler.o
 .debug_aranges
                0x0000000000000180       0x30 src/kernel/peripheral/rpi.o
 .debug_aranges
                0x00000000000001b0       0x30 src/kernel/server/clock.o
 .debug_aranges
                0x00000000000001e0       0x30 src/kernel/server/io.o
 .debug_aranges
                0x0000000000000210       0x30 src/kernel/server/nameserver.o
 .debug_aranges
                0x0000000000000240       0x30 src/kernel/server/timer.o
 .debug_aranges
                0x0000000000000270       0x30 src/kernel/syscall.o
 .debug_aranges
                0x00000000000002a0       0x30 src/kernel/taskframe.o
 .debug_aranges
                0x00000000000002d0       0x30 src/kernel/tasks.o
 .debug_aranges
                0x0000000000000300       0x30 src/kernel/util/assert.o
 .debug_aranges
                0x0000000000000330       0x30 src/kernel/util/util.o
 .debug_aranges
                0x0000000000000360       0x30 src/main.o
 .debug_aranges
                0x0000000000000390       0x30 src/train/delaystop.o
 .debug_aranges
                0x00000000000003c0       0x30 src/train/pathfinding.o
 .debug_aranges
                0x00000000000003f0       0x30 src/train/reverse.o
 .debug_aranges
                0x0000000000000420       0x30 src/train/sensors.o
 .debug_aranges
                0x0000000000000450       0x30 src/train/switches.o
 .debug_aranges
                0x0000000000000480       0x30 src/train/track_data.o
 .debug_aranges
                0x00000000000004b0       0x30 src/train/trainconstants.o
 .debug_aranges
                0x00000000000004e0       0x30 src/train/traincontrol.o
 .debug_aranges
                0x0000000000000510       0x30 src/train/trainserver.o
 .debug_aranges
                0x0000000000000540       0x30 src/kernel/asm/context_switching.o
 .debug_aranges
                0x0000000000000570       0x30 src/kernel/asm/exception_vector.o
 .debug_aranges
                0x00000000000005a0       0x30 src/kernel/boot/boot.o

.debug_rnglists
                0x0000000000000000     0x115a
 .debug_rnglists
                0x0000000000000000       0x2b src/kernel/data_structures/char_cb.o
 .debug_rnglists
                0x000000000000002b       0x68 src/kernel/data_structures/heap.o
 .debug_rnglists
                0x0000000000000093       0x2e src/kernel/data_structures/int_cb.o
 .debug_rnglists
                0x00000000000000c1       0x85 src/kernel/interrupt.o
 .debug_rnglists
                0x0000000000000146      0x3b7 src/kernel/k2/gameclient.o
 .debug_rnglists
                0x00000000000004fd      0x19b src/kernel/k2/gameserver.o
 .debug_rnglists
                0x0000000000000698      0x187 src/kernel/k_handler.o
 .debug_rnglists
                0x000000000000081f       0xc4 src/kernel/peripheral/rpi.o
 .debug_rnglists
                0x00000000000008e3       0x6c src/kernel/server/clock.o
 .debug_rnglists
                0x000000000000094f      0x195 src/kernel/server/io.o
 .debug_rnglists
                0x0000000000000ae4       0x79 src/kernel/server/nameserver.o
 .debug_rnglists
                0x0000000000000b5d       0x3b src/kernel/server/timer.o
 .debug_rnglists
                0x0000000000000b98       0x65 src/kernel/taskframe.o
 .debug_rnglists
                0x0000000000000bfd       0x7a src/kernel/tasks.o
 .debug_rnglists
                0x0000000000000c77       0x73 src/kernel/util/util.o
 .debug_rnglists
                0x0000000000000cea       0x37 src/main.o
 .debug_rnglists
                0x0000000000000d21      0x17c src/train/pathfinding.o
 .debug_rnglists
                0x0000000000000e9d       0x3f src/train/reverse.o
 .debug_rnglists
                0x0000000000000edc       0x8c src/train/sensors.o
 .debug_rnglists
                0x0000000000000f68       0x70 src/train/switches.o
 .debug_rnglists
                0x0000000000000fd8       0x2b src/train/track_data.o
 .debug_rnglists
                0x0000000000001003       0x1e src/train/trainconstants.o
 .debug_rnglists
                0x0000000000001021       0x43 src/train/traincontrol.o
 .debug_rnglists
                0x0000000000001064       0xf6 src/train/trainserver.o

.debug_line     0x0000000000000000    0x109ce
 .debug_line    0x0000000000000000      0x1be src/kernel/data_structures/char_cb.o
 .debug_line    0x00000000000001be      0x355 src/kernel/data_structures/heap.o
 .debug_line    0x0000000000000513      0x1a5 src/kernel/data_structures/int_cb.o
 .debug_line    0x00000000000006b8       0xad src/kernel/exception.o
 .debug_line    0x0000000000000765      0x1f9 src/kernel/interrupt.o
 .debug_line    0x000000000000095e      0xc06 src/kernel/k2/gameclient.o
 .debug_line    0x0000000000001564      0xbc9 src/kernel/k2/gameserver.o
 .debug_line    0x000000000000212d      0xc1b src/kernel/k_handler.o
 .debug_line    0x0000000000002d48      0x680 src/kernel/peripheral/rpi.o
 .debug_line    0x00000000000033c8      0x567 src/kernel/server/clock.o
 .debug_line    0x000000000000392f     0x12a9 src/kernel/server/io.o
 .debug_line    0x0000000000004bd8      0x475 src/kernel/server/nameserver.o
 .debug_line    0x000000000000504d      0x155 src/kernel/server/timer.o
 .debug_line    0x00000000000051a2       0xe6 src/kernel/syscall.o
 .debug_line    0x0000000000005288      0x381 src/kernel/taskframe.o
 .debug_line    0x0000000000005609      0x709 src/kernel/tasks.o
 .debug_line    0x0000000000005d12       0x96 src/kernel/util/assert.o
 .debug_line    0x0000000000005da8      0x860 src/kernel/util/util.o
 .debug_line    0x0000000000006608      0x2e1 src/main.o
 .debug_line    0x00000000000068e9      0x134 src/train/delaystop.o
 .debug_line    0x0000000000006a1d     0x17c9 src/train/pathfinding.o
 .debug_line    0x00000000000081e6      0x127 src/train/reverse.o
 .debug_line    0x000000000000830d      0x2ce src/train/sensors.o
 .debug_line    0x00000000000085db      0x62b src/train/switches.o
 .debug_line    0x0000000000008c06     0x64e9 src/train/track_data.o
 .debug_line    0x000000000000f0ef      0x1ac src/train/trainconstants.o
 .debug_line    0x000000000000f29b      0x946 src/train/traincontrol.o
 .debug_line    0x000000000000fbe1      0xc91 src/train/trainserver.o
 .debug_line    0x0000000000010872       0x62 src/kernel/asm/context_switching.o
 .debug_line    0x00000000000108d4       0x89 src/kernel/asm/exception_vector.o
 .debug_line    0x000000000001095d       0x71 src/kernel/boot/boot.o

.debug_str      0x0000000000000000     0x1efc
 .debug_str     0x0000000000000000      0x15c src/kernel/data_structures/char_cb.o
                                        0x19a (size before relaxing)
 .debug_str     0x000000000000015c       0x87 src/kernel/data_structures/heap.o
                                        0x1b0 (size before relaxing)
 .debug_str     0x00000000000001e3       0x5b src/kernel/data_structures/int_cb.o
                                        0x193 (size before relaxing)
 .debug_str     0x000000000000023e       0x31 src/kernel/exception.o
                                        0x156 (size before relaxing)
 .debug_str     0x000000000000026f       0x69 src/kernel/interrupt.o
                                        0x16c (size before relaxing)
 .debug_str     0x00000000000002d8      0x118 src/kernel/k2/gameclient.o
                                        0x24d (size before relaxing)
 .debug_str     0x00000000000003f0      0x17a src/kernel/k2/gameserver.o
                                        0x35f (size before relaxing)
 .debug_str     0x000000000000056a      0x397 src/kernel/k_handler.o
                                        0x57c (size before relaxing)
 .debug_str     0x0000000000000901      0x432 src/kernel/peripheral/rpi.o
                                        0x631 (size before relaxing)
 .debug_str     0x0000000000000d33      0x10b src/kernel/server/clock.o
                                        0x306 (size before relaxing)
 .debug_str     0x0000000000000e3e      0x212 src/kernel/server/io.o
                                        0x54a (size before relaxing)
 .debug_str     0x0000000000001050       0x7b src/kernel/server/nameserver.o
                                        0x1f9 (size before relaxing)
 .debug_str     0x00000000000010cb       0x9c src/kernel/server/timer.o
                                        0x1e8 (size before relaxing)
 .debug_str     0x0000000000001167       0x53 src/kernel/syscall.o
                                        0x1d6 (size before relaxing)
 .debug_str     0x00000000000011ba       0x62 src/kernel/taskframe.o
                                        0x310 (size before relaxing)
 .debug_str     0x000000000000121c      0x1a1 src/kernel/tasks.o
                                        0x491 (size before relaxing)
 .debug_str     0x00000000000013bd      0x122 src/kernel/util/assert.o
 .debug_str     0x00000000000013bd       0x61 src/kernel/util/util.o
                                        0x17a (size before relaxing)
 .debug_str     0x000000000000141e       0x9f src/main.o
                                        0x48f (size before relaxing)
 .debug_str     0x00000000000014bd       0x26 src/train/delaystop.o
                                        0x19b (size before relaxing)
 .debug_str     0x00000000000014e3      0x3a7 src/train/pathfinding.o
                                        0x60a (size before relaxing)
 .debug_str     0x000000000000188a       0x27 src/train/reverse.o
                                        0x1a9 (size before relaxing)
 .debug_str     0x00000000000018b1       0x9c src/train/sensors.o
                                        0x3ca (size before relaxing)
 .debug_str     0x000000000000194d       0x92 src/train/switches.o
                                        0x35d (size before relaxing)
 .debug_str     0x00000000000019df      0x1a9 src/train/track_data.o
 .debug_str     0x00000000000019df      0x100 src/train/trainconstants.o
                                        0x20f (size before relaxing)
 .debug_str     0x0000000000001adf       0xe3 src/train/traincontrol.o
                                        0x416 (size before relaxing)
 .debug_str     0x0000000000001bc2      0x2b8 src/train/trainserver.o
                                        0x7a6 (size before relaxing)
 .debug_str     0x0000000000001e7a       0x49 src/kernel/asm/context_switching.o
 .debug_str     0x0000000000001ec3       0x22 src/kernel/asm/exception_vector.o
                                         0x48 (size before relaxing)
 .debug_str     0x0000000000001ee5       0x17 src/kernel/boot/boot.o
                                         0x3d (size before relaxing)

.debug_line_str
                0x0000000000000000      0x51d
 .debug_line_str
                0x0000000000000000       0xa9 src/kernel/data_structures/char_cb.o
                                         0xdd (size before relaxing)
 .debug_line_str
                0x00000000000000a9       0x2f src/kernel/data_structures/heap.o
                                         0xd7 (size before relaxing)
 .debug_line_str
                0x00000000000000d8       0x2d src/kernel/data_structures/int_cb.o
                                         0xd9 (size before relaxing)
 .debug_line_str
                0x0000000000000105       0x2f src/kernel/exception.o
                                         0xcc (size before relaxing)
 .debug_line_str
                0x0000000000000134       0x20 src/kernel/interrupt.o
                                         0xc6 (size before relaxing)
 .debug_line_str
                0x0000000000000154       0x4d src/kernel/k2/gameclient.o
                                         0xec (size before relaxing)
 .debug_line_str
                0x00000000000001a1       0x2d src/kernel/k2/gameserver.o
                                         0xfe (size before relaxing)
 .debug_line_str
                0x00000000000001ce       0x37 src/kernel/k_handler.o
                                        0x10d (size before relaxing)
 .debug_line_str
                0x0000000000000205       0x47 src/kernel/peripheral/rpi.o
                                         0xf1 (size before relaxing)
 .debug_line_str
                0x000000000000024c       0x34 src/kernel/server/clock.o
                                         0xfb (size before relaxing)
 .debug_line_str
                0x0000000000000280       0x1c src/kernel/server/io.o
                                        0x117 (size before relaxing)
 .debug_line_str
                0x000000000000029c       0x1f src/kernel/server/nameserver.o
                                         0xee (size before relaxing)
 .debug_line_str
                0x00000000000002bb       0x1a src/kernel/server/timer.o
                                         0xb7 (size before relaxing)
 .debug_line_str
                0x00000000000002d5       0x15 src/kernel/syscall.o
                                         0x64 (size before relaxing)
 .debug_line_str
                0x00000000000002ea       0x17 src/kernel/taskframe.o
                                         0xdb (size before relaxing)
 .debug_line_str
                0x0000000000000301       0x7e src/kernel/tasks.o
                                        0x176 (size before relaxing)
 .debug_line_str
                0x000000000000037f       0x29 src/kernel/util/assert.o
                                         0xc0 (size before relaxing)
 .debug_line_str
                0x00000000000003a8       0x17 src/kernel/util/util.o
                                         0xac (size before relaxing)
 .debug_line_str
                0x00000000000003bf       0x1b src/main.o
                                        0x109 (size before relaxing)
 .debug_line_str
                0x00000000000003da       0x20 src/train/delaystop.o
                                         0xd9 (size before relaxing)
 .debug_line_str
                0x00000000000003fa       0x25 src/train/pathfinding.o
                                        0x129 (size before relaxing)
 .debug_line_str
                0x000000000000041f       0x14 src/train/reverse.o
                                         0xc6 (size before relaxing)
 .debug_line_str
                0x0000000000000433       0x14 src/train/sensors.o
                                         0xf3 (size before relaxing)
 .debug_line_str
                0x0000000000000447       0x15 src/train/switches.o
                                         0xf5 (size before relaxing)
 .debug_line_str
                0x000000000000045c       0x17 src/train/track_data.o
                                         0x80 (size before relaxing)
 .debug_line_str
                0x0000000000000473       0x1b src/train/trainconstants.o
                                         0xc2 (size before relaxing)
 .debug_line_str
                0x000000000000048e       0x19 src/train/traincontrol.o
                                         0xde (size before relaxing)
 .debug_line_str
                0x00000000000004a7       0x29 src/train/trainserver.o
                                        0x13f (size before relaxing)
 .debug_line_str
                0x00000000000004d0       0x23 src/kernel/asm/context_switching.o
                                         0x3b (size before relaxing)
 .debug_line_str
                0x00000000000004f3       0x13 src/kernel/asm/exception_vector.o
                                         0x3a (size before relaxing)
 .debug_line_str
                0x0000000000000506       0x17 src/kernel/boot/boot.o
                                         0x2f (size before relaxing)

.comment        0x0000000000000000       0x45
 .comment       0x0000000000000000       0x45 src/kernel/data_structures/char_cb.o
                                         0x46 (size before relaxing)
 .comment       0x0000000000000045       0x46 src/kernel/data_structures/heap.o
 .comment       0x0000000000000045       0x46 src/kernel/data_structures/int_cb.o
 .comment       0x0000000000000045       0x46 src/kernel/exception.o
 .comment       0x0000000000000045       0x46 src/kernel/interrupt.o
 .comment       0x0000000000000045       0x46 src/kernel/k2/gameclient.o
 .comment       0x0000000000000045       0x46 src/kernel/k2/gameserver.o
 .comment       0x0000000000000045       0x46 src/kernel/k_handler.o
 .comment       0x0000000000000045       0x46 src/kernel/peripheral/rpi.o
 .comment       0x0000000000000045       0x46 src/kernel/server/clock.o
 .comment       0x0000000000000045       0x46 src/kernel/server/io.o
 .comment       0x0000000000000045       0x46 src/kernel/server/nameserver.o
 .comment       0x0000000000000045       0x46 src/kernel/server/timer.o
 .comment       0x0000000000000045       0x46 src/kernel/syscall.o
 .comment       0x0000000000000045       0x46 src/kernel/taskframe.o
 .comment       0x0000000000000045       0x46 src/kernel/tasks.o
 .comment       0x0000000000000045       0x46 src/kernel/util/assert.o
 .comment       0x0000000000000045       0x46 src/kernel/util/util.o
 .comment       0x0000000000000045       0x46 src/main.o
 .comment       0x0000000000000045       0x46 src/train/delaystop.o
 .comment       0x0000000000000045       0x46 src/train/pathfinding.o
 .comment       0x0000000000000045       0x46 src/train/reverse.o
 .comment       0x0000000000000045       0x46 src/train/sensors.o
 .comment       0x0000000000000045       0x46 src/train/switches.o
 .comment       0x0000000000000045       0x46 src/train/track_data.o
 .comment       0x0000000000000045       0x46 src/train/trainconstants.o
 .comment       0x0000000000000045       0x46 src/train/traincontrol.o
 .comment       0x0000000000000045       0x46 src/train/trainserver.o

.debug_frame    0x0000000000000000     0x26d8
 .debug_frame   0x0000000000000000       0xa0 src/kernel/data_structures/char_cb.o
 .debug_frame   0x00000000000000a0      0x148 src/kernel/data_structures/heap.o
 .debug_frame   0x00000000000001e8       0xa0 src/kernel/data_structures/int_cb.o
 .debug_frame   0x0000000000000288       0x48 src/kernel/exception.o
 .debug_frame   0x00000000000002d0       0xa0 src/kernel/interrupt.o
 .debug_frame   0x0000000000000370      0x460 src/kernel/k2/gameclient.o
 .debug_frame   0x00000000000007d0      0x130 src/kernel/k2/gameserver.o
 .debug_frame   0x0000000000000900      0x328 src/kernel/k_handler.o
 .debug_frame   0x0000000000000c28      0x348 src/kernel/peripheral/rpi.o
 .debug_frame   0x0000000000000f70      0x170 src/kernel/server/clock.o
 .debug_frame   0x00000000000010e0      0x308 src/kernel/server/io.o
 .debug_frame   0x00000000000013e8       0xf0 src/kernel/server/nameserver.o
 .debug_frame   0x00000000000014d8       0xd0 src/kernel/server/timer.o
 .debug_frame   0x00000000000015a8      0x118 src/kernel/syscall.o
 .debug_frame   0x00000000000016c0      0x138 src/kernel/taskframe.o
 .debug_frame   0x00000000000017f8      0x218 src/kernel/tasks.o
 .debug_frame   0x0000000000001a10       0x30 src/kernel/util/assert.o
 .debug_frame   0x0000000000001a40      0x160 src/kernel/util/util.o
 .debug_frame   0x0000000000001ba0       0x98 src/main.o
 .debug_frame   0x0000000000001c38       0x60 src/train/delaystop.o
 .debug_frame   0x0000000000001c98      0x1d8 src/train/pathfinding.o
 .debug_frame   0x0000000000001e70       0x48 src/train/reverse.o
 .debug_frame   0x0000000000001eb8       0x48 src/train/sensors.o
 .debug_frame   0x0000000000001f00      0x180 src/train/switches.o
 .debug_frame   0x0000000000002080       0xb0 src/train/track_data.o
 .debug_frame   0x0000000000002130       0xd0 src/train/trainconstants.o
 .debug_frame   0x0000000000002200      0x340 src/train/traincontrol.o
 .debug_frame   0x0000000000002540      0x198 src/train/trainserver.o
