
Memory Configuration

Name             Origin             Length             Attributes
*default*        0x0000000000000000 0xffffffffffffffff

Linker script and memory map

LOAD src/kernel/data_structures/char_cb.o
LOAD src/kernel/data_structures/heap.o
LOAD src/kernel/data_structures/int_cb.o
LOAD src/kernel/exception.o
LOAD src/kernel/interrupt.o
LOAD src/kernel/k2/gameclient.o
LOAD src/kernel/k2/gameserver.o
LOAD src/kernel/k_handler.o
LOAD src/kernel/peripheral/rpi.o
LOAD src/kernel/server/clock.o
LOAD src/kernel/server/io.o
LOAD src/kernel/server/nameserver.o
LOAD src/kernel/server/timer.o
LOAD src/kernel/syscall.o
LOAD src/kernel/taskframe.o
LOAD src/kernel/tasks.o
LOAD src/kernel/util/assert.o
LOAD src/kernel/util/util.o
LOAD src/main.o
LOAD src/train/delaystop.o
LOAD src/train/pathfinding.o
LOAD src/train/reverse.o
LOAD src/train/sensors.o
LOAD src/train/switches.o
LOAD src/train/track_data.o
LOAD src/train/traincontrol.o
LOAD src/train/trainserver.o
LOAD src/kernel/asm/context_switching.o
LOAD src/kernel/asm/exception_vector.o
LOAD src/kernel/boot/boot.o

.stack          0x0000000000000000    0x7fff0
 *(.stack)
 .stack         0x0000000000000000    0x7fff0 src/kernel/boot/boot.o
                0x0000000000080000                . = 0x80000

.text.boot      0x0000000000080000       0xa8
 *(.text.boot)
 .text.boot     0x0000000000080000       0xa8 src/kernel/boot/boot.o
                0x0000000000080000                start

.text.evt       0x0000000000080800      0x7fc
 *(.text.evt)
 .text.evt      0x0000000000080800      0x7fc src/kernel/asm/exception_vector.o
                0x0000000000080800                exception_vector

.text           0x0000000000081000     0xfbf0
 *(.text*)
 .text          0x0000000000081000      0x10c src/kernel/data_structures/char_cb.o
                0x0000000000081000                initialize_charcb
                0x0000000000081020                increment_charcb
                0x0000000000081030                push_charcb
                0x00000000000810a0                is_empty_charcb
                0x00000000000810b0                peek_charcb
                0x00000000000810d0                pop_charcb
 *fill*         0x000000000008110c        0x4 
 .text          0x0000000000081110      0x300 src/kernel/data_structures/heap.o
                0x0000000000081110                heap_init
                0x0000000000081120                swap
                0x0000000000081140                sift_up
                0x00000000000811c0                heap_push
                0x0000000000081280                sift_down
                0x00000000000813a0                heap_peek
                0x00000000000813c0                heap_pop
 .text          0x0000000000081410       0xfc src/kernel/data_structures/int_cb.o
                0x0000000000081410                initialize_intcb
                0x0000000000081430                increment_intcb
                0x0000000000081440                decrement_intcb
                0x0000000000081460                push_intcb
                0x00000000000814c0                is_empty_intcb
                0x00000000000814d0                pop_intcb
 *fill*         0x000000000008150c        0x4 
 .text          0x0000000000081510       0x30 src/kernel/exception.o
                0x0000000000081510                init_exception_vector
                0x0000000000081520                invalid_exception
 .text          0x0000000000081540      0x19c src/kernel/interrupt.o
                0x0000000000081540                route_irq
                0x00000000000815d0                enable_irq
                0x0000000000081610                disable_irq
                0x0000000000081650                enable_irqs
                0x00000000000816b0                disable_irqs
 *fill*         0x00000000000816dc        0x4 
 .text          0x00000000000816e0     0x12ac src/kernel/k2/gameclient.o
                0x00000000000816e0                scissor_quit
                0x00000000000818d0                paper_quit
                0x0000000000081ac0                rock_quit
                0x0000000000081cc0                spr_quit
                0x0000000000081ee0                rps_quit
                0x0000000000082100                paper_move_quit
                0x0000000000082370                rps_move_quit
                0x0000000000082610                lookup_gameserver
                0x0000000000082670                signup
                0x0000000000082700                move
                0x00000000000827e0                quit
                0x0000000000082890                test1
                0x00000000000828f0                test2
                0x0000000000082940                test3
 *fill*         0x000000000008298c        0x4 
 .text          0x0000000000082990      0xcf8 src/kernel/k2/gameserver.o
                0x0000000000082990                gameserver_signup
                0x0000000000082a20                gameserver_play
                0x0000000000082ac0                gameserver_quit
                0x0000000000082b40                winner
                0x0000000000082b90                set_response
                0x0000000000082c00                gameserver
 *fill*         0x0000000000083688        0x8 
 .text          0x0000000000083690      0xb20 src/kernel/k_handler.o
                0x0000000000083690                task_init
                0x00000000000836b0                copy_msg
                0x00000000000836f0                reschedule_task_with_return
                0x0000000000083730                handle_create
                0x0000000000083850                handle_exit
                0x00000000000838a0                handle_my_tid
                0x00000000000838e0                handle_parent_tid
                0x0000000000083920                handle_yield
                0x0000000000083960                handle_send
                0x0000000000083b30                handle_receive
                0x0000000000083cb0                handle_reply
                0x0000000000083e50                handle_await_event
                0x0000000000083f90                handle_irq
 .text          0x00000000000841b0      0x850 src/kernel/peripheral/rpi.o
                0x0000000000084490                gpio_init
                0x00000000000844f0                uart_config_and_enable
                0x0000000000084560                uart_get_interrupt_lines
                0x0000000000084570                uart_irq_id
                0x0000000000084590                uart_ifls
                0x00000000000845b0                uart_mis
                0x00000000000845d0                uart_mis_tx
                0x00000000000845f0                uart_mis_rx
                0x0000000000084610                uart_mis_cts
                0x0000000000084630                uart_cts
                0x0000000000084650                uart_enable_tx
                0x0000000000084670                uart_enable_rx
                0x0000000000084690                uart_enable_cts
                0x00000000000846b0                uart_disable_tx
                0x00000000000846d0                uart_disable_rx
                0x00000000000846f0                uart_disable_cts
                0x0000000000084710                uart_clear_tx
                0x0000000000084730                uart_clear_rx
                0x0000000000084750                uart_clear_cts
                0x0000000000084770                uart_can_read
                0x0000000000084790                uart_can_write
                0x00000000000847b0                uart_readc
                0x00000000000847e0                uart_writec
                0x0000000000084810                uart_getc
                0x0000000000084830                uart_putc
                0x0000000000084850                uart_putl
                0x0000000000084890                uart_puts
                0x00000000000848c0                uart_printf
                0x0000000000084940                uart_dprintf
 .text          0x0000000000084a00      0x510 src/kernel/server/clock.o
                0x0000000000084a00                delayed_task_cmp
                0x0000000000084a20                dts_init
                0x0000000000084a80                getNextFreeDelayedTask
                0x0000000000084aa0                reclaimDelayedTask
                0x0000000000084ab0                Time
                0x0000000000084b10                Delay
                0x0000000000084bb0                DelayUntil
                0x0000000000084c50                clock_notifier
                0x0000000000084cc0                clock
 .text          0x0000000000084f10     0x16dc src/kernel/server/io.o
                0x0000000000084f10                console_out_notifier
                0x0000000000084fe0                console_in_notifier
                0x00000000000850c0                console_out
                0x0000000000085250                console_in
                0x0000000000085450                marklin_out_tx_notifier
                0x0000000000085510                marklin_out_cts_notifier
                0x0000000000085580                marklin_in_notifier
                0x0000000000085640                marklin_io
                0x0000000000085980                Getc
                0x00000000000859c0                Putc
                0x0000000000085a00                Puts
                0x0000000000085c30                Puts_len
                0x0000000000085e70                printf
 *fill*         0x00000000000865ec        0x4 
 .text          0x00000000000865f0      0x460 src/kernel/server/nameserver.o
                0x00000000000865f0                RegisterAs
                0x00000000000866c0                WhoIs
                0x00000000000867d0                set_name
                0x0000000000086830                get_name
                0x0000000000086840                nameserver
 .text          0x0000000000086a50      0x138 src/kernel/server/timer.o
                0x0000000000086a50                st_lo
                0x0000000000086a60                sys_time
                0x0000000000086a70                sys_time_ms
                0x0000000000086a90                sys_time_tenth_seconds
                0x0000000000086ab0                parse_st
                0x0000000000086b20                timer_init
                0x0000000000086b50                update_c1
                0x0000000000086b70                update_status_reg
 *fill*         0x0000000000086b88        0x8 
 .text          0x0000000000086b90      0x168 src/kernel/syscall.o
                0x0000000000086b90                Create
                0x0000000000086bc0                Create_sp_size
                0x0000000000086bf0                MyTid
                0x0000000000086c00                MyParentTid
                0x0000000000086c10                Yield
                0x0000000000086c20                Exit
                0x0000000000086c30                Send
                0x0000000000086c70                Receive
                0x0000000000086ca0                Reply
                0x0000000000086cd0                AwaitEvent
                0x0000000000086cf0                Quit
 *fill*         0x0000000000086cf8        0x8 
 .text          0x0000000000086d00      0x380 src/kernel/taskframe.o
                0x0000000000086d00                tasks_init
                0x0000000000086ed0                task_cmp
                0x0000000000086f10                getNextFreeTaskFrame
                0x0000000000086f40                reclaimTaskFrame
                0x0000000000086f60                sds_init
                0x0000000000086fc0                getNextFreeSendData
                0x0000000000086fe0                reclaimSendData
                0x0000000000086ff0                rds_init
                0x0000000000087050                getNextFreeReceiveData
                0x0000000000087070                reclaimReceiveData
 .text          0x0000000000087080      0xb20 src/kernel/tasks.o
                0x0000000000087080                k2test
                0x0000000000087180                time_user
                0x0000000000087230                idle_task
                0x0000000000087330                user_input
                0x00000000000875a0                k4
                0x0000000000087740                console_time
                0x00000000000878f0                k2
                0x0000000000087950                k3
                0x0000000000087a60                i2str
                0x0000000000087ac0                rootTask
 .text          0x0000000000087ba0       0x18 src/kernel/util/assert.o
                0x0000000000087ba0                assert
 *fill*         0x0000000000087bb8        0x8 
 .text          0x0000000000087bc0      0x6b8 src/kernel/util/util.o
                0x0000000000087bc0                a2d
                0x0000000000087c10                ui2a
                0x0000000000087cd0                ui2a_no0
                0x0000000000087d80                i2a
                0x0000000000087e50                memset
                0x0000000000087f70                memcpy
                0x0000000000088080                str_cpy
                0x00000000000880b0                str_cpy_w0
                0x00000000000880d0                str_len
                0x0000000000088100                str_equal
                0x0000000000088150                isInt
                0x0000000000088170                getArgumentTwoDigitNumber
                0x00000000000881e0                getArgumentThreeDigitNumber
 *fill*         0x0000000000088278        0x8 
 .text          0x0000000000088280      0x310 src/main.o
                0x0000000000088280                kernel_frame_init
                0x0000000000088290                run_task
                0x00000000000882c0                kmain
 .text          0x0000000000088590       0xbc src/train/delaystop.o
                0x0000000000088590                stop
                0x00000000000885c0                delay_stop
 *fill*         0x000000000008864c        0x4 
 .text          0x0000000000088650     0x1728 src/train/pathfinding.o
                0x0000000000088650                heap_node_cmp
                0x0000000000088e70                hns_init
                0x0000000000088ef0                getNextFreeHeapNode
                0x0000000000088f10                reclaimHeapNode
                0x0000000000088f30                dijkstra
                0x0000000000089770                get_start_sensor
                0x0000000000089890                pathfind
                0x00000000000898f0                path_finding
 *fill*         0x0000000000089d78        0x8 
 .text          0x0000000000089d80      0x14c src/train/reverse.o
                0x0000000000089d80                reverse
 *fill*         0x0000000000089ecc        0x4 
 .text          0x0000000000089ed0      0x2c0 src/train/sensors.o
                0x0000000000089ed0                sensor_update
 .text          0x000000000008a190      0x55c src/train/switches.o
                0x000000000008a190                change_switches_cmd
                0x000000000008a1c0                get_switches_setup
                0x000000000008a200                sw
                0x000000000008a350                switches_setup
                0x000000000008a510                switches_server
 *fill*         0x000000000008a6ec        0x4 
 .text          0x000000000008a6f0     0x5240 src/train/track_data.o
                0x000000000008a6f0                init_tracka
                0x000000000008d300                init_trackb
 .text          0x000000000008f930      0x858 src/train/traincontrol.o
                0x000000000008f930                get_sensor_num
                0x000000000008f990                execute_tr
                0x000000000008fa90                execute_rv
                0x000000000008fb50                execute_sw
                0x000000000008fc70                execute_pf
                0x000000000008fe50                execute_nav
                0x000000000008ffa0                executeFunction
 *fill*         0x0000000000090188        0x8 
 .text          0x0000000000090190      0x6dc src/train/trainserver.o
                0x0000000000090190                tr
                0x00000000000901e0                loc_err_handling
                0x0000000000090270                trainserver
 *fill*         0x000000000009086c        0x4 
 .text          0x0000000000090870      0x380 src/kernel/asm/context_switching.o
                0x0000000000090870                context_switch_to_task
                0x0000000000090994                return_to_kernel_syscall
                0x0000000000090ab8                return_to_kernel_irq
 .text          0x0000000000090bf0        0x0 src/kernel/asm/exception_vector.o
 .text          0x0000000000090bf0        0x0 src/kernel/boot/boot.o

.iplt           0x0000000000090bf0        0x0
 .iplt          0x0000000000090bf0        0x0 src/kernel/data_structures/heap.o

.rodata.str1.8  0x0000000000090bf0     0x1b04
 .rodata.str1.8
                0x0000000000090bf0       0x13 src/kernel/data_structures/heap.o
 *fill*         0x0000000000090c03        0x5 
 .rodata.str1.8
                0x0000000000090c08       0x15 src/kernel/exception.o
 *fill*         0x0000000000090c1d        0x3 
 .rodata.str1.8
                0x0000000000090c20       0x22 src/kernel/interrupt.o
 *fill*         0x0000000000090c42        0x6 
 .rodata.str1.8
                0x0000000000090c48      0x246 src/kernel/k2/gameclient.o
 *fill*         0x0000000000090e8e        0x2 
 .rodata.str1.8
                0x0000000000090e90      0x287 src/kernel/k2/gameserver.o
                                        0x28f (size before relaxing)
 *fill*         0x0000000000091117        0x1 
 .rodata.str1.8
                0x0000000000091118      0x315 src/kernel/k_handler.o
 *fill*         0x000000000009142d        0x3 
 .rodata.str1.8
                0x0000000000091430      0x150 src/kernel/server/clock.o
 .rodata.str1.8
                0x0000000000091580       0xd0 src/kernel/server/io.o
 .rodata.str1.8
                0x0000000000091650      0x16f src/kernel/server/nameserver.o
 *fill*         0x00000000000917bf        0x1 
 .rodata.str1.8
                0x00000000000917c0      0x261 src/kernel/tasks.o
 *fill*         0x0000000000091a21        0x7 
 .rodata.str1.8
                0x0000000000091a28      0x277 src/train/pathfinding.o
 *fill*         0x0000000000091c9f        0x1 
 .rodata.str1.8
                0x0000000000091ca0       0x2f src/train/reverse.o
 *fill*         0x0000000000091ccf        0x1 
 .rodata.str1.8
                0x0000000000091cd0       0xd1 src/train/sensors.o
 *fill*         0x0000000000091da1        0x7 
 .rodata.str1.8
                0x0000000000091da8       0x8a src/train/switches.o
 *fill*         0x0000000000091e32        0x6 
 .rodata.str1.8
                0x0000000000091e38      0x47d src/train/track_data.o
 *fill*         0x00000000000922b5        0x3 
 .rodata.str1.8
                0x00000000000922b8      0x1c9 src/train/traincontrol.o
                                        0x1d9 (size before relaxing)
 *fill*         0x0000000000092481        0x7 
 .rodata.str1.8
                0x0000000000092488      0x26c src/train/trainserver.o

.rodata         0x00000000000926f8      0x293
 .rodata        0x00000000000926f8       0x10 src/kernel/k2/gameserver.o
 .rodata        0x0000000000092708       0x18 src/kernel/peripheral/rpi.o
 .rodata        0x0000000000092720       0x17 src/kernel/server/clock.o
 *fill*         0x0000000000092737        0x1 
 .rodata        0x0000000000092738       0x7e src/kernel/server/io.o
 *fill*         0x00000000000927b6        0x2 
 .rodata        0x00000000000927b8       0x2d src/kernel/tasks.o
 *fill*         0x00000000000927e5        0x3 
 .rodata        0x00000000000927e8       0x1d src/train/delaystop.o
 *fill*         0x0000000000092805        0x3 
 .rodata        0x0000000000092808       0x25 src/train/pathfinding.o
 *fill*         0x000000000009282d        0x3 
 .rodata        0x0000000000092830       0x26 src/train/reverse.o
 *fill*         0x0000000000092856        0x2 
 .rodata        0x0000000000092858       0x2d src/train/sensors.o
 *fill*         0x0000000000092885        0x3 
 .rodata        0x0000000000092888       0x82 src/train/switches.o
 *fill*         0x000000000009290a        0x6 
 .rodata        0x0000000000092910       0x15 src/train/traincontrol.o
 *fill*         0x0000000000092925        0x3 
 .rodata        0x0000000000092928       0x63 src/train/trainserver.o

.rela.dyn       0x0000000000092990        0x0
 .rela.iplt     0x0000000000092990        0x0 src/kernel/data_structures/heap.o
 .rela.text     0x0000000000092990        0x0 src/kernel/data_structures/heap.o
 .rela.text.boot
                0x0000000000092990        0x0 src/kernel/data_structures/heap.o
                0x0000000000092990                . = ALIGN (0x10)

.data           0x0000000000092990       0x94
 *(.data)
 .data          0x0000000000092990        0x0 src/kernel/data_structures/char_cb.o
 .data          0x0000000000092990        0x0 src/kernel/data_structures/heap.o
 .data          0x0000000000092990        0x0 src/kernel/data_structures/int_cb.o
 .data          0x0000000000092990        0x0 src/kernel/exception.o
 .data          0x0000000000092990        0x0 src/kernel/interrupt.o
 .data          0x0000000000092990        0x0 src/kernel/k2/gameclient.o
 .data          0x0000000000092990       0x94 src/kernel/k2/gameserver.o
                0x0000000000092990                gameserver_name
                0x00000000000929a0                move_str
                0x00000000000929b8                result_str
                0x00000000000929d8                quit_str
                0x00000000000929e8                tie_str
                0x00000000000929f0                lose_str
                0x00000000000929f8                win_str
                0x0000000000092a00                scissor_str
                0x0000000000092a08                paper_str
                0x0000000000092a10                rock_str
                0x0000000000092a18                moves
 .data          0x0000000000092a24        0x0 src/kernel/k_handler.o
 .data          0x0000000000092a24        0x0 src/kernel/peripheral/rpi.o
 .data          0x0000000000092a24        0x0 src/kernel/server/clock.o
 .data          0x0000000000092a24        0x0 src/kernel/server/io.o
 .data          0x0000000000092a24        0x0 src/kernel/server/nameserver.o
 .data          0x0000000000092a24        0x0 src/kernel/server/timer.o
 .data          0x0000000000092a24        0x0 src/kernel/syscall.o
 .data          0x0000000000092a24        0x0 src/kernel/taskframe.o
 .data          0x0000000000092a24        0x0 src/kernel/tasks.o
 .data          0x0000000000092a24        0x0 src/kernel/util/assert.o
 .data          0x0000000000092a24        0x0 src/kernel/util/util.o
 .data          0x0000000000092a24        0x0 src/main.o
 .data          0x0000000000092a24        0x0 src/train/delaystop.o
 .data          0x0000000000092a24        0x0 src/train/pathfinding.o
 .data          0x0000000000092a24        0x0 src/train/reverse.o
 .data          0x0000000000092a24        0x0 src/train/sensors.o
 .data          0x0000000000092a24        0x0 src/train/switches.o
 .data          0x0000000000092a24        0x0 src/train/track_data.o
 .data          0x0000000000092a24        0x0 src/train/traincontrol.o
 .data          0x0000000000092a24        0x0 src/train/trainserver.o
 .data          0x0000000000092a24        0x0 src/kernel/asm/context_switching.o
 .data          0x0000000000092a24        0x0 src/kernel/asm/exception_vector.o
 .data          0x0000000000092a24        0x0 src/kernel/boot/boot.o

.igot.plt       0x0000000000092a28        0x0
 .igot.plt      0x0000000000092a28        0x0 src/kernel/data_structures/heap.o
                0x0000000000092a30                . = ALIGN (0x10)
                0x0000000000092a30                bss_begin = .

.bss            0x0000000000092a30       0x20
 *(.bss)
 .bss           0x0000000000092a30        0x0 src/kernel/data_structures/char_cb.o
 .bss           0x0000000000092a30        0x0 src/kernel/data_structures/heap.o
 .bss           0x0000000000092a30        0x0 src/kernel/data_structures/int_cb.o
 .bss           0x0000000000092a30        0x0 src/kernel/exception.o
 .bss           0x0000000000092a30        0x0 src/kernel/interrupt.o
 .bss           0x0000000000092a30        0x0 src/kernel/k2/gameclient.o
 .bss           0x0000000000092a30        0x0 src/kernel/k2/gameserver.o
 .bss           0x0000000000092a30        0x0 src/kernel/k_handler.o
 .bss           0x0000000000092a30        0x0 src/kernel/peripheral/rpi.o
 .bss           0x0000000000092a30        0x0 src/kernel/server/clock.o
 .bss           0x0000000000092a30        0x0 src/kernel/server/io.o
 .bss           0x0000000000092a30        0x0 src/kernel/server/nameserver.o
 .bss           0x0000000000092a30        0x0 src/kernel/server/timer.o
 .bss           0x0000000000092a30        0x0 src/kernel/syscall.o
 .bss           0x0000000000092a30        0x0 src/kernel/taskframe.o
 .bss           0x0000000000092a30        0x0 src/kernel/tasks.o
 .bss           0x0000000000092a30        0x0 src/kernel/util/assert.o
 .bss           0x0000000000092a30        0x0 src/kernel/util/util.o
 .bss           0x0000000000092a30       0x20 src/main.o
                0x0000000000092a30                p_program_start
                0x0000000000092a38                p_idle_task_total
                0x0000000000092a40                kf
                0x0000000000092a48                currentTaskFrame
 .bss           0x0000000000092a50        0x0 src/train/delaystop.o
 .bss           0x0000000000092a50        0x0 src/train/pathfinding.o
 .bss           0x0000000000092a50        0x0 src/train/reverse.o
 .bss           0x0000000000092a50        0x0 src/train/sensors.o
 .bss           0x0000000000092a50        0x0 src/train/switches.o
 .bss           0x0000000000092a50        0x0 src/train/track_data.o
 .bss           0x0000000000092a50        0x0 src/train/traincontrol.o
 .bss           0x0000000000092a50        0x0 src/train/trainserver.o
 .bss           0x0000000000092a50        0x0 src/kernel/asm/context_switching.o
 .bss           0x0000000000092a50        0x0 src/kernel/asm/exception_vector.o
 .bss           0x0000000000092a50        0x0 src/kernel/boot/boot.o
                0x0000000000092a50                bss_end = .
                0x0000000000092a60                . = (. + 0x10)
                0x0000000000092a60                user_stack_start = .
LOAD /u3/cs452/public/xdev/bin/../lib/gcc/aarch64-none-elf/12.3.1/libgcc.a
LOAD /u3/cs452/public/xdev/bin/../lib/gcc/aarch64-none-elf/12.3.1/../../../../aarch64-none-elf/lib/libg.a
LOAD /u3/cs452/public/xdev/bin/../lib/gcc/aarch64-none-elf/12.3.1/../../../../aarch64-none-elf/lib/libc.a
LOAD /u3/cs452/public/xdev/bin/../lib/gcc/aarch64-none-elf/12.3.1/libgcc.a
OUTPUT(iotest.elf elf64-littleaarch64)
LOAD linker stubs

.debug_info     0x0000000000000000    0x154c8
 .debug_info    0x0000000000000000      0x3cd src/kernel/data_structures/char_cb.o
 .debug_info    0x00000000000003cd      0x558 src/kernel/data_structures/heap.o
 .debug_info    0x0000000000000925      0x3a6 src/kernel/data_structures/int_cb.o
 .debug_info    0x0000000000000ccb      0x126 src/kernel/exception.o
 .debug_info    0x0000000000000df1      0x535 src/kernel/interrupt.o
 .debug_info    0x0000000000001326     0x2d7d src/kernel/k2/gameclient.o
 .debug_info    0x00000000000040a3     0x1dfe src/kernel/k2/gameserver.o
 .debug_info    0x0000000000005ea1     0x1c3d src/kernel/k_handler.o
 .debug_info    0x0000000000007ade     0x1279 src/kernel/peripheral/rpi.o
 .debug_info    0x0000000000008d57      0xc61 src/kernel/server/clock.o
 .debug_info    0x00000000000099b8     0x21de src/kernel/server/io.o
 .debug_info    0x000000000000bb96      0xab2 src/kernel/server/nameserver.o
 .debug_info    0x000000000000c648      0x31d src/kernel/server/timer.o
 .debug_info    0x000000000000c965      0x37b src/kernel/syscall.o
 .debug_info    0x000000000000cce0      0x739 src/kernel/taskframe.o
 .debug_info    0x000000000000d419     0x16a3 src/kernel/tasks.o
 .debug_info    0x000000000000eabc       0xfc src/kernel/util/assert.o
 .debug_info    0x000000000000ebb8      0x805 src/kernel/util/util.o
 .debug_info    0x000000000000f3bd      0xc3f src/main.o
 .debug_info    0x000000000000fffc      0x390 src/train/delaystop.o
 .debug_info    0x000000000001038c     0x1a6c src/train/pathfinding.o
 .debug_info    0x0000000000011df8      0x484 src/train/reverse.o
 .debug_info    0x000000000001227c      0x7a4 src/train/sensors.o
 .debug_info    0x0000000000012a20      0xaaa src/train/switches.o
 .debug_info    0x00000000000134ca      0x202 src/train/track_data.o
 .debug_info    0x00000000000136cc      0xdc2 src/train/traincontrol.o
 .debug_info    0x000000000001448e      0xfbf src/train/trainserver.o
 .debug_info    0x000000000001544d       0x29 src/kernel/asm/context_switching.o
 .debug_info    0x0000000000015476       0x29 src/kernel/asm/exception_vector.o
 .debug_info    0x000000000001549f       0x29 src/kernel/boot/boot.o

.debug_abbrev   0x0000000000000000     0x3f78
 .debug_abbrev  0x0000000000000000      0x1d1 src/kernel/data_structures/char_cb.o
 .debug_abbrev  0x00000000000001d1      0x24c src/kernel/data_structures/heap.o
 .debug_abbrev  0x000000000000041d      0x1ce src/kernel/data_structures/int_cb.o
 .debug_abbrev  0x00000000000005eb       0xbb src/kernel/exception.o
 .debug_abbrev  0x00000000000006a6      0x141 src/kernel/interrupt.o
 .debug_abbrev  0x00000000000007e7      0x248 src/kernel/k2/gameclient.o
 .debug_abbrev  0x0000000000000a2f      0x3e8 src/kernel/k2/gameserver.o
 .debug_abbrev  0x0000000000000e17      0x3a0 src/kernel/k_handler.o
 .debug_abbrev  0x00000000000011b7      0x4a0 src/kernel/peripheral/rpi.o
 .debug_abbrev  0x0000000000001657      0x2e7 src/kernel/server/clock.o
 .debug_abbrev  0x000000000000193e      0x3ee src/kernel/server/io.o
 .debug_abbrev  0x0000000000001d2c      0x2c3 src/kernel/server/nameserver.o
 .debug_abbrev  0x0000000000001fef      0x1f0 src/kernel/server/timer.o
 .debug_abbrev  0x00000000000021df      0x131 src/kernel/syscall.o
 .debug_abbrev  0x0000000000002310      0x1ed src/kernel/taskframe.o
 .debug_abbrev  0x00000000000024fd      0x288 src/kernel/tasks.o
 .debug_abbrev  0x0000000000002785       0xac src/kernel/util/assert.o
 .debug_abbrev  0x0000000000002831      0x253 src/kernel/util/util.o
 .debug_abbrev  0x0000000000002a84      0x29a src/main.o
 .debug_abbrev  0x0000000000002d1e      0x1ad src/train/delaystop.o
 .debug_abbrev  0x0000000000002ecb      0x42c src/train/pathfinding.o
 .debug_abbrev  0x00000000000032f7      0x14b src/train/reverse.o
 .debug_abbrev  0x0000000000003442      0x1a8 src/train/sensors.o
 .debug_abbrev  0x00000000000035ea      0x2c6 src/train/switches.o
 .debug_abbrev  0x00000000000038b0      0x124 src/train/track_data.o
 .debug_abbrev  0x00000000000039d4      0x2b4 src/train/traincontrol.o
 .debug_abbrev  0x0000000000003c88      0x2b4 src/train/trainserver.o
 .debug_abbrev  0x0000000000003f3c       0x14 src/kernel/asm/context_switching.o
 .debug_abbrev  0x0000000000003f50       0x14 src/kernel/asm/exception_vector.o
 .debug_abbrev  0x0000000000003f64       0x14 src/kernel/boot/boot.o

.debug_loclists
                0x0000000000000000     0x911a
 .debug_loclists
                0x0000000000000000      0x101 src/kernel/data_structures/char_cb.o
 .debug_loclists
                0x0000000000000101      0x309 src/kernel/data_structures/heap.o
 .debug_loclists
                0x000000000000040a       0xe3 src/kernel/data_structures/int_cb.o
 .debug_loclists
                0x00000000000004ed       0x25 src/kernel/exception.o
 .debug_loclists
                0x0000000000000512      0x379 src/kernel/interrupt.o
 .debug_loclists
                0x000000000000088b     0x164f src/kernel/k2/gameclient.o
 .debug_loclists
                0x0000000000001eda      0xa5d src/kernel/k2/gameserver.o
 .debug_loclists
                0x0000000000002937     0x1001 src/kernel/k_handler.o
 .debug_loclists
                0x0000000000003938      0xae9 src/kernel/peripheral/rpi.o
 .debug_loclists
                0x0000000000004421      0x384 src/kernel/server/clock.o
 .debug_loclists
                0x00000000000047a5      0xcb1 src/kernel/server/io.o
 .debug_loclists
                0x0000000000005456      0x3db src/kernel/server/nameserver.o
 .debug_loclists
                0x0000000000005831       0xd3 src/kernel/server/timer.o
 .debug_loclists
                0x0000000000005904       0xd0 src/kernel/syscall.o
 .debug_loclists
                0x00000000000059d4      0x272 src/kernel/taskframe.o
 .debug_loclists
                0x0000000000005c46      0x37d src/kernel/tasks.o
 .debug_loclists
                0x0000000000005fc3       0x25 src/kernel/util/assert.o
 .debug_loclists
                0x0000000000005fe8      0xaaa src/kernel/util/util.o
 .debug_loclists
                0x0000000000006a92       0xc0 src/main.o
 .debug_loclists
                0x0000000000006b52       0x62 src/train/delaystop.o
 .debug_loclists
                0x0000000000006bb4      0xe82 src/train/pathfinding.o
 .debug_loclists
                0x0000000000007a36       0x85 src/train/reverse.o
 .debug_loclists
                0x0000000000007abb      0x2f7 src/train/sensors.o
 .debug_loclists
                0x0000000000007db2      0x3f9 src/train/switches.o
 .debug_loclists
                0x00000000000081ab       0xef src/train/track_data.o
 .debug_loclists
                0x000000000000829a      0x979 src/train/traincontrol.o
 .debug_loclists
                0x0000000000008c13      0x507 src/train/trainserver.o

.debug_aranges  0x0000000000000000      0x5a0
 .debug_aranges
                0x0000000000000000       0x30 src/kernel/data_structures/char_cb.o
 .debug_aranges
                0x0000000000000030       0x30 src/kernel/data_structures/heap.o
 .debug_aranges
                0x0000000000000060       0x30 src/kernel/data_structures/int_cb.o
 .debug_aranges
                0x0000000000000090       0x30 src/kernel/exception.o
 .debug_aranges
                0x00000000000000c0       0x30 src/kernel/interrupt.o
 .debug_aranges
                0x00000000000000f0       0x30 src/kernel/k2/gameclient.o
 .debug_aranges
                0x0000000000000120       0x30 src/kernel/k2/gameserver.o
 .debug_aranges
                0x0000000000000150       0x30 src/kernel/k_handler.o
 .debug_aranges
                0x0000000000000180       0x30 src/kernel/peripheral/rpi.o
 .debug_aranges
                0x00000000000001b0       0x30 src/kernel/server/clock.o
 .debug_aranges
                0x00000000000001e0       0x30 src/kernel/server/io.o
 .debug_aranges
                0x0000000000000210       0x30 src/kernel/server/nameserver.o
 .debug_aranges
                0x0000000000000240       0x30 src/kernel/server/timer.o
 .debug_aranges
                0x0000000000000270       0x30 src/kernel/syscall.o
 .debug_aranges
                0x00000000000002a0       0x30 src/kernel/taskframe.o
 .debug_aranges
                0x00000000000002d0       0x30 src/kernel/tasks.o
 .debug_aranges
                0x0000000000000300       0x30 src/kernel/util/assert.o
 .debug_aranges
                0x0000000000000330       0x30 src/kernel/util/util.o
 .debug_aranges
                0x0000000000000360       0x30 src/main.o
 .debug_aranges
                0x0000000000000390       0x30 src/train/delaystop.o
 .debug_aranges
                0x00000000000003c0       0x30 src/train/pathfinding.o
 .debug_aranges
                0x00000000000003f0       0x30 src/train/reverse.o
 .debug_aranges
                0x0000000000000420       0x30 src/train/sensors.o
 .debug_aranges
                0x0000000000000450       0x30 src/train/switches.o
 .debug_aranges
                0x0000000000000480       0x30 src/train/track_data.o
 .debug_aranges
                0x00000000000004b0       0x30 src/train/traincontrol.o
 .debug_aranges
                0x00000000000004e0       0x30 src/train/trainserver.o
 .debug_aranges
                0x0000000000000510       0x30 src/kernel/asm/context_switching.o
 .debug_aranges
                0x0000000000000540       0x30 src/kernel/asm/exception_vector.o
 .debug_aranges
                0x0000000000000570       0x30 src/kernel/boot/boot.o

.debug_rnglists
                0x0000000000000000     0x1000
 .debug_rnglists
                0x0000000000000000       0x2b src/kernel/data_structures/char_cb.o
 .debug_rnglists
                0x000000000000002b       0x68 src/kernel/data_structures/heap.o
 .debug_rnglists
                0x0000000000000093       0x2e src/kernel/data_structures/int_cb.o
 .debug_rnglists
                0x00000000000000c1       0x85 src/kernel/interrupt.o
 .debug_rnglists
                0x0000000000000146      0x3b7 src/kernel/k2/gameclient.o
 .debug_rnglists
                0x00000000000004fd      0x19b src/kernel/k2/gameserver.o
 .debug_rnglists
                0x0000000000000698      0x187 src/kernel/k_handler.o
 .debug_rnglists
                0x000000000000081f       0xc4 src/kernel/peripheral/rpi.o
 .debug_rnglists
                0x00000000000008e3       0x72 src/kernel/server/clock.o
 .debug_rnglists
                0x0000000000000955      0x126 src/kernel/server/io.o
 .debug_rnglists
                0x0000000000000a7b       0x79 src/kernel/server/nameserver.o
 .debug_rnglists
                0x0000000000000af4       0x3b src/kernel/server/timer.o
 .debug_rnglists
                0x0000000000000b2f       0x65 src/kernel/taskframe.o
 .debug_rnglists
                0x0000000000000b94       0x7a src/kernel/tasks.o
 .debug_rnglists
                0x0000000000000c0e       0x63 src/kernel/util/util.o
 .debug_rnglists
                0x0000000000000c71       0x37 src/main.o
 .debug_rnglists
                0x0000000000000ca8      0x17c src/train/pathfinding.o
 .debug_rnglists
                0x0000000000000e24       0x3f src/train/reverse.o
 .debug_rnglists
                0x0000000000000e63       0x8c src/train/sensors.o
 .debug_rnglists
                0x0000000000000eef       0x5a src/train/switches.o
 .debug_rnglists
                0x0000000000000f49       0x19 src/train/track_data.o
 .debug_rnglists
                0x0000000000000f62       0x2d src/train/traincontrol.o
 .debug_rnglists
                0x0000000000000f8f       0x71 src/train/trainserver.o

.debug_line     0x0000000000000000     0xf9b5
 .debug_line    0x0000000000000000      0x1be src/kernel/data_structures/char_cb.o
 .debug_line    0x00000000000001be      0x355 src/kernel/data_structures/heap.o
 .debug_line    0x0000000000000513      0x1a5 src/kernel/data_structures/int_cb.o
 .debug_line    0x00000000000006b8       0xad src/kernel/exception.o
 .debug_line    0x0000000000000765      0x1f9 src/kernel/interrupt.o
 .debug_line    0x000000000000095e      0xc06 src/kernel/k2/gameclient.o
 .debug_line    0x0000000000001564      0xbc9 src/kernel/k2/gameserver.o
 .debug_line    0x000000000000212d      0xc1b src/kernel/k_handler.o
 .debug_line    0x0000000000002d48      0x680 src/kernel/peripheral/rpi.o
 .debug_line    0x00000000000033c8      0x5ae src/kernel/server/clock.o
 .debug_line    0x0000000000003976     0x1343 src/kernel/server/io.o
 .debug_line    0x0000000000004cb9      0x475 src/kernel/server/nameserver.o
 .debug_line    0x000000000000512e      0x155 src/kernel/server/timer.o
 .debug_line    0x0000000000005283       0xe6 src/kernel/syscall.o
 .debug_line    0x0000000000005369      0x381 src/kernel/taskframe.o
 .debug_line    0x00000000000056ea      0x709 src/kernel/tasks.o
 .debug_line    0x0000000000005df3       0x96 src/kernel/util/assert.o
 .debug_line    0x0000000000005e89      0x790 src/kernel/util/util.o
 .debug_line    0x0000000000006619      0x2e1 src/main.o
 .debug_line    0x00000000000068fa      0x134 src/train/delaystop.o
 .debug_line    0x0000000000006a2e     0x16d7 src/train/pathfinding.o
 .debug_line    0x0000000000008105      0x127 src/train/reverse.o
 .debug_line    0x000000000000822c      0x2ce src/train/sensors.o
 .debug_line    0x00000000000084fa      0x4c9 src/train/switches.o
 .debug_line    0x00000000000089c3     0x62b3 src/train/track_data.o
 .debug_line    0x000000000000ec76      0x5d5 src/train/traincontrol.o
 .debug_line    0x000000000000f24b      0x60e src/train/trainserver.o
 .debug_line    0x000000000000f859       0x62 src/kernel/asm/context_switching.o
 .debug_line    0x000000000000f8bb       0x89 src/kernel/asm/exception_vector.o
 .debug_line    0x000000000000f944       0x71 src/kernel/boot/boot.o

.debug_str      0x0000000000000000     0x1b3b
 .debug_str     0x0000000000000000      0x15c src/kernel/data_structures/char_cb.o
                                        0x19a (size before relaxing)
 .debug_str     0x000000000000015c       0x87 src/kernel/data_structures/heap.o
                                        0x1b0 (size before relaxing)
 .debug_str     0x00000000000001e3       0x5b src/kernel/data_structures/int_cb.o
                                        0x193 (size before relaxing)
 .debug_str     0x000000000000023e       0x31 src/kernel/exception.o
                                        0x156 (size before relaxing)
 .debug_str     0x000000000000026f       0x69 src/kernel/interrupt.o
                                        0x16c (size before relaxing)
 .debug_str     0x00000000000002d8      0x118 src/kernel/k2/gameclient.o
                                        0x24d (size before relaxing)
 .debug_str     0x00000000000003f0      0x17a src/kernel/k2/gameserver.o
                                        0x35f (size before relaxing)
 .debug_str     0x000000000000056a      0x397 src/kernel/k_handler.o
                                        0x57c (size before relaxing)
 .debug_str     0x0000000000000901      0x432 src/kernel/peripheral/rpi.o
                                        0x631 (size before relaxing)
 .debug_str     0x0000000000000d33      0x10b src/kernel/server/clock.o
                                        0x306 (size before relaxing)
 .debug_str     0x0000000000000e3e      0x1ea src/kernel/server/io.o
                                        0x51b (size before relaxing)
 .debug_str     0x0000000000001028       0x7b src/kernel/server/nameserver.o
                                        0x1f9 (size before relaxing)
 .debug_str     0x00000000000010a3       0x9c src/kernel/server/timer.o
                                        0x1e8 (size before relaxing)
 .debug_str     0x000000000000113f       0x53 src/kernel/syscall.o
                                        0x1d6 (size before relaxing)
 .debug_str     0x0000000000001192       0x62 src/kernel/taskframe.o
                                        0x310 (size before relaxing)
 .debug_str     0x00000000000011f4      0x1a1 src/kernel/tasks.o
                                        0x491 (size before relaxing)
 .debug_str     0x0000000000001395      0x122 src/kernel/util/assert.o
 .debug_str     0x0000000000001395       0x61 src/kernel/util/util.o
                                        0x172 (size before relaxing)
 .debug_str     0x00000000000013f6       0x9f src/main.o
                                        0x48f (size before relaxing)
 .debug_str     0x0000000000001495       0x26 src/train/delaystop.o
                                        0x190 (size before relaxing)
 .debug_str     0x00000000000014bb      0x345 src/train/pathfinding.o
                                        0x5a2 (size before relaxing)
 .debug_str     0x0000000000001800       0x27 src/train/reverse.o
                                        0x1a9 (size before relaxing)
 .debug_str     0x0000000000001827       0x9c src/train/sensors.o
                                        0x381 (size before relaxing)
 .debug_str     0x00000000000018c3       0x67 src/train/switches.o
                                        0x320 (size before relaxing)
 .debug_str     0x000000000000192a        0xc src/train/track_data.o
                                        0x1a9 (size before relaxing)
 .debug_str     0x0000000000001936       0x93 src/train/traincontrol.o
                                        0x352 (size before relaxing)
 .debug_str     0x00000000000019c9       0xf0 src/train/trainserver.o
                                        0x47c (size before relaxing)
 .debug_str     0x0000000000001ab9       0x49 src/kernel/asm/context_switching.o
 .debug_str     0x0000000000001b02       0x22 src/kernel/asm/exception_vector.o
                                         0x48 (size before relaxing)
 .debug_str     0x0000000000001b24       0x17 src/kernel/boot/boot.o
                                         0x3d (size before relaxing)

.debug_line_str
                0x0000000000000000      0x4f1
 .debug_line_str
                0x0000000000000000       0xa9 src/kernel/data_structures/char_cb.o
                                         0xdd (size before relaxing)
 .debug_line_str
                0x00000000000000a9       0x2f src/kernel/data_structures/heap.o
                                         0xd7 (size before relaxing)
 .debug_line_str
                0x00000000000000d8       0x2d src/kernel/data_structures/int_cb.o
                                         0xd9 (size before relaxing)
 .debug_line_str
                0x0000000000000105       0x2f src/kernel/exception.o
                                         0xcc (size before relaxing)
 .debug_line_str
                0x0000000000000134       0x20 src/kernel/interrupt.o
                                         0xc6 (size before relaxing)
 .debug_line_str
                0x0000000000000154       0x4d src/kernel/k2/gameclient.o
                                         0xec (size before relaxing)
 .debug_line_str
                0x00000000000001a1       0x2d src/kernel/k2/gameserver.o
                                         0xfe (size before relaxing)
 .debug_line_str
                0x00000000000001ce       0x37 src/kernel/k_handler.o
                                        0x10d (size before relaxing)
 .debug_line_str
                0x0000000000000205       0x47 src/kernel/peripheral/rpi.o
                                         0xf1 (size before relaxing)
 .debug_line_str
                0x000000000000024c       0x34 src/kernel/server/clock.o
                                         0xfb (size before relaxing)
 .debug_line_str
                0x0000000000000280       0x1c src/kernel/server/io.o
                                        0x117 (size before relaxing)
 .debug_line_str
                0x000000000000029c       0x1f src/kernel/server/nameserver.o
                                         0xee (size before relaxing)
 .debug_line_str
                0x00000000000002bb       0x1a src/kernel/server/timer.o
                                         0xb7 (size before relaxing)
 .debug_line_str
                0x00000000000002d5       0x15 src/kernel/syscall.o
                                         0x64 (size before relaxing)
 .debug_line_str
                0x00000000000002ea       0x17 src/kernel/taskframe.o
                                         0xdb (size before relaxing)
 .debug_line_str
                0x0000000000000301       0x7e src/kernel/tasks.o
                                        0x176 (size before relaxing)
 .debug_line_str
                0x000000000000037f       0x29 src/kernel/util/assert.o
                                         0xc0 (size before relaxing)
 .debug_line_str
                0x00000000000003a8       0x17 src/kernel/util/util.o
                                         0xac (size before relaxing)
 .debug_line_str
                0x00000000000003bf       0x1b src/main.o
                                        0x109 (size before relaxing)
 .debug_line_str
                0x00000000000003da       0x20 src/train/delaystop.o
                                         0xd9 (size before relaxing)
 .debug_line_str
                0x00000000000003fa       0x25 src/train/pathfinding.o
                                        0x129 (size before relaxing)
 .debug_line_str
                0x000000000000041f       0x14 src/train/reverse.o
                                         0xc6 (size before relaxing)
 .debug_line_str
                0x0000000000000433       0x14 src/train/sensors.o
                                         0xf3 (size before relaxing)
 .debug_line_str
                0x0000000000000447       0x15 src/train/switches.o
                                         0xf5 (size before relaxing)
 .debug_line_str
                0x000000000000045c       0x17 src/train/track_data.o
                                         0x80 (size before relaxing)
 .debug_line_str
                0x0000000000000473       0x19 src/train/traincontrol.o
                                         0xde (size before relaxing)
 .debug_line_str
                0x000000000000048c       0x18 src/train/trainserver.o
                                        0x123 (size before relaxing)
 .debug_line_str
                0x00000000000004a4       0x23 src/kernel/asm/context_switching.o
                                         0x3b (size before relaxing)
 .debug_line_str
                0x00000000000004c7       0x13 src/kernel/asm/exception_vector.o
                                         0x3a (size before relaxing)
 .debug_line_str
                0x00000000000004da       0x17 src/kernel/boot/boot.o
                                         0x2f (size before relaxing)

.comment        0x0000000000000000       0x45
 .comment       0x0000000000000000       0x45 src/kernel/data_structures/char_cb.o
                                         0x46 (size before relaxing)
 .comment       0x0000000000000045       0x46 src/kernel/data_structures/heap.o
 .comment       0x0000000000000045       0x46 src/kernel/data_structures/int_cb.o
 .comment       0x0000000000000045       0x46 src/kernel/exception.o
 .comment       0x0000000000000045       0x46 src/kernel/interrupt.o
 .comment       0x0000000000000045       0x46 src/kernel/k2/gameclient.o
 .comment       0x0000000000000045       0x46 src/kernel/k2/gameserver.o
 .comment       0x0000000000000045       0x46 src/kernel/k_handler.o
 .comment       0x0000000000000045       0x46 src/kernel/peripheral/rpi.o
 .comment       0x0000000000000045       0x46 src/kernel/server/clock.o
 .comment       0x0000000000000045       0x46 src/kernel/server/io.o
 .comment       0x0000000000000045       0x46 src/kernel/server/nameserver.o
 .comment       0x0000000000000045       0x46 src/kernel/server/timer.o
 .comment       0x0000000000000045       0x46 src/kernel/syscall.o
 .comment       0x0000000000000045       0x46 src/kernel/taskframe.o
 .comment       0x0000000000000045       0x46 src/kernel/tasks.o
 .comment       0x0000000000000045       0x46 src/kernel/util/assert.o
 .comment       0x0000000000000045       0x46 src/kernel/util/util.o
 .comment       0x0000000000000045       0x46 src/main.o
 .comment       0x0000000000000045       0x46 src/train/delaystop.o
 .comment       0x0000000000000045       0x46 src/train/pathfinding.o
 .comment       0x0000000000000045       0x46 src/train/reverse.o
 .comment       0x0000000000000045       0x46 src/train/sensors.o
 .comment       0x0000000000000045       0x46 src/train/switches.o
 .comment       0x0000000000000045       0x46 src/train/track_data.o
 .comment       0x0000000000000045       0x46 src/train/traincontrol.o
 .comment       0x0000000000000045       0x46 src/train/trainserver.o

.debug_frame    0x0000000000000000     0x22f8
 .debug_frame   0x0000000000000000       0xa0 src/kernel/data_structures/char_cb.o
 .debug_frame   0x00000000000000a0      0x148 src/kernel/data_structures/heap.o
 .debug_frame   0x00000000000001e8       0xa0 src/kernel/data_structures/int_cb.o
 .debug_frame   0x0000000000000288       0x48 src/kernel/exception.o
 .debug_frame   0x00000000000002d0       0xa0 src/kernel/interrupt.o
 .debug_frame   0x0000000000000370      0x460 src/kernel/k2/gameclient.o
 .debug_frame   0x00000000000007d0      0x130 src/kernel/k2/gameserver.o
 .debug_frame   0x0000000000000900      0x328 src/kernel/k_handler.o
 .debug_frame   0x0000000000000c28      0x348 src/kernel/peripheral/rpi.o
 .debug_frame   0x0000000000000f70      0x170 src/kernel/server/clock.o
 .debug_frame   0x00000000000010e0      0x280 src/kernel/server/io.o
 .debug_frame   0x0000000000001360       0xf0 src/kernel/server/nameserver.o
 .debug_frame   0x0000000000001450       0xd0 src/kernel/server/timer.o
 .debug_frame   0x0000000000001520      0x118 src/kernel/syscall.o
 .debug_frame   0x0000000000001638      0x138 src/kernel/taskframe.o
 .debug_frame   0x0000000000001770      0x218 src/kernel/tasks.o
 .debug_frame   0x0000000000001988       0x30 src/kernel/util/assert.o
 .debug_frame   0x00000000000019b8      0x148 src/kernel/util/util.o
 .debug_frame   0x0000000000001b00       0x98 src/main.o
 .debug_frame   0x0000000000001b98       0x60 src/train/delaystop.o
 .debug_frame   0x0000000000001bf8      0x1d8 src/train/pathfinding.o
 .debug_frame   0x0000000000001dd0       0x48 src/train/reverse.o
 .debug_frame   0x0000000000001e18       0x48 src/train/sensors.o
 .debug_frame   0x0000000000001e60      0x120 src/train/switches.o
 .debug_frame   0x0000000000001f80       0xb0 src/train/track_data.o
 .debug_frame   0x0000000000002030      0x228 src/train/traincontrol.o
 .debug_frame   0x0000000000002258       0xa0 src/train/trainserver.o
