
Memory Configuration

Name             Origin             Length             Attributes
*default*        0x0000000000000000 0xffffffffffffffff

Linker script and memory map

LOAD src/kernel/data_structures/char_cb.o
LOAD src/kernel/data_structures/heap.o
LOAD src/kernel/data_structures/int_cb.o
LOAD src/kernel/exception.o
LOAD src/kernel/interrupt.o
LOAD src/kernel/k2/gameclient.o
LOAD src/kernel/k2/gameserver.o
LOAD src/kernel/k_handler.o
LOAD src/kernel/peripheral/rpi.o
LOAD src/kernel/server/clock.o
LOAD src/kernel/server/io.o
LOAD src/kernel/server/nameserver.o
LOAD src/kernel/server/timer.o
LOAD src/kernel/syscall.o
LOAD src/kernel/taskframe.o
LOAD src/kernel/tasks.o
LOAD src/kernel/util/assert.o
LOAD src/kernel/util/util.o
LOAD src/main.o
LOAD src/train/pathfinding.o
LOAD src/train/sensors.o
LOAD src/train/switches.o
LOAD src/train/track_data.o
LOAD src/train/traincontrol.o
LOAD src/train/trainserver.o
LOAD src/kernel/asm/context_switching.o
LOAD src/kernel/asm/exception_vector.o
LOAD src/kernel/boot/boot.o

.stack          0x0000000000000000    0x7fff0
 *(.stack)
 .stack         0x0000000000000000    0x7fff0 src/kernel/boot/boot.o
                0x0000000000080000                . = 0x80000

.text.boot      0x0000000000080000       0xa8
 *(.text.boot)
 .text.boot     0x0000000000080000       0xa8 src/kernel/boot/boot.o
                0x0000000000080000                start

.text.evt       0x0000000000080800      0x7fc
 *(.text.evt)
 .text.evt      0x0000000000080800      0x7fc src/kernel/asm/exception_vector.o
                0x0000000000080800                exception_vector

.text           0x0000000000081000     0xe930
 *(.text*)
 .text          0x0000000000081000      0x10c src/kernel/data_structures/char_cb.o
                0x0000000000081000                initialize_charcb
                0x0000000000081020                increment_charcb
                0x0000000000081030                push_charcb
                0x00000000000810a0                is_empty_charcb
                0x00000000000810b0                peek_charcb
                0x00000000000810d0                pop_charcb
 *fill*         0x000000000008110c        0x4 
 .text          0x0000000000081110      0x300 src/kernel/data_structures/heap.o
                0x0000000000081110                heap_init
                0x0000000000081120                swap
                0x0000000000081140                sift_up
                0x00000000000811c0                heap_push
                0x0000000000081280                sift_down
                0x00000000000813a0                heap_peek
                0x00000000000813c0                heap_pop
 .text          0x0000000000081410       0xfc src/kernel/data_structures/int_cb.o
                0x0000000000081410                initialize_intcb
                0x0000000000081430                increment_intcb
                0x0000000000081440                decrement_intcb
                0x0000000000081460                push_intcb
                0x00000000000814c0                is_empty_intcb
                0x00000000000814d0                pop_intcb
 *fill*         0x000000000008150c        0x4 
 .text          0x0000000000081510       0x30 src/kernel/exception.o
                0x0000000000081510                init_exception_vector
                0x0000000000081520                invalid_exception
 .text          0x0000000000081540      0x19c src/kernel/interrupt.o
                0x0000000000081540                route_irq
                0x00000000000815d0                enable_irq
                0x0000000000081610                disable_irq
                0x0000000000081650                enable_irqs
                0x00000000000816b0                disable_irqs
 *fill*         0x00000000000816dc        0x4 
 .text          0x00000000000816e0     0x12ac src/kernel/k2/gameclient.o
                0x00000000000816e0                scissor_quit
                0x00000000000818d0                paper_quit
                0x0000000000081ac0                rock_quit
                0x0000000000081cc0                spr_quit
                0x0000000000081ee0                rps_quit
                0x0000000000082100                paper_move_quit
                0x0000000000082370                rps_move_quit
                0x0000000000082610                lookup_gameserver
                0x0000000000082670                signup
                0x0000000000082700                move
                0x00000000000827e0                quit
                0x0000000000082890                test1
                0x00000000000828f0                test2
                0x0000000000082940                test3
 *fill*         0x000000000008298c        0x4 
 .text          0x0000000000082990      0xcf8 src/kernel/k2/gameserver.o
                0x0000000000082990                gameserver_signup
                0x0000000000082a20                gameserver_play
                0x0000000000082ac0                gameserver_quit
                0x0000000000082b40                winner
                0x0000000000082b90                set_response
                0x0000000000082c00                gameserver
 *fill*         0x0000000000083688        0x8 
 .text          0x0000000000083690      0xb30 src/kernel/k_handler.o
                0x0000000000083690                task_init
                0x00000000000836b0                copy_msg
                0x00000000000836f0                reschedule_task_with_return
                0x0000000000083730                handle_create
                0x0000000000083850                handle_exit
                0x00000000000838a0                handle_my_tid
                0x00000000000838e0                handle_parent_tid
                0x0000000000083920                handle_yield
                0x0000000000083960                handle_send
                0x0000000000083b40                handle_receive
                0x0000000000083cc0                handle_reply
                0x0000000000083e60                handle_await_event
                0x0000000000083fa0                handle_irq
 .text          0x00000000000841c0      0x850 src/kernel/peripheral/rpi.o
                0x00000000000844a0                gpio_init
                0x0000000000084500                uart_config_and_enable
                0x0000000000084570                uart_get_interrupt_lines
                0x0000000000084580                uart_irq_id
                0x00000000000845a0                uart_ifls
                0x00000000000845c0                uart_mis
                0x00000000000845e0                uart_mis_tx
                0x0000000000084600                uart_mis_rx
                0x0000000000084620                uart_mis_cts
                0x0000000000084640                uart_cts
                0x0000000000084660                uart_enable_tx
                0x0000000000084680                uart_enable_rx
                0x00000000000846a0                uart_enable_cts
                0x00000000000846c0                uart_disable_tx
                0x00000000000846e0                uart_disable_rx
                0x0000000000084700                uart_disable_cts
                0x0000000000084720                uart_clear_tx
                0x0000000000084740                uart_clear_rx
                0x0000000000084760                uart_clear_cts
                0x0000000000084780                uart_can_read
                0x00000000000847a0                uart_can_write
                0x00000000000847c0                uart_readc
                0x00000000000847f0                uart_writec
                0x0000000000084820                uart_getc
                0x0000000000084840                uart_putc
                0x0000000000084860                uart_putl
                0x00000000000848a0                uart_puts
                0x00000000000848d0                uart_printf
                0x0000000000084950                uart_dprintf
 .text          0x0000000000084a10      0x510 src/kernel/server/clock.o
                0x0000000000084a10                delayed_task_cmp
                0x0000000000084a30                dts_init
                0x0000000000084a90                getNextFreeDelayedTask
                0x0000000000084ab0                reclaimDelayedTask
                0x0000000000084ac0                Time
                0x0000000000084b20                Delay
                0x0000000000084bc0                DelayUntil
                0x0000000000084c60                clock_notifier
                0x0000000000084cd0                clock
 .text          0x0000000000084f20      0xe54 src/kernel/server/io.o
                0x0000000000084f20                console_out_notifier
                0x0000000000085000                console_in_notifier
                0x00000000000850f0                console_out
                0x0000000000085270                console_in
                0x0000000000085470                marklin_out_tx_notifier
                0x0000000000085540                marklin_out_cts_notifier
                0x00000000000855c0                marklin_in_notifier
                0x0000000000085690                marklin_io
                0x00000000000859d0                Getc
                0x0000000000085a10                Putc
                0x0000000000085a50                Puts
                0x0000000000085ab0                Puts_len
                0x0000000000085af0                printf
 *fill*         0x0000000000085d74        0xc 
 .text          0x0000000000085d80      0x470 src/kernel/server/nameserver.o
                0x0000000000085d80                RegisterAs
                0x0000000000085e20                WhoIs
                0x0000000000085f10                set_name
                0x0000000000085f70                get_name
                0x0000000000085f80                nameserver
 .text          0x00000000000861f0      0x138 src/kernel/server/timer.o
                0x00000000000861f0                st_lo
                0x0000000000086200                sys_time
                0x0000000000086210                sys_time_ms
                0x0000000000086230                sys_time_tenth_seconds
                0x0000000000086250                parse_st
                0x00000000000862c0                timer_init
                0x00000000000862f0                update_c1
                0x0000000000086310                update_status_reg
 *fill*         0x0000000000086328        0x8 
 .text          0x0000000000086330      0x168 src/kernel/syscall.o
                0x0000000000086330                Create
                0x0000000000086360                Create_sp_size
                0x0000000000086390                MyTid
                0x00000000000863a0                MyParentTid
                0x00000000000863b0                Yield
                0x00000000000863c0                Exit
                0x00000000000863d0                Send
                0x0000000000086410                Receive
                0x0000000000086440                Reply
                0x0000000000086470                AwaitEvent
                0x0000000000086490                Quit
 *fill*         0x0000000000086498        0x8 
 .text          0x00000000000864a0      0x380 src/kernel/taskframe.o
                0x00000000000864a0                tasks_init
                0x0000000000086670                task_cmp
                0x00000000000866b0                getNextFreeTaskFrame
                0x00000000000866e0                reclaimTaskFrame
                0x0000000000086700                sds_init
                0x0000000000086760                getNextFreeSendData
                0x0000000000086780                reclaimSendData
                0x0000000000086790                rds_init
                0x00000000000867f0                getNextFreeReceiveData
                0x0000000000086810                reclaimReceiveData
 .text          0x0000000000086820      0xb64 src/kernel/tasks.o
                0x0000000000086820                k2test
                0x0000000000086920                time_user
                0x00000000000869d0                idle_task
                0x0000000000086ad0                user_input
                0x0000000000086d90                k4
                0x0000000000086f10                console_time
                0x00000000000870c0                k2
                0x0000000000087120                k3
                0x0000000000087230                i2str
                0x0000000000087290                rootTask
 *fill*         0x0000000000087384        0xc 
 .text          0x0000000000087390       0x18 src/kernel/util/assert.o
                0x0000000000087390                assert
 *fill*         0x00000000000873a8        0x8 
 .text          0x00000000000873b0      0x6b8 src/kernel/util/util.o
                0x00000000000873b0                a2d
                0x0000000000087400                ui2a
                0x00000000000874c0                ui2a_no0
                0x0000000000087570                i2a
                0x0000000000087640                memset
                0x0000000000087760                memcpy
                0x0000000000087870                str_cpy
                0x00000000000878a0                str_cpy_w0
                0x00000000000878c0                str_len
                0x00000000000878f0                str_equal
                0x0000000000087940                isInt
                0x0000000000087960                getArgumentTwoDigitNumber
                0x00000000000879d0                getArgumentThreeDigitNumber
 *fill*         0x0000000000087a68        0x8 
 .text          0x0000000000087a70      0x310 src/main.o
                0x0000000000087a70                kernel_frame_init
                0x0000000000087a80                run_task
                0x0000000000087ab0                kmain
 .text          0x0000000000087d80     0x1408 src/train/pathfinding.o
                0x0000000000087d80                heap_node_cmp
                0x00000000000884a0                hns_init
                0x0000000000088510                getNextFreeHeapNode
                0x0000000000088530                reclaimHeapNode
                0x0000000000088550                dijkstra
                0x0000000000088c90                pathfind_change_switches
                0x0000000000088d40                get_start_node
                0x0000000000088e00                pathfind
                0x0000000000088f30                path_finding
 *fill*         0x0000000000089188        0x8 
 .text          0x0000000000089190      0x280 src/train/sensors.o
                0x0000000000089190                sensor_update
 .text          0x0000000000089410      0x4e0 src/train/switches.o
                0x0000000000089410                change_switches_cmd
                0x0000000000089440                get_switches_setup
                0x0000000000089480                sw
                0x00000000000895d0                switches_setup
                0x0000000000089790                switches_server
 .text          0x00000000000898f0     0x5240 src/train/track_data.o
                0x00000000000898f0                init_tracka
                0x000000000008c500                init_trackb
 .text          0x000000000008eb30      0x998 src/train/traincontrol.o
                0x000000000008eb30                tr
                0x000000000008eb80                reverse
                0x000000000008ec70                get_sensor_num
                0x000000000008ecd0                execute_tr
                0x000000000008edc0                execute_rv
                0x000000000008ee90                execute_sw
                0x000000000008efa0                execute_pf
                0x000000000008f170                execute_nav
                0x000000000008f2b0                executeFunction
 *fill*         0x000000000008f4c8        0x8 
 .text          0x000000000008f4d0       0xdc src/train/trainserver.o
                0x000000000008f4d0                trainserver
 *fill*         0x000000000008f5ac        0x4 
 .text          0x000000000008f5b0      0x380 src/kernel/asm/context_switching.o
                0x000000000008f5b0                context_switch_to_task
                0x000000000008f6d4                return_to_kernel_syscall
                0x000000000008f7f8                return_to_kernel_irq
 .text          0x000000000008f930        0x0 src/kernel/asm/exception_vector.o
 .text          0x000000000008f930        0x0 src/kernel/boot/boot.o

.iplt           0x000000000008f930        0x0
 .iplt          0x000000000008f930        0x0 src/kernel/data_structures/heap.o

.rodata.str1.8  0x000000000008f930     0x1749
 .rodata.str1.8
                0x000000000008f930       0x13 src/kernel/data_structures/heap.o
 *fill*         0x000000000008f943        0x5 
 .rodata.str1.8
                0x000000000008f948       0x15 src/kernel/exception.o
 *fill*         0x000000000008f95d        0x3 
 .rodata.str1.8
                0x000000000008f960       0x22 src/kernel/interrupt.o
 *fill*         0x000000000008f982        0x6 
 .rodata.str1.8
                0x000000000008f988      0x246 src/kernel/k2/gameclient.o
 *fill*         0x000000000008fbce        0x2 
 .rodata.str1.8
                0x000000000008fbd0      0x287 src/kernel/k2/gameserver.o
                                        0x28f (size before relaxing)
 *fill*         0x000000000008fe57        0x1 
 .rodata.str1.8
                0x000000000008fe58      0x315 src/kernel/k_handler.o
 *fill*         0x000000000009016d        0x3 
 .rodata.str1.8
                0x0000000000090170      0x150 src/kernel/server/clock.o
 .rodata.str1.8
                0x00000000000902c0       0xd0 src/kernel/server/io.o
                                         0xd8 (size before relaxing)
 .rodata.str1.8
                0x0000000000090390      0x167 src/kernel/server/nameserver.o
 *fill*         0x00000000000904f7        0x1 
 .rodata.str1.8
                0x00000000000904f8      0x261 src/kernel/tasks.o
 *fill*         0x0000000000090759        0x7 
 .rodata.str1.8
                0x0000000000090760      0x1b7 src/train/pathfinding.o
 *fill*         0x0000000000090917        0x1 
 .rodata.str1.8
                0x0000000000090918       0xd1 src/train/sensors.o
 *fill*         0x00000000000909e9        0x7 
 .rodata.str1.8
                0x00000000000909f0       0x4a src/train/switches.o
 *fill*         0x0000000000090a3a        0x6 
 .rodata.str1.8
                0x0000000000090a40      0x47d src/train/track_data.o
 *fill*         0x0000000000090ebd        0x3 
 .rodata.str1.8
                0x0000000000090ec0      0x1b9 src/train/traincontrol.o

.rodata         0x0000000000091080      0x252
 .rodata        0x0000000000091080       0x10 src/kernel/k2/gameserver.o
 .rodata        0x0000000000091090       0x18 src/kernel/peripheral/rpi.o
 .rodata        0x00000000000910a8       0x17 src/kernel/server/clock.o
 *fill*         0x00000000000910bf        0x1 
 .rodata        0x00000000000910c0       0x7e src/kernel/server/io.o
 *fill*         0x000000000009113e        0x2 
 .rodata        0x0000000000091140       0x48 src/kernel/tasks.o
 .rodata        0x0000000000091188       0x25 src/train/pathfinding.o
 *fill*         0x00000000000911ad        0x3 
 .rodata        0x00000000000911b0       0x2d src/train/sensors.o
 *fill*         0x00000000000911dd        0x3 
 .rodata        0x00000000000911e0       0x76 src/train/switches.o
 *fill*         0x0000000000091256        0x2 
 .rodata        0x0000000000091258       0x3d src/train/traincontrol.o
 *fill*         0x0000000000091295        0x3 
 .rodata        0x0000000000091298       0x3a src/train/trainserver.o

.rela.dyn       0x00000000000912d8        0x0
 .rela.iplt     0x00000000000912d8        0x0 src/kernel/data_structures/heap.o
 .rela.text     0x00000000000912d8        0x0 src/kernel/data_structures/heap.o
 .rela.text.boot
                0x00000000000912d8        0x0 src/kernel/data_structures/heap.o
                0x00000000000912e0                . = ALIGN (0x10)

.data           0x00000000000912e0       0x94
 *(.data)
 .data          0x00000000000912e0        0x0 src/kernel/data_structures/char_cb.o
 .data          0x00000000000912e0        0x0 src/kernel/data_structures/heap.o
 .data          0x00000000000912e0        0x0 src/kernel/data_structures/int_cb.o
 .data          0x00000000000912e0        0x0 src/kernel/exception.o
 .data          0x00000000000912e0        0x0 src/kernel/interrupt.o
 .data          0x00000000000912e0        0x0 src/kernel/k2/gameclient.o
 .data          0x00000000000912e0       0x94 src/kernel/k2/gameserver.o
                0x00000000000912e0                gameserver_name
                0x00000000000912f0                move_str
                0x0000000000091308                result_str
                0x0000000000091328                quit_str
                0x0000000000091338                tie_str
                0x0000000000091340                lose_str
                0x0000000000091348                win_str
                0x0000000000091350                scissor_str
                0x0000000000091358                paper_str
                0x0000000000091360                rock_str
                0x0000000000091368                moves
 .data          0x0000000000091374        0x0 src/kernel/k_handler.o
 .data          0x0000000000091374        0x0 src/kernel/peripheral/rpi.o
 .data          0x0000000000091374        0x0 src/kernel/server/clock.o
 .data          0x0000000000091374        0x0 src/kernel/server/io.o
 .data          0x0000000000091374        0x0 src/kernel/server/nameserver.o
 .data          0x0000000000091374        0x0 src/kernel/server/timer.o
 .data          0x0000000000091374        0x0 src/kernel/syscall.o
 .data          0x0000000000091374        0x0 src/kernel/taskframe.o
 .data          0x0000000000091374        0x0 src/kernel/tasks.o
 .data          0x0000000000091374        0x0 src/kernel/util/assert.o
 .data          0x0000000000091374        0x0 src/kernel/util/util.o
 .data          0x0000000000091374        0x0 src/main.o
 .data          0x0000000000091374        0x0 src/train/pathfinding.o
 .data          0x0000000000091374        0x0 src/train/sensors.o
 .data          0x0000000000091374        0x0 src/train/switches.o
 .data          0x0000000000091374        0x0 src/train/track_data.o
 .data          0x0000000000091374        0x0 src/train/traincontrol.o
 .data          0x0000000000091374        0x0 src/train/trainserver.o
 .data          0x0000000000091374        0x0 src/kernel/asm/context_switching.o
 .data          0x0000000000091374        0x0 src/kernel/asm/exception_vector.o
 .data          0x0000000000091374        0x0 src/kernel/boot/boot.o

.igot.plt       0x0000000000091378        0x0
 .igot.plt      0x0000000000091378        0x0 src/kernel/data_structures/heap.o
                0x0000000000091380                . = ALIGN (0x10)
                0x0000000000091380                bss_begin = .

.bss            0x0000000000091380       0x20
 *(.bss)
 .bss           0x0000000000091380        0x0 src/kernel/data_structures/char_cb.o
 .bss           0x0000000000091380        0x0 src/kernel/data_structures/heap.o
 .bss           0x0000000000091380        0x0 src/kernel/data_structures/int_cb.o
 .bss           0x0000000000091380        0x0 src/kernel/exception.o
 .bss           0x0000000000091380        0x0 src/kernel/interrupt.o
 .bss           0x0000000000091380        0x0 src/kernel/k2/gameclient.o
 .bss           0x0000000000091380        0x0 src/kernel/k2/gameserver.o
 .bss           0x0000000000091380        0x0 src/kernel/k_handler.o
 .bss           0x0000000000091380        0x0 src/kernel/peripheral/rpi.o
 .bss           0x0000000000091380        0x0 src/kernel/server/clock.o
 .bss           0x0000000000091380        0x0 src/kernel/server/io.o
 .bss           0x0000000000091380        0x0 src/kernel/server/nameserver.o
 .bss           0x0000000000091380        0x0 src/kernel/server/timer.o
 .bss           0x0000000000091380        0x0 src/kernel/syscall.o
 .bss           0x0000000000091380        0x0 src/kernel/taskframe.o
 .bss           0x0000000000091380        0x0 src/kernel/tasks.o
 .bss           0x0000000000091380        0x0 src/kernel/util/assert.o
 .bss           0x0000000000091380        0x0 src/kernel/util/util.o
 .bss           0x0000000000091380       0x20 src/main.o
                0x0000000000091380                p_program_start
                0x0000000000091388                p_idle_task_total
                0x0000000000091390                kf
                0x0000000000091398                currentTaskFrame
 .bss           0x00000000000913a0        0x0 src/train/pathfinding.o
 .bss           0x00000000000913a0        0x0 src/train/sensors.o
 .bss           0x00000000000913a0        0x0 src/train/switches.o
 .bss           0x00000000000913a0        0x0 src/train/track_data.o
 .bss           0x00000000000913a0        0x0 src/train/traincontrol.o
 .bss           0x00000000000913a0        0x0 src/train/trainserver.o
 .bss           0x00000000000913a0        0x0 src/kernel/asm/context_switching.o
 .bss           0x00000000000913a0        0x0 src/kernel/asm/exception_vector.o
 .bss           0x00000000000913a0        0x0 src/kernel/boot/boot.o
                0x00000000000913a0                bss_end = .
                0x00000000000913b0                . = (. + 0x10)
                0x00000000000913b0                user_stack_start = .
LOAD /u3/cs452/public/xdev/bin/../lib/gcc/aarch64-none-elf/12.3.1/libgcc.a
LOAD /u3/cs452/public/xdev/bin/../lib/gcc/aarch64-none-elf/12.3.1/../../../../aarch64-none-elf/lib/libg.a
LOAD /u3/cs452/public/xdev/bin/../lib/gcc/aarch64-none-elf/12.3.1/../../../../aarch64-none-elf/lib/libc.a
LOAD /u3/cs452/public/xdev/bin/../lib/gcc/aarch64-none-elf/12.3.1/libgcc.a
OUTPUT(iotest.elf elf64-littleaarch64)
LOAD linker stubs

.debug_info     0x0000000000000000    0x1417a
 .debug_info    0x0000000000000000      0x3cd src/kernel/data_structures/char_cb.o
 .debug_info    0x00000000000003cd      0x558 src/kernel/data_structures/heap.o
 .debug_info    0x0000000000000925      0x3a6 src/kernel/data_structures/int_cb.o
 .debug_info    0x0000000000000ccb      0x126 src/kernel/exception.o
 .debug_info    0x0000000000000df1      0x535 src/kernel/interrupt.o
 .debug_info    0x0000000000001326     0x2d7d src/kernel/k2/gameclient.o
 .debug_info    0x00000000000040a3     0x1dfe src/kernel/k2/gameserver.o
 .debug_info    0x0000000000005ea1     0x1c37 src/kernel/k_handler.o
 .debug_info    0x0000000000007ad8     0x1279 src/kernel/peripheral/rpi.o
 .debug_info    0x0000000000008d51      0xc61 src/kernel/server/clock.o
 .debug_info    0x00000000000099b2     0x20e5 src/kernel/server/io.o
 .debug_info    0x000000000000ba97      0xa92 src/kernel/server/nameserver.o
 .debug_info    0x000000000000c529      0x31d src/kernel/server/timer.o
 .debug_info    0x000000000000c846      0x37b src/kernel/syscall.o
 .debug_info    0x000000000000cbc1      0x739 src/kernel/taskframe.o
 .debug_info    0x000000000000d2fa     0x1761 src/kernel/tasks.o
 .debug_info    0x000000000000ea5b       0xfc src/kernel/util/assert.o
 .debug_info    0x000000000000eb57      0x805 src/kernel/util/util.o
 .debug_info    0x000000000000f35c      0xc3f src/main.o
 .debug_info    0x000000000000ff9b     0x188c src/train/pathfinding.o
 .debug_info    0x0000000000011827      0x732 src/train/sensors.o
 .debug_info    0x0000000000011f59      0x95a src/train/switches.o
 .debug_info    0x00000000000128b3      0x202 src/train/track_data.o
 .debug_info    0x0000000000012ab5     0x1354 src/train/traincontrol.o
 .debug_info    0x0000000000013e09      0x2f6 src/train/trainserver.o
 .debug_info    0x00000000000140ff       0x29 src/kernel/asm/context_switching.o
 .debug_info    0x0000000000014128       0x29 src/kernel/asm/exception_vector.o
 .debug_info    0x0000000000014151       0x29 src/kernel/boot/boot.o

.debug_abbrev   0x0000000000000000     0x3a9d
 .debug_abbrev  0x0000000000000000      0x1d1 src/kernel/data_structures/char_cb.o
 .debug_abbrev  0x00000000000001d1      0x24c src/kernel/data_structures/heap.o
 .debug_abbrev  0x000000000000041d      0x1ce src/kernel/data_structures/int_cb.o
 .debug_abbrev  0x00000000000005eb       0xbb src/kernel/exception.o
 .debug_abbrev  0x00000000000006a6      0x141 src/kernel/interrupt.o
 .debug_abbrev  0x00000000000007e7      0x248 src/kernel/k2/gameclient.o
 .debug_abbrev  0x0000000000000a2f      0x3e8 src/kernel/k2/gameserver.o
 .debug_abbrev  0x0000000000000e17      0x3a0 src/kernel/k_handler.o
 .debug_abbrev  0x00000000000011b7      0x4a0 src/kernel/peripheral/rpi.o
 .debug_abbrev  0x0000000000001657      0x2e7 src/kernel/server/clock.o
 .debug_abbrev  0x000000000000193e      0x3df src/kernel/server/io.o
 .debug_abbrev  0x0000000000001d1d      0x2c7 src/kernel/server/nameserver.o
 .debug_abbrev  0x0000000000001fe4      0x1f0 src/kernel/server/timer.o
 .debug_abbrev  0x00000000000021d4      0x131 src/kernel/syscall.o
 .debug_abbrev  0x0000000000002305      0x1ed src/kernel/taskframe.o
 .debug_abbrev  0x00000000000024f2      0x285 src/kernel/tasks.o
 .debug_abbrev  0x0000000000002777       0xac src/kernel/util/assert.o
 .debug_abbrev  0x0000000000002823      0x253 src/kernel/util/util.o
 .debug_abbrev  0x0000000000002a76      0x29a src/main.o
 .debug_abbrev  0x0000000000002d10      0x385 src/train/pathfinding.o
 .debug_abbrev  0x0000000000003095      0x17b src/train/sensors.o
 .debug_abbrev  0x0000000000003210      0x29d src/train/switches.o
 .debug_abbrev  0x00000000000034ad      0x124 src/train/track_data.o
 .debug_abbrev  0x00000000000035d1      0x349 src/train/traincontrol.o
 .debug_abbrev  0x000000000000391a      0x147 src/train/trainserver.o
 .debug_abbrev  0x0000000000003a61       0x14 src/kernel/asm/context_switching.o
 .debug_abbrev  0x0000000000003a75       0x14 src/kernel/asm/exception_vector.o
 .debug_abbrev  0x0000000000003a89       0x14 src/kernel/boot/boot.o

.debug_loclists
                0x0000000000000000     0x8ae2
 .debug_loclists
                0x0000000000000000      0x101 src/kernel/data_structures/char_cb.o
 .debug_loclists
                0x0000000000000101      0x309 src/kernel/data_structures/heap.o
 .debug_loclists
                0x000000000000040a       0xe3 src/kernel/data_structures/int_cb.o
 .debug_loclists
                0x00000000000004ed       0x25 src/kernel/exception.o
 .debug_loclists
                0x0000000000000512      0x379 src/kernel/interrupt.o
 .debug_loclists
                0x000000000000088b     0x164f src/kernel/k2/gameclient.o
 .debug_loclists
                0x0000000000001eda      0xa5d src/kernel/k2/gameserver.o
 .debug_loclists
                0x0000000000002937     0x1014 src/kernel/k_handler.o
 .debug_loclists
                0x000000000000394b      0xae9 src/kernel/peripheral/rpi.o
 .debug_loclists
                0x0000000000004434      0x384 src/kernel/server/clock.o
 .debug_loclists
                0x00000000000047b8      0x9ac src/kernel/server/io.o
 .debug_loclists
                0x0000000000005164      0x42c src/kernel/server/nameserver.o
 .debug_loclists
                0x0000000000005590       0xd3 src/kernel/server/timer.o
 .debug_loclists
                0x0000000000005663       0xd0 src/kernel/syscall.o
 .debug_loclists
                0x0000000000005733      0x272 src/kernel/taskframe.o
 .debug_loclists
                0x00000000000059a5      0x3bc src/kernel/tasks.o
 .debug_loclists
                0x0000000000005d61       0x25 src/kernel/util/assert.o
 .debug_loclists
                0x0000000000005d86      0xaaa src/kernel/util/util.o
 .debug_loclists
                0x0000000000006830       0xc0 src/main.o
 .debug_loclists
                0x00000000000068f0      0xe3c src/train/pathfinding.o
 .debug_loclists
                0x000000000000772c      0x32d src/train/sensors.o
 .debug_loclists
                0x0000000000007a59      0x3a7 src/train/switches.o
 .debug_loclists
                0x0000000000007e00       0xef src/train/track_data.o
 .debug_loclists
                0x0000000000007eef      0xbc5 src/train/traincontrol.o
 .debug_loclists
                0x0000000000008ab4       0x2e src/train/trainserver.o

.debug_aranges  0x0000000000000000      0x540
 .debug_aranges
                0x0000000000000000       0x30 src/kernel/data_structures/char_cb.o
 .debug_aranges
                0x0000000000000030       0x30 src/kernel/data_structures/heap.o
 .debug_aranges
                0x0000000000000060       0x30 src/kernel/data_structures/int_cb.o
 .debug_aranges
                0x0000000000000090       0x30 src/kernel/exception.o
 .debug_aranges
                0x00000000000000c0       0x30 src/kernel/interrupt.o
 .debug_aranges
                0x00000000000000f0       0x30 src/kernel/k2/gameclient.o
 .debug_aranges
                0x0000000000000120       0x30 src/kernel/k2/gameserver.o
 .debug_aranges
                0x0000000000000150       0x30 src/kernel/k_handler.o
 .debug_aranges
                0x0000000000000180       0x30 src/kernel/peripheral/rpi.o
 .debug_aranges
                0x00000000000001b0       0x30 src/kernel/server/clock.o
 .debug_aranges
                0x00000000000001e0       0x30 src/kernel/server/io.o
 .debug_aranges
                0x0000000000000210       0x30 src/kernel/server/nameserver.o
 .debug_aranges
                0x0000000000000240       0x30 src/kernel/server/timer.o
 .debug_aranges
                0x0000000000000270       0x30 src/kernel/syscall.o
 .debug_aranges
                0x00000000000002a0       0x30 src/kernel/taskframe.o
 .debug_aranges
                0x00000000000002d0       0x30 src/kernel/tasks.o
 .debug_aranges
                0x0000000000000300       0x30 src/kernel/util/assert.o
 .debug_aranges
                0x0000000000000330       0x30 src/kernel/util/util.o
 .debug_aranges
                0x0000000000000360       0x30 src/main.o
 .debug_aranges
                0x0000000000000390       0x30 src/train/pathfinding.o
 .debug_aranges
                0x00000000000003c0       0x30 src/train/sensors.o
 .debug_aranges
                0x00000000000003f0       0x30 src/train/switches.o
 .debug_aranges
                0x0000000000000420       0x30 src/train/track_data.o
 .debug_aranges
                0x0000000000000450       0x30 src/train/traincontrol.o
 .debug_aranges
                0x0000000000000480       0x30 src/train/trainserver.o
 .debug_aranges
                0x00000000000004b0       0x30 src/kernel/asm/context_switching.o
 .debug_aranges
                0x00000000000004e0       0x30 src/kernel/asm/exception_vector.o
 .debug_aranges
                0x0000000000000510       0x30 src/kernel/boot/boot.o

.debug_rnglists
                0x0000000000000000      0xf0c
 .debug_rnglists
                0x0000000000000000       0x2b src/kernel/data_structures/char_cb.o
 .debug_rnglists
                0x000000000000002b       0x68 src/kernel/data_structures/heap.o
 .debug_rnglists
                0x0000000000000093       0x2e src/kernel/data_structures/int_cb.o
 .debug_rnglists
                0x00000000000000c1       0x85 src/kernel/interrupt.o
 .debug_rnglists
                0x0000000000000146      0x3b7 src/kernel/k2/gameclient.o
 .debug_rnglists
                0x00000000000004fd      0x19b src/kernel/k2/gameserver.o
 .debug_rnglists
                0x0000000000000698      0x187 src/kernel/k_handler.o
 .debug_rnglists
                0x000000000000081f       0xc4 src/kernel/peripheral/rpi.o
 .debug_rnglists
                0x00000000000008e3       0x72 src/kernel/server/clock.o
 .debug_rnglists
                0x0000000000000955       0xd2 src/kernel/server/io.o
 .debug_rnglists
                0x0000000000000a27       0x7e src/kernel/server/nameserver.o
 .debug_rnglists
                0x0000000000000aa5       0x3b src/kernel/server/timer.o
 .debug_rnglists
                0x0000000000000ae0       0x65 src/kernel/taskframe.o
 .debug_rnglists
                0x0000000000000b45       0x75 src/kernel/tasks.o
 .debug_rnglists
                0x0000000000000bba       0x63 src/kernel/util/util.o
 .debug_rnglists
                0x0000000000000c1d       0x37 src/main.o
 .debug_rnglists
                0x0000000000000c54      0x15d src/train/pathfinding.o
 .debug_rnglists
                0x0000000000000db1       0x77 src/train/sensors.o
 .debug_rnglists
                0x0000000000000e28       0x55 src/train/switches.o
 .debug_rnglists
                0x0000000000000e7d       0x19 src/train/track_data.o
 .debug_rnglists
                0x0000000000000e96       0x76 src/train/traincontrol.o

.debug_line     0x0000000000000000     0xe788
 .debug_line    0x0000000000000000      0x1be src/kernel/data_structures/char_cb.o
 .debug_line    0x00000000000001be      0x355 src/kernel/data_structures/heap.o
 .debug_line    0x0000000000000513      0x1a5 src/kernel/data_structures/int_cb.o
 .debug_line    0x00000000000006b8       0xad src/kernel/exception.o
 .debug_line    0x0000000000000765      0x1f9 src/kernel/interrupt.o
 .debug_line    0x000000000000095e      0xc06 src/kernel/k2/gameclient.o
 .debug_line    0x0000000000001564      0xbc9 src/kernel/k2/gameserver.o
 .debug_line    0x000000000000212d      0xc24 src/kernel/k_handler.o
 .debug_line    0x0000000000002d51      0x680 src/kernel/peripheral/rpi.o
 .debug_line    0x00000000000033d1      0x5ae src/kernel/server/clock.o
 .debug_line    0x000000000000397f      0xaf8 src/kernel/server/io.o
 .debug_line    0x0000000000004477      0x4c6 src/kernel/server/nameserver.o
 .debug_line    0x000000000000493d      0x155 src/kernel/server/timer.o
 .debug_line    0x0000000000004a92       0xe6 src/kernel/syscall.o
 .debug_line    0x0000000000004b78      0x381 src/kernel/taskframe.o
 .debug_line    0x0000000000004ef9      0x732 src/kernel/tasks.o
 .debug_line    0x000000000000562b       0x96 src/kernel/util/assert.o
 .debug_line    0x00000000000056c1      0x790 src/kernel/util/util.o
 .debug_line    0x0000000000005e51      0x2e1 src/main.o
 .debug_line    0x0000000000006132     0x138e src/train/pathfinding.o
 .debug_line    0x00000000000074c0      0x299 src/train/sensors.o
 .debug_line    0x0000000000007759      0x43d src/train/switches.o
 .debug_line    0x0000000000007b96     0x62b3 src/train/track_data.o
 .debug_line    0x000000000000de49      0x6f5 src/train/traincontrol.o
 .debug_line    0x000000000000e53e       0xee src/train/trainserver.o
 .debug_line    0x000000000000e62c       0x62 src/kernel/asm/context_switching.o
 .debug_line    0x000000000000e68e       0x89 src/kernel/asm/exception_vector.o
 .debug_line    0x000000000000e717       0x71 src/kernel/boot/boot.o

.debug_str      0x0000000000000000     0x1937
 .debug_str     0x0000000000000000      0x15c src/kernel/data_structures/char_cb.o
                                        0x19a (size before relaxing)
 .debug_str     0x000000000000015c       0x87 src/kernel/data_structures/heap.o
                                        0x1b0 (size before relaxing)
 .debug_str     0x00000000000001e3       0x5b src/kernel/data_structures/int_cb.o
                                        0x193 (size before relaxing)
 .debug_str     0x000000000000023e       0x31 src/kernel/exception.o
                                        0x156 (size before relaxing)
 .debug_str     0x000000000000026f       0x69 src/kernel/interrupt.o
                                        0x16c (size before relaxing)
 .debug_str     0x00000000000002d8      0x118 src/kernel/k2/gameclient.o
                                        0x24d (size before relaxing)
 .debug_str     0x00000000000003f0      0x17a src/kernel/k2/gameserver.o
                                        0x35f (size before relaxing)
 .debug_str     0x000000000000056a      0x397 src/kernel/k_handler.o
                                        0x57c (size before relaxing)
 .debug_str     0x0000000000000901      0x438 src/kernel/peripheral/rpi.o
                                        0x631 (size before relaxing)
 .debug_str     0x0000000000000d39      0x10b src/kernel/server/clock.o
                                        0x306 (size before relaxing)
 .debug_str     0x0000000000000e44      0x1ea src/kernel/server/io.o
                                        0x51b (size before relaxing)
 .debug_str     0x000000000000102e       0x6d src/kernel/server/nameserver.o
                                        0x1e6 (size before relaxing)
 .debug_str     0x000000000000109b       0x9c src/kernel/server/timer.o
                                        0x1e8 (size before relaxing)
 .debug_str     0x0000000000001137       0x53 src/kernel/syscall.o
                                        0x1d6 (size before relaxing)
 .debug_str     0x000000000000118a       0x62 src/kernel/taskframe.o
                                        0x310 (size before relaxing)
 .debug_str     0x00000000000011ec      0x1b4 src/kernel/tasks.o
                                        0x4a4 (size before relaxing)
 .debug_str     0x00000000000013a0      0x122 src/kernel/util/assert.o
 .debug_str     0x00000000000013a0       0x61 src/kernel/util/util.o
                                        0x172 (size before relaxing)
 .debug_str     0x0000000000001401       0x9f src/main.o
                                        0x48f (size before relaxing)
 .debug_str     0x00000000000014a0      0x240 src/train/pathfinding.o
                                        0x47b (size before relaxing)
 .debug_str     0x00000000000016e0       0x8d src/train/sensors.o
                                        0x2bd (size before relaxing)
 .debug_str     0x000000000000176d       0x6d src/train/switches.o
                                        0x291 (size before relaxing)
 .debug_str     0x00000000000017da        0xc src/train/track_data.o
                                        0x1a9 (size before relaxing)
 .debug_str     0x00000000000017e6       0xb5 src/train/traincontrol.o
                                        0x343 (size before relaxing)
 .debug_str     0x000000000000189b       0x1a src/train/trainserver.o
                                        0x14a (size before relaxing)
 .debug_str     0x00000000000018b5       0x49 src/kernel/asm/context_switching.o
 .debug_str     0x00000000000018fe       0x22 src/kernel/asm/exception_vector.o
                                         0x48 (size before relaxing)
 .debug_str     0x0000000000001920       0x17 src/kernel/boot/boot.o
                                         0x3d (size before relaxing)

.debug_line_str
                0x0000000000000000      0x4b1
 .debug_line_str
                0x0000000000000000       0xa9 src/kernel/data_structures/char_cb.o
                                         0xdd (size before relaxing)
 .debug_line_str
                0x00000000000000a9       0x2f src/kernel/data_structures/heap.o
                                         0xd7 (size before relaxing)
 .debug_line_str
                0x00000000000000d8       0x2d src/kernel/data_structures/int_cb.o
                                         0xd9 (size before relaxing)
 .debug_line_str
                0x0000000000000105       0x2f src/kernel/exception.o
                                         0xcc (size before relaxing)
 .debug_line_str
                0x0000000000000134       0x20 src/kernel/interrupt.o
                                         0xc6 (size before relaxing)
 .debug_line_str
                0x0000000000000154       0x4d src/kernel/k2/gameclient.o
                                         0xec (size before relaxing)
 .debug_line_str
                0x00000000000001a1       0x2d src/kernel/k2/gameserver.o
                                         0xfe (size before relaxing)
 .debug_line_str
                0x00000000000001ce       0x37 src/kernel/k_handler.o
                                        0x10d (size before relaxing)
 .debug_line_str
                0x0000000000000205       0x47 src/kernel/peripheral/rpi.o
                                         0xf1 (size before relaxing)
 .debug_line_str
                0x000000000000024c       0x34 src/kernel/server/clock.o
                                         0xfb (size before relaxing)
 .debug_line_str
                0x0000000000000280       0x1c src/kernel/server/io.o
                                        0x117 (size before relaxing)
 .debug_line_str
                0x000000000000029c       0x1f src/kernel/server/nameserver.o
                                         0xee (size before relaxing)
 .debug_line_str
                0x00000000000002bb       0x1a src/kernel/server/timer.o
                                         0xb7 (size before relaxing)
 .debug_line_str
                0x00000000000002d5       0x15 src/kernel/syscall.o
                                         0x64 (size before relaxing)
 .debug_line_str
                0x00000000000002ea       0x17 src/kernel/taskframe.o
                                         0xdb (size before relaxing)
 .debug_line_str
                0x0000000000000301       0x68 src/kernel/tasks.o
                                        0x160 (size before relaxing)
 .debug_line_str
                0x0000000000000369       0x29 src/kernel/util/assert.o
                                         0xc0 (size before relaxing)
 .debug_line_str
                0x0000000000000392       0x17 src/kernel/util/util.o
                                         0xac (size before relaxing)
 .debug_line_str
                0x00000000000003a9       0x1b src/main.o
                                        0x109 (size before relaxing)
 .debug_line_str
                0x00000000000003c4       0x2f src/train/pathfinding.o
                                        0x122 (size before relaxing)
 .debug_line_str
                0x00000000000003f3       0x14 src/train/sensors.o
                                         0xe6 (size before relaxing)
 .debug_line_str
                0x0000000000000407       0x15 src/train/switches.o
                                         0xe7 (size before relaxing)
 .debug_line_str
                0x000000000000041c       0x17 src/train/track_data.o
                                         0x80 (size before relaxing)
 .debug_line_str
                0x0000000000000433       0x19 src/train/traincontrol.o
                                         0xe9 (size before relaxing)
 .debug_line_str
                0x000000000000044c       0x18 src/train/trainserver.o
                                         0x8e (size before relaxing)
 .debug_line_str
                0x0000000000000464       0x23 src/kernel/asm/context_switching.o
                                         0x3b (size before relaxing)
 .debug_line_str
                0x0000000000000487       0x13 src/kernel/asm/exception_vector.o
                                         0x3a (size before relaxing)
 .debug_line_str
                0x000000000000049a       0x17 src/kernel/boot/boot.o
                                         0x2f (size before relaxing)

.comment        0x0000000000000000       0x45
 .comment       0x0000000000000000       0x45 src/kernel/data_structures/char_cb.o
                                         0x46 (size before relaxing)
 .comment       0x0000000000000045       0x46 src/kernel/data_structures/heap.o
 .comment       0x0000000000000045       0x46 src/kernel/data_structures/int_cb.o
 .comment       0x0000000000000045       0x46 src/kernel/exception.o
 .comment       0x0000000000000045       0x46 src/kernel/interrupt.o
 .comment       0x0000000000000045       0x46 src/kernel/k2/gameclient.o
 .comment       0x0000000000000045       0x46 src/kernel/k2/gameserver.o
 .comment       0x0000000000000045       0x46 src/kernel/k_handler.o
 .comment       0x0000000000000045       0x46 src/kernel/peripheral/rpi.o
 .comment       0x0000000000000045       0x46 src/kernel/server/clock.o
 .comment       0x0000000000000045       0x46 src/kernel/server/io.o
 .comment       0x0000000000000045       0x46 src/kernel/server/nameserver.o
 .comment       0x0000000000000045       0x46 src/kernel/server/timer.o
 .comment       0x0000000000000045       0x46 src/kernel/syscall.o
 .comment       0x0000000000000045       0x46 src/kernel/taskframe.o
 .comment       0x0000000000000045       0x46 src/kernel/tasks.o
 .comment       0x0000000000000045       0x46 src/kernel/util/assert.o
 .comment       0x0000000000000045       0x46 src/kernel/util/util.o
 .comment       0x0000000000000045       0x46 src/main.o
 .comment       0x0000000000000045       0x46 src/train/pathfinding.o
 .comment       0x0000000000000045       0x46 src/train/sensors.o
 .comment       0x0000000000000045       0x46 src/train/switches.o
 .comment       0x0000000000000045       0x46 src/train/track_data.o
 .comment       0x0000000000000045       0x46 src/train/traincontrol.o
 .comment       0x0000000000000045       0x46 src/train/trainserver.o

.debug_frame    0x0000000000000000     0x2250
 .debug_frame   0x0000000000000000       0xa0 src/kernel/data_structures/char_cb.o
 .debug_frame   0x00000000000000a0      0x148 src/kernel/data_structures/heap.o
 .debug_frame   0x00000000000001e8       0xa0 src/kernel/data_structures/int_cb.o
 .debug_frame   0x0000000000000288       0x48 src/kernel/exception.o
 .debug_frame   0x00000000000002d0       0xa0 src/kernel/interrupt.o
 .debug_frame   0x0000000000000370      0x460 src/kernel/k2/gameclient.o
 .debug_frame   0x00000000000007d0      0x130 src/kernel/k2/gameserver.o
 .debug_frame   0x0000000000000900      0x328 src/kernel/k_handler.o
 .debug_frame   0x0000000000000c28      0x348 src/kernel/peripheral/rpi.o
 .debug_frame   0x0000000000000f70      0x170 src/kernel/server/clock.o
 .debug_frame   0x00000000000010e0      0x268 src/kernel/server/io.o
 .debug_frame   0x0000000000001348       0xe0 src/kernel/server/nameserver.o
 .debug_frame   0x0000000000001428       0xd0 src/kernel/server/timer.o
 .debug_frame   0x00000000000014f8      0x118 src/kernel/syscall.o
 .debug_frame   0x0000000000001610      0x138 src/kernel/taskframe.o
 .debug_frame   0x0000000000001748      0x210 src/kernel/tasks.o
 .debug_frame   0x0000000000001958       0x30 src/kernel/util/assert.o
 .debug_frame   0x0000000000001988      0x148 src/kernel/util/util.o
 .debug_frame   0x0000000000001ad0       0x98 src/main.o
 .debug_frame   0x0000000000001b68      0x218 src/train/pathfinding.o
 .debug_frame   0x0000000000001d80       0x48 src/train/sensors.o
 .debug_frame   0x0000000000001dc8      0x118 src/train/switches.o
 .debug_frame   0x0000000000001ee0       0xb0 src/train/track_data.o
 .debug_frame   0x0000000000001f90      0x288 src/train/traincontrol.o
 .debug_frame   0x0000000000002218       0x38 src/train/trainserver.o
