
Memory Configuration

Name             Origin             Length             Attributes
*default*        0x0000000000000000 0xffffffffffffffff

Linker script and memory map

LOAD src/kernel/data_structures/char_cb.o
LOAD src/kernel/data_structures/heap.o
LOAD src/kernel/data_structures/int_cb.o
LOAD src/kernel/exception.o
LOAD src/kernel/interrupt.o
LOAD src/kernel/k2/gameclient.o
LOAD src/kernel/k2/gameserver.o
LOAD src/kernel/k_handler.o
LOAD src/kernel/peripheral/rpi.o
LOAD src/kernel/server/clock.o
LOAD src/kernel/server/io.o
LOAD src/kernel/server/nameserver.o
LOAD src/kernel/server/timer.o
LOAD src/kernel/syscall.o
LOAD src/kernel/taskframe.o
LOAD src/kernel/tasks.o
LOAD src/kernel/util/assert.o
LOAD src/kernel/util/util.o
LOAD src/main.o
LOAD src/train/pathfinding.o
LOAD src/train/reverse.o
LOAD src/train/sensors.o
LOAD src/train/switches.o
LOAD src/train/track_data.o
LOAD src/train/traincontrol.o
LOAD src/train/trainserver.o
LOAD src/kernel/asm/context_switching.o
LOAD src/kernel/asm/exception_vector.o
LOAD src/kernel/boot/boot.o

.stack          0x0000000000000000    0x7fff0
 *(.stack)
 .stack         0x0000000000000000    0x7fff0 src/kernel/boot/boot.o
                0x0000000000080000                . = 0x80000

.text.boot      0x0000000000080000       0xa8
 *(.text.boot)
 .text.boot     0x0000000000080000       0xa8 src/kernel/boot/boot.o
                0x0000000000080000                start

.text.evt       0x0000000000080800      0x7fc
 *(.text.evt)
 .text.evt      0x0000000000080800      0x7fc src/kernel/asm/exception_vector.o
                0x0000000000080800                exception_vector

.text           0x0000000000081000     0xee10
 *(.text*)
 .text          0x0000000000081000      0x10c src/kernel/data_structures/char_cb.o
                0x0000000000081000                initialize_charcb
                0x0000000000081020                increment_charcb
                0x0000000000081030                push_charcb
                0x00000000000810a0                is_empty_charcb
                0x00000000000810b0                peek_charcb
                0x00000000000810d0                pop_charcb
 *fill*         0x000000000008110c        0x4 
 .text          0x0000000000081110      0x300 src/kernel/data_structures/heap.o
                0x0000000000081110                heap_init
                0x0000000000081120                swap
                0x0000000000081140                sift_up
                0x00000000000811c0                heap_push
                0x0000000000081280                sift_down
                0x00000000000813a0                heap_peek
                0x00000000000813c0                heap_pop
 .text          0x0000000000081410       0xfc src/kernel/data_structures/int_cb.o
                0x0000000000081410                initialize_intcb
                0x0000000000081430                increment_intcb
                0x0000000000081440                decrement_intcb
                0x0000000000081460                push_intcb
                0x00000000000814c0                is_empty_intcb
                0x00000000000814d0                pop_intcb
 *fill*         0x000000000008150c        0x4 
 .text          0x0000000000081510       0x30 src/kernel/exception.o
                0x0000000000081510                init_exception_vector
                0x0000000000081520                invalid_exception
 .text          0x0000000000081540      0x19c src/kernel/interrupt.o
                0x0000000000081540                route_irq
                0x00000000000815d0                enable_irq
                0x0000000000081610                disable_irq
                0x0000000000081650                enable_irqs
                0x00000000000816b0                disable_irqs
 *fill*         0x00000000000816dc        0x4 
 .text          0x00000000000816e0     0x12ac src/kernel/k2/gameclient.o
                0x00000000000816e0                scissor_quit
                0x00000000000818d0                paper_quit
                0x0000000000081ac0                rock_quit
                0x0000000000081cc0                spr_quit
                0x0000000000081ee0                rps_quit
                0x0000000000082100                paper_move_quit
                0x0000000000082370                rps_move_quit
                0x0000000000082610                lookup_gameserver
                0x0000000000082670                signup
                0x0000000000082700                move
                0x00000000000827e0                quit
                0x0000000000082890                test1
                0x00000000000828f0                test2
                0x0000000000082940                test3
 *fill*         0x000000000008298c        0x4 
 .text          0x0000000000082990      0xcf8 src/kernel/k2/gameserver.o
                0x0000000000082990                gameserver_signup
                0x0000000000082a20                gameserver_play
                0x0000000000082ac0                gameserver_quit
                0x0000000000082b40                winner
                0x0000000000082b90                set_response
                0x0000000000082c00                gameserver
 *fill*         0x0000000000083688        0x8 
 .text          0x0000000000083690      0xb30 src/kernel/k_handler.o
                0x0000000000083690                task_init
                0x00000000000836b0                copy_msg
                0x00000000000836f0                reschedule_task_with_return
                0x0000000000083730                handle_create
                0x0000000000083850                handle_exit
                0x00000000000838a0                handle_my_tid
                0x00000000000838e0                handle_parent_tid
                0x0000000000083920                handle_yield
                0x0000000000083960                handle_send
                0x0000000000083b40                handle_receive
                0x0000000000083cc0                handle_reply
                0x0000000000083e60                handle_await_event
                0x0000000000083fa0                handle_irq
 .text          0x00000000000841c0      0x850 src/kernel/peripheral/rpi.o
                0x00000000000844a0                gpio_init
                0x0000000000084500                uart_config_and_enable
                0x0000000000084570                uart_get_interrupt_lines
                0x0000000000084580                uart_irq_id
                0x00000000000845a0                uart_ifls
                0x00000000000845c0                uart_mis
                0x00000000000845e0                uart_mis_tx
                0x0000000000084600                uart_mis_rx
                0x0000000000084620                uart_mis_cts
                0x0000000000084640                uart_cts
                0x0000000000084660                uart_enable_tx
                0x0000000000084680                uart_enable_rx
                0x00000000000846a0                uart_enable_cts
                0x00000000000846c0                uart_disable_tx
                0x00000000000846e0                uart_disable_rx
                0x0000000000084700                uart_disable_cts
                0x0000000000084720                uart_clear_tx
                0x0000000000084740                uart_clear_rx
                0x0000000000084760                uart_clear_cts
                0x0000000000084780                uart_can_read
                0x00000000000847a0                uart_can_write
                0x00000000000847c0                uart_readc
                0x00000000000847f0                uart_writec
                0x0000000000084820                uart_getc
                0x0000000000084840                uart_putc
                0x0000000000084860                uart_putl
                0x00000000000848a0                uart_puts
                0x00000000000848d0                uart_printf
                0x0000000000084950                uart_dprintf
 .text          0x0000000000084a10      0x510 src/kernel/server/clock.o
                0x0000000000084a10                delayed_task_cmp
                0x0000000000084a30                dts_init
                0x0000000000084a90                getNextFreeDelayedTask
                0x0000000000084ab0                reclaimDelayedTask
                0x0000000000084ac0                Time
                0x0000000000084b20                Delay
                0x0000000000084bc0                DelayUntil
                0x0000000000084c60                clock_notifier
                0x0000000000084cd0                clock
 .text          0x0000000000084f20      0xe54 src/kernel/server/io.o
                0x0000000000084f20                console_out_notifier
                0x0000000000085000                console_in_notifier
                0x00000000000850f0                console_out
                0x0000000000085270                console_in
                0x0000000000085470                marklin_out_tx_notifier
                0x0000000000085540                marklin_out_cts_notifier
                0x00000000000855c0                marklin_in_notifier
                0x0000000000085690                marklin_io
                0x00000000000859d0                Getc
                0x0000000000085a10                Putc
                0x0000000000085a50                Puts
                0x0000000000085ab0                Puts_len
                0x0000000000085af0                printf
 *fill*         0x0000000000085d74        0xc 
 .text          0x0000000000085d80      0x460 src/kernel/server/nameserver.o
                0x0000000000085d80                RegisterAs
                0x0000000000085e50                WhoIs
                0x0000000000085f60                set_name
                0x0000000000085fc0                get_name
                0x0000000000085fd0                nameserver
 .text          0x00000000000861e0      0x138 src/kernel/server/timer.o
                0x00000000000861e0                st_lo
                0x00000000000861f0                sys_time
                0x0000000000086200                sys_time_ms
                0x0000000000086220                sys_time_tenth_seconds
                0x0000000000086240                parse_st
                0x00000000000862b0                timer_init
                0x00000000000862e0                update_c1
                0x0000000000086300                update_status_reg
 *fill*         0x0000000000086318        0x8 
 .text          0x0000000000086320      0x168 src/kernel/syscall.o
                0x0000000000086320                Create
                0x0000000000086350                Create_sp_size
                0x0000000000086380                MyTid
                0x0000000000086390                MyParentTid
                0x00000000000863a0                Yield
                0x00000000000863b0                Exit
                0x00000000000863c0                Send
                0x0000000000086400                Receive
                0x0000000000086430                Reply
                0x0000000000086460                AwaitEvent
                0x0000000000086480                Quit
 *fill*         0x0000000000086488        0x8 
 .text          0x0000000000086490      0x380 src/kernel/taskframe.o
                0x0000000000086490                tasks_init
                0x0000000000086660                task_cmp
                0x00000000000866a0                getNextFreeTaskFrame
                0x00000000000866d0                reclaimTaskFrame
                0x00000000000866f0                sds_init
                0x0000000000086750                getNextFreeSendData
                0x0000000000086770                reclaimSendData
                0x0000000000086780                rds_init
                0x00000000000867e0                getNextFreeReceiveData
                0x0000000000086800                reclaimReceiveData
 .text          0x0000000000086810      0xb10 src/kernel/tasks.o
                0x0000000000086810                k2test
                0x0000000000086910                time_user
                0x00000000000869c0                idle_task
                0x0000000000086ac0                user_input
                0x0000000000086d30                k4
                0x0000000000086ec0                console_time
                0x0000000000087070                k2
                0x00000000000870d0                k3
                0x00000000000871e0                i2str
                0x0000000000087240                rootTask
 .text          0x0000000000087320       0x18 src/kernel/util/assert.o
                0x0000000000087320                assert
 *fill*         0x0000000000087338        0x8 
 .text          0x0000000000087340      0x6b8 src/kernel/util/util.o
                0x0000000000087340                a2d
                0x0000000000087390                ui2a
                0x0000000000087450                ui2a_no0
                0x0000000000087500                i2a
                0x00000000000875d0                memset
                0x00000000000876f0                memcpy
                0x0000000000087800                str_cpy
                0x0000000000087830                str_cpy_w0
                0x0000000000087850                str_len
                0x0000000000087880                str_equal
                0x00000000000878d0                isInt
                0x00000000000878f0                getArgumentTwoDigitNumber
                0x0000000000087960                getArgumentThreeDigitNumber
 *fill*         0x00000000000879f8        0x8 
 .text          0x0000000000087a00      0x310 src/main.o
                0x0000000000087a00                kernel_frame_init
                0x0000000000087a10                run_task
                0x0000000000087a40                kmain
 .text          0x0000000000087d10     0x1688 src/train/pathfinding.o
                0x0000000000087d10                heap_node_cmp
                0x00000000000885b0                hns_init
                0x0000000000088630                getNextFreeHeapNode
                0x0000000000088650                reclaimHeapNode
                0x0000000000088670                dijkstra
                0x0000000000088f30                get_start_sensor
                0x0000000000089050                pathfind
                0x00000000000890b0                path_finding
 *fill*         0x0000000000089398        0x8 
 .text          0x00000000000893a0      0x14c src/train/reverse.o
                0x00000000000893a0                reverse
 *fill*         0x00000000000894ec        0x4 
 .text          0x00000000000894f0      0x2a0 src/train/sensors.o
                0x00000000000894f0                sensor_update
 .text          0x0000000000089790      0x4e0 src/train/switches.o
                0x0000000000089790                change_switches_cmd
                0x00000000000897c0                get_switches_setup
                0x0000000000089800                sw
                0x0000000000089950                switches_setup
                0x0000000000089b10                switches_server
 .text          0x0000000000089c70     0x5240 src/train/track_data.o
                0x0000000000089c70                init_tracka
                0x000000000008c880                init_trackb
 .text          0x000000000008eeb0      0x858 src/train/traincontrol.o
                0x000000000008eeb0                get_sensor_num
                0x000000000008ef10                execute_tr
                0x000000000008f010                execute_rv
                0x000000000008f0d0                execute_sw
                0x000000000008f1f0                execute_pf
                0x000000000008f3d0                execute_nav
                0x000000000008f520                executeFunction
 *fill*         0x000000000008f708        0x8 
 .text          0x000000000008f710      0x380 src/train/trainserver.o
                0x000000000008f710                tr
                0x000000000008f760                trainserver
 .text          0x000000000008fa90      0x380 src/kernel/asm/context_switching.o
                0x000000000008fa90                context_switch_to_task
                0x000000000008fbb4                return_to_kernel_syscall
                0x000000000008fcd8                return_to_kernel_irq
 .text          0x000000000008fe10        0x0 src/kernel/asm/exception_vector.o
 .text          0x000000000008fe10        0x0 src/kernel/boot/boot.o

.iplt           0x000000000008fe10        0x0
 .iplt          0x000000000008fe10        0x0 src/kernel/data_structures/heap.o

.rodata.str1.8  0x000000000008fe10     0x1916
 .rodata.str1.8
                0x000000000008fe10       0x13 src/kernel/data_structures/heap.o
 *fill*         0x000000000008fe23        0x5 
 .rodata.str1.8
                0x000000000008fe28       0x15 src/kernel/exception.o
 *fill*         0x000000000008fe3d        0x3 
 .rodata.str1.8
                0x000000000008fe40       0x22 src/kernel/interrupt.o
 *fill*         0x000000000008fe62        0x6 
 .rodata.str1.8
                0x000000000008fe68      0x246 src/kernel/k2/gameclient.o
 *fill*         0x00000000000900ae        0x2 
 .rodata.str1.8
                0x00000000000900b0      0x287 src/kernel/k2/gameserver.o
                                        0x28f (size before relaxing)
 *fill*         0x0000000000090337        0x1 
 .rodata.str1.8
                0x0000000000090338      0x315 src/kernel/k_handler.o
 *fill*         0x000000000009064d        0x3 
 .rodata.str1.8
                0x0000000000090650      0x150 src/kernel/server/clock.o
 .rodata.str1.8
                0x00000000000907a0       0xd0 src/kernel/server/io.o
                                         0xd8 (size before relaxing)
 .rodata.str1.8
                0x0000000000090870      0x16f src/kernel/server/nameserver.o
 *fill*         0x00000000000909df        0x1 
 .rodata.str1.8
                0x00000000000909e0      0x261 src/kernel/tasks.o
 *fill*         0x0000000000090c41        0x7 
 .rodata.str1.8
                0x0000000000090c48      0x1ff src/train/pathfinding.o
 *fill*         0x0000000000090e47        0x1 
 .rodata.str1.8
                0x0000000000090e48       0x2f src/train/reverse.o
 *fill*         0x0000000000090e77        0x1 
 .rodata.str1.8
                0x0000000000090e78       0xd1 src/train/sensors.o
 *fill*         0x0000000000090f49        0x7 
 .rodata.str1.8
                0x0000000000090f50       0x4a src/train/switches.o
 *fill*         0x0000000000090f9a        0x6 
 .rodata.str1.8
                0x0000000000090fa0      0x47d src/train/track_data.o
 *fill*         0x000000000009141d        0x3 
 .rodata.str1.8
                0x0000000000091420      0x1c9 src/train/traincontrol.o
                                        0x1d9 (size before relaxing)
 *fill*         0x00000000000915e9        0x7 
 .rodata.str1.8
                0x00000000000915f0      0x136 src/train/trainserver.o

.rodata         0x0000000000091728      0x258
 .rodata        0x0000000000091728       0x10 src/kernel/k2/gameserver.o
 .rodata        0x0000000000091738       0x18 src/kernel/peripheral/rpi.o
 .rodata        0x0000000000091750       0x17 src/kernel/server/clock.o
 *fill*         0x0000000000091767        0x1 
 .rodata        0x0000000000091768       0x7e src/kernel/server/io.o
 *fill*         0x00000000000917e6        0x2 
 .rodata        0x00000000000917e8       0x2d src/kernel/tasks.o
 *fill*         0x0000000000091815        0x3 
 .rodata        0x0000000000091818       0x25 src/train/pathfinding.o
 *fill*         0x000000000009183d        0x3 
 .rodata        0x0000000000091840       0x26 src/train/reverse.o
 *fill*         0x0000000000091866        0x2 
 .rodata        0x0000000000091868       0x2d src/train/sensors.o
 *fill*         0x0000000000091895        0x3 
 .rodata        0x0000000000091898       0x76 src/train/switches.o
 *fill*         0x000000000009190e        0x2 
 .rodata        0x0000000000091910       0x15 src/train/traincontrol.o
 *fill*         0x0000000000091925        0x3 
 .rodata        0x0000000000091928       0x58 src/train/trainserver.o

.rela.dyn       0x0000000000091980        0x0
 .rela.iplt     0x0000000000091980        0x0 src/kernel/data_structures/heap.o
 .rela.text     0x0000000000091980        0x0 src/kernel/data_structures/heap.o
 .rela.text.boot
                0x0000000000091980        0x0 src/kernel/data_structures/heap.o
                0x0000000000091980                . = ALIGN (0x10)

.data           0x0000000000091980       0x94
 *(.data)
 .data          0x0000000000091980        0x0 src/kernel/data_structures/char_cb.o
 .data          0x0000000000091980        0x0 src/kernel/data_structures/heap.o
 .data          0x0000000000091980        0x0 src/kernel/data_structures/int_cb.o
 .data          0x0000000000091980        0x0 src/kernel/exception.o
 .data          0x0000000000091980        0x0 src/kernel/interrupt.o
 .data          0x0000000000091980        0x0 src/kernel/k2/gameclient.o
 .data          0x0000000000091980       0x94 src/kernel/k2/gameserver.o
                0x0000000000091980                gameserver_name
                0x0000000000091990                move_str
                0x00000000000919a8                result_str
                0x00000000000919c8                quit_str
                0x00000000000919d8                tie_str
                0x00000000000919e0                lose_str
                0x00000000000919e8                win_str
                0x00000000000919f0                scissor_str
                0x00000000000919f8                paper_str
                0x0000000000091a00                rock_str
                0x0000000000091a08                moves
 .data          0x0000000000091a14        0x0 src/kernel/k_handler.o
 .data          0x0000000000091a14        0x0 src/kernel/peripheral/rpi.o
 .data          0x0000000000091a14        0x0 src/kernel/server/clock.o
 .data          0x0000000000091a14        0x0 src/kernel/server/io.o
 .data          0x0000000000091a14        0x0 src/kernel/server/nameserver.o
 .data          0x0000000000091a14        0x0 src/kernel/server/timer.o
 .data          0x0000000000091a14        0x0 src/kernel/syscall.o
 .data          0x0000000000091a14        0x0 src/kernel/taskframe.o
 .data          0x0000000000091a14        0x0 src/kernel/tasks.o
 .data          0x0000000000091a14        0x0 src/kernel/util/assert.o
 .data          0x0000000000091a14        0x0 src/kernel/util/util.o
 .data          0x0000000000091a14        0x0 src/main.o
 .data          0x0000000000091a14        0x0 src/train/pathfinding.o
 .data          0x0000000000091a14        0x0 src/train/reverse.o
 .data          0x0000000000091a14        0x0 src/train/sensors.o
 .data          0x0000000000091a14        0x0 src/train/switches.o
 .data          0x0000000000091a14        0x0 src/train/track_data.o
 .data          0x0000000000091a14        0x0 src/train/traincontrol.o
 .data          0x0000000000091a14        0x0 src/train/trainserver.o
 .data          0x0000000000091a14        0x0 src/kernel/asm/context_switching.o
 .data          0x0000000000091a14        0x0 src/kernel/asm/exception_vector.o
 .data          0x0000000000091a14        0x0 src/kernel/boot/boot.o

.igot.plt       0x0000000000091a18        0x0
 .igot.plt      0x0000000000091a18        0x0 src/kernel/data_structures/heap.o
                0x0000000000091a20                . = ALIGN (0x10)
                0x0000000000091a20                bss_begin = .

.bss            0x0000000000091a20       0x20
 *(.bss)
 .bss           0x0000000000091a20        0x0 src/kernel/data_structures/char_cb.o
 .bss           0x0000000000091a20        0x0 src/kernel/data_structures/heap.o
 .bss           0x0000000000091a20        0x0 src/kernel/data_structures/int_cb.o
 .bss           0x0000000000091a20        0x0 src/kernel/exception.o
 .bss           0x0000000000091a20        0x0 src/kernel/interrupt.o
 .bss           0x0000000000091a20        0x0 src/kernel/k2/gameclient.o
 .bss           0x0000000000091a20        0x0 src/kernel/k2/gameserver.o
 .bss           0x0000000000091a20        0x0 src/kernel/k_handler.o
 .bss           0x0000000000091a20        0x0 src/kernel/peripheral/rpi.o
 .bss           0x0000000000091a20        0x0 src/kernel/server/clock.o
 .bss           0x0000000000091a20        0x0 src/kernel/server/io.o
 .bss           0x0000000000091a20        0x0 src/kernel/server/nameserver.o
 .bss           0x0000000000091a20        0x0 src/kernel/server/timer.o
 .bss           0x0000000000091a20        0x0 src/kernel/syscall.o
 .bss           0x0000000000091a20        0x0 src/kernel/taskframe.o
 .bss           0x0000000000091a20        0x0 src/kernel/tasks.o
 .bss           0x0000000000091a20        0x0 src/kernel/util/assert.o
 .bss           0x0000000000091a20        0x0 src/kernel/util/util.o
 .bss           0x0000000000091a20       0x20 src/main.o
                0x0000000000091a20                p_program_start
                0x0000000000091a28                p_idle_task_total
                0x0000000000091a30                kf
                0x0000000000091a38                currentTaskFrame
 .bss           0x0000000000091a40        0x0 src/train/pathfinding.o
 .bss           0x0000000000091a40        0x0 src/train/reverse.o
 .bss           0x0000000000091a40        0x0 src/train/sensors.o
 .bss           0x0000000000091a40        0x0 src/train/switches.o
 .bss           0x0000000000091a40        0x0 src/train/track_data.o
 .bss           0x0000000000091a40        0x0 src/train/traincontrol.o
 .bss           0x0000000000091a40        0x0 src/train/trainserver.o
 .bss           0x0000000000091a40        0x0 src/kernel/asm/context_switching.o
 .bss           0x0000000000091a40        0x0 src/kernel/asm/exception_vector.o
 .bss           0x0000000000091a40        0x0 src/kernel/boot/boot.o
                0x0000000000091a40                bss_end = .
                0x0000000000091a50                . = (. + 0x10)
                0x0000000000091a50                user_stack_start = .
LOAD /u3/cs452/public/xdev/bin/../lib/gcc/aarch64-none-elf/12.3.1/libgcc.a
LOAD /u3/cs452/public/xdev/bin/../lib/gcc/aarch64-none-elf/12.3.1/../../../../aarch64-none-elf/lib/libg.a
LOAD /u3/cs452/public/xdev/bin/../lib/gcc/aarch64-none-elf/12.3.1/../../../../aarch64-none-elf/lib/libc.a
LOAD /u3/cs452/public/xdev/bin/../lib/gcc/aarch64-none-elf/12.3.1/libgcc.a
OUTPUT(iotest.elf elf64-littleaarch64)
LOAD linker stubs

.debug_info     0x0000000000000000    0x147d4
 .debug_info    0x0000000000000000      0x3cd src/kernel/data_structures/char_cb.o
 .debug_info    0x00000000000003cd      0x558 src/kernel/data_structures/heap.o
 .debug_info    0x0000000000000925      0x3a6 src/kernel/data_structures/int_cb.o
 .debug_info    0x0000000000000ccb      0x126 src/kernel/exception.o
 .debug_info    0x0000000000000df1      0x535 src/kernel/interrupt.o
 .debug_info    0x0000000000001326     0x2d7d src/kernel/k2/gameclient.o
 .debug_info    0x00000000000040a3     0x1dfe src/kernel/k2/gameserver.o
 .debug_info    0x0000000000005ea1     0x1c37 src/kernel/k_handler.o
 .debug_info    0x0000000000007ad8     0x1279 src/kernel/peripheral/rpi.o
 .debug_info    0x0000000000008d51      0xc61 src/kernel/server/clock.o
 .debug_info    0x00000000000099b2     0x20e5 src/kernel/server/io.o
 .debug_info    0x000000000000ba97      0xab2 src/kernel/server/nameserver.o
 .debug_info    0x000000000000c549      0x31d src/kernel/server/timer.o
 .debug_info    0x000000000000c866      0x37b src/kernel/syscall.o
 .debug_info    0x000000000000cbe1      0x739 src/kernel/taskframe.o
 .debug_info    0x000000000000d31a     0x167a src/kernel/tasks.o
 .debug_info    0x000000000000e994       0xfc src/kernel/util/assert.o
 .debug_info    0x000000000000ea90      0x805 src/kernel/util/util.o
 .debug_info    0x000000000000f295      0xc3f src/main.o
 .debug_info    0x000000000000fed4     0x1843 src/train/pathfinding.o
 .debug_info    0x0000000000011717      0x484 src/train/reverse.o
 .debug_info    0x0000000000011b9b      0x7c1 src/train/sensors.o
 .debug_info    0x000000000001235c      0x95a src/train/switches.o
 .debug_info    0x0000000000012cb6      0x202 src/train/track_data.o
 .debug_info    0x0000000000012eb8      0xe02 src/train/traincontrol.o
 .debug_info    0x0000000000013cba      0xa9f src/train/trainserver.o
 .debug_info    0x0000000000014759       0x29 src/kernel/asm/context_switching.o
 .debug_info    0x0000000000014782       0x29 src/kernel/asm/exception_vector.o
 .debug_info    0x00000000000147ab       0x29 src/kernel/boot/boot.o

.debug_abbrev   0x0000000000000000     0x3d41
 .debug_abbrev  0x0000000000000000      0x1d1 src/kernel/data_structures/char_cb.o
 .debug_abbrev  0x00000000000001d1      0x24c src/kernel/data_structures/heap.o
 .debug_abbrev  0x000000000000041d      0x1ce src/kernel/data_structures/int_cb.o
 .debug_abbrev  0x00000000000005eb       0xbb src/kernel/exception.o
 .debug_abbrev  0x00000000000006a6      0x141 src/kernel/interrupt.o
 .debug_abbrev  0x00000000000007e7      0x248 src/kernel/k2/gameclient.o
 .debug_abbrev  0x0000000000000a2f      0x3e8 src/kernel/k2/gameserver.o
 .debug_abbrev  0x0000000000000e17      0x3a0 src/kernel/k_handler.o
 .debug_abbrev  0x00000000000011b7      0x4a0 src/kernel/peripheral/rpi.o
 .debug_abbrev  0x0000000000001657      0x2e7 src/kernel/server/clock.o
 .debug_abbrev  0x000000000000193e      0x3df src/kernel/server/io.o
 .debug_abbrev  0x0000000000001d1d      0x2c3 src/kernel/server/nameserver.o
 .debug_abbrev  0x0000000000001fe0      0x1f0 src/kernel/server/timer.o
 .debug_abbrev  0x00000000000021d0      0x131 src/kernel/syscall.o
 .debug_abbrev  0x0000000000002301      0x1ed src/kernel/taskframe.o
 .debug_abbrev  0x00000000000024ee      0x288 src/kernel/tasks.o
 .debug_abbrev  0x0000000000002776       0xac src/kernel/util/assert.o
 .debug_abbrev  0x0000000000002822      0x253 src/kernel/util/util.o
 .debug_abbrev  0x0000000000002a75      0x29a src/main.o
 .debug_abbrev  0x0000000000002d0f      0x413 src/train/pathfinding.o
 .debug_abbrev  0x0000000000003122      0x14b src/train/reverse.o
 .debug_abbrev  0x000000000000326d      0x1c1 src/train/sensors.o
 .debug_abbrev  0x000000000000342e      0x29d src/train/switches.o
 .debug_abbrev  0x00000000000036cb      0x124 src/train/track_data.o
 .debug_abbrev  0x00000000000037ef      0x2bd src/train/traincontrol.o
 .debug_abbrev  0x0000000000003aac      0x259 src/train/trainserver.o
 .debug_abbrev  0x0000000000003d05       0x14 src/kernel/asm/context_switching.o
 .debug_abbrev  0x0000000000003d19       0x14 src/kernel/asm/exception_vector.o
 .debug_abbrev  0x0000000000003d2d       0x14 src/kernel/boot/boot.o

.debug_loclists
                0x0000000000000000     0x88e8
 .debug_loclists
                0x0000000000000000      0x101 src/kernel/data_structures/char_cb.o
 .debug_loclists
                0x0000000000000101      0x309 src/kernel/data_structures/heap.o
 .debug_loclists
                0x000000000000040a       0xe3 src/kernel/data_structures/int_cb.o
 .debug_loclists
                0x00000000000004ed       0x25 src/kernel/exception.o
 .debug_loclists
                0x0000000000000512      0x379 src/kernel/interrupt.o
 .debug_loclists
                0x000000000000088b     0x164f src/kernel/k2/gameclient.o
 .debug_loclists
                0x0000000000001eda      0xa5d src/kernel/k2/gameserver.o
 .debug_loclists
                0x0000000000002937     0x1014 src/kernel/k_handler.o
 .debug_loclists
                0x000000000000394b      0xae9 src/kernel/peripheral/rpi.o
 .debug_loclists
                0x0000000000004434      0x384 src/kernel/server/clock.o
 .debug_loclists
                0x00000000000047b8      0x9ac src/kernel/server/io.o
 .debug_loclists
                0x0000000000005164      0x3db src/kernel/server/nameserver.o
 .debug_loclists
                0x000000000000553f       0xd3 src/kernel/server/timer.o
 .debug_loclists
                0x0000000000005612       0xd0 src/kernel/syscall.o
 .debug_loclists
                0x00000000000056e2      0x272 src/kernel/taskframe.o
 .debug_loclists
                0x0000000000005954      0x37d src/kernel/tasks.o
 .debug_loclists
                0x0000000000005cd1       0x25 src/kernel/util/assert.o
 .debug_loclists
                0x0000000000005cf6      0xaaa src/kernel/util/util.o
 .debug_loclists
                0x00000000000067a0       0xc0 src/main.o
 .debug_loclists
                0x0000000000006860      0xd9a src/train/pathfinding.o
 .debug_loclists
                0x00000000000075fa       0x85 src/train/reverse.o
 .debug_loclists
                0x000000000000767f      0x2ea src/train/sensors.o
 .debug_loclists
                0x0000000000007969      0x3a7 src/train/switches.o
 .debug_loclists
                0x0000000000007d10       0xef src/train/track_data.o
 .debug_loclists
                0x0000000000007dff      0x97e src/train/traincontrol.o
 .debug_loclists
                0x000000000000877d      0x16b src/train/trainserver.o

.debug_aranges  0x0000000000000000      0x570
 .debug_aranges
                0x0000000000000000       0x30 src/kernel/data_structures/char_cb.o
 .debug_aranges
                0x0000000000000030       0x30 src/kernel/data_structures/heap.o
 .debug_aranges
                0x0000000000000060       0x30 src/kernel/data_structures/int_cb.o
 .debug_aranges
                0x0000000000000090       0x30 src/kernel/exception.o
 .debug_aranges
                0x00000000000000c0       0x30 src/kernel/interrupt.o
 .debug_aranges
                0x00000000000000f0       0x30 src/kernel/k2/gameclient.o
 .debug_aranges
                0x0000000000000120       0x30 src/kernel/k2/gameserver.o
 .debug_aranges
                0x0000000000000150       0x30 src/kernel/k_handler.o
 .debug_aranges
                0x0000000000000180       0x30 src/kernel/peripheral/rpi.o
 .debug_aranges
                0x00000000000001b0       0x30 src/kernel/server/clock.o
 .debug_aranges
                0x00000000000001e0       0x30 src/kernel/server/io.o
 .debug_aranges
                0x0000000000000210       0x30 src/kernel/server/nameserver.o
 .debug_aranges
                0x0000000000000240       0x30 src/kernel/server/timer.o
 .debug_aranges
                0x0000000000000270       0x30 src/kernel/syscall.o
 .debug_aranges
                0x00000000000002a0       0x30 src/kernel/taskframe.o
 .debug_aranges
                0x00000000000002d0       0x30 src/kernel/tasks.o
 .debug_aranges
                0x0000000000000300       0x30 src/kernel/util/assert.o
 .debug_aranges
                0x0000000000000330       0x30 src/kernel/util/util.o
 .debug_aranges
                0x0000000000000360       0x30 src/main.o
 .debug_aranges
                0x0000000000000390       0x30 src/train/pathfinding.o
 .debug_aranges
                0x00000000000003c0       0x30 src/train/reverse.o
 .debug_aranges
                0x00000000000003f0       0x30 src/train/sensors.o
 .debug_aranges
                0x0000000000000420       0x30 src/train/switches.o
 .debug_aranges
                0x0000000000000450       0x30 src/train/track_data.o
 .debug_aranges
                0x0000000000000480       0x30 src/train/traincontrol.o
 .debug_aranges
                0x00000000000004b0       0x30 src/train/trainserver.o
 .debug_aranges
                0x00000000000004e0       0x30 src/kernel/asm/context_switching.o
 .debug_aranges
                0x0000000000000510       0x30 src/kernel/asm/exception_vector.o
 .debug_aranges
                0x0000000000000540       0x30 src/kernel/boot/boot.o

.debug_rnglists
                0x0000000000000000      0xf42
 .debug_rnglists
                0x0000000000000000       0x2b src/kernel/data_structures/char_cb.o
 .debug_rnglists
                0x000000000000002b       0x68 src/kernel/data_structures/heap.o
 .debug_rnglists
                0x0000000000000093       0x2e src/kernel/data_structures/int_cb.o
 .debug_rnglists
                0x00000000000000c1       0x85 src/kernel/interrupt.o
 .debug_rnglists
                0x0000000000000146      0x3b7 src/kernel/k2/gameclient.o
 .debug_rnglists
                0x00000000000004fd      0x19b src/kernel/k2/gameserver.o
 .debug_rnglists
                0x0000000000000698      0x187 src/kernel/k_handler.o
 .debug_rnglists
                0x000000000000081f       0xc4 src/kernel/peripheral/rpi.o
 .debug_rnglists
                0x00000000000008e3       0x72 src/kernel/server/clock.o
 .debug_rnglists
                0x0000000000000955       0xd2 src/kernel/server/io.o
 .debug_rnglists
                0x0000000000000a27       0x79 src/kernel/server/nameserver.o
 .debug_rnglists
                0x0000000000000aa0       0x3b src/kernel/server/timer.o
 .debug_rnglists
                0x0000000000000adb       0x65 src/kernel/taskframe.o
 .debug_rnglists
                0x0000000000000b40       0x7a src/kernel/tasks.o
 .debug_rnglists
                0x0000000000000bba       0x63 src/kernel/util/util.o
 .debug_rnglists
                0x0000000000000c1d       0x37 src/main.o
 .debug_rnglists
                0x0000000000000c54      0x17b src/train/pathfinding.o
 .debug_rnglists
                0x0000000000000dcf       0x3f src/train/reverse.o
 .debug_rnglists
                0x0000000000000e0e       0x77 src/train/sensors.o
 .debug_rnglists
                0x0000000000000e85       0x55 src/train/switches.o
 .debug_rnglists
                0x0000000000000eda       0x19 src/train/track_data.o
 .debug_rnglists
                0x0000000000000ef3       0x2d src/train/traincontrol.o
 .debug_rnglists
                0x0000000000000f20       0x22 src/train/trainserver.o

.debug_line     0x0000000000000000     0xec57
 .debug_line    0x0000000000000000      0x1be src/kernel/data_structures/char_cb.o
 .debug_line    0x00000000000001be      0x355 src/kernel/data_structures/heap.o
 .debug_line    0x0000000000000513      0x1a5 src/kernel/data_structures/int_cb.o
 .debug_line    0x00000000000006b8       0xad src/kernel/exception.o
 .debug_line    0x0000000000000765      0x1f9 src/kernel/interrupt.o
 .debug_line    0x000000000000095e      0xc06 src/kernel/k2/gameclient.o
 .debug_line    0x0000000000001564      0xbc9 src/kernel/k2/gameserver.o
 .debug_line    0x000000000000212d      0xc24 src/kernel/k_handler.o
 .debug_line    0x0000000000002d51      0x680 src/kernel/peripheral/rpi.o
 .debug_line    0x00000000000033d1      0x5ae src/kernel/server/clock.o
 .debug_line    0x000000000000397f      0xaf8 src/kernel/server/io.o
 .debug_line    0x0000000000004477      0x475 src/kernel/server/nameserver.o
 .debug_line    0x00000000000048ec      0x155 src/kernel/server/timer.o
 .debug_line    0x0000000000004a41       0xe6 src/kernel/syscall.o
 .debug_line    0x0000000000004b27      0x381 src/kernel/taskframe.o
 .debug_line    0x0000000000004ea8      0x705 src/kernel/tasks.o
 .debug_line    0x00000000000055ad       0x96 src/kernel/util/assert.o
 .debug_line    0x0000000000005643      0x790 src/kernel/util/util.o
 .debug_line    0x0000000000005dd3      0x2e1 src/main.o
 .debug_line    0x00000000000060b4     0x166e src/train/pathfinding.o
 .debug_line    0x0000000000007722      0x127 src/train/reverse.o
 .debug_line    0x0000000000007849      0x2ac src/train/sensors.o
 .debug_line    0x0000000000007af5      0x44b src/train/switches.o
 .debug_line    0x0000000000007f40     0x62b3 src/train/track_data.o
 .debug_line    0x000000000000e1f3      0x5d5 src/train/traincontrol.o
 .debug_line    0x000000000000e7c8      0x333 src/train/trainserver.o
 .debug_line    0x000000000000eafb       0x62 src/kernel/asm/context_switching.o
 .debug_line    0x000000000000eb5d       0x89 src/kernel/asm/exception_vector.o
 .debug_line    0x000000000000ebe6       0x71 src/kernel/boot/boot.o

.debug_str      0x0000000000000000     0x1a31
 .debug_str     0x0000000000000000      0x15c src/kernel/data_structures/char_cb.o
                                        0x19a (size before relaxing)
 .debug_str     0x000000000000015c       0x87 src/kernel/data_structures/heap.o
                                        0x1b0 (size before relaxing)
 .debug_str     0x00000000000001e3       0x5b src/kernel/data_structures/int_cb.o
                                        0x193 (size before relaxing)
 .debug_str     0x000000000000023e       0x31 src/kernel/exception.o
                                        0x156 (size before relaxing)
 .debug_str     0x000000000000026f       0x69 src/kernel/interrupt.o
                                        0x16c (size before relaxing)
 .debug_str     0x00000000000002d8      0x118 src/kernel/k2/gameclient.o
                                        0x24d (size before relaxing)
 .debug_str     0x00000000000003f0      0x17a src/kernel/k2/gameserver.o
                                        0x35f (size before relaxing)
 .debug_str     0x000000000000056a      0x397 src/kernel/k_handler.o
                                        0x57c (size before relaxing)
 .debug_str     0x0000000000000901      0x438 src/kernel/peripheral/rpi.o
                                        0x631 (size before relaxing)
 .debug_str     0x0000000000000d39      0x10b src/kernel/server/clock.o
                                        0x306 (size before relaxing)
 .debug_str     0x0000000000000e44      0x1ea src/kernel/server/io.o
                                        0x51b (size before relaxing)
 .debug_str     0x000000000000102e       0x7b src/kernel/server/nameserver.o
                                        0x1f9 (size before relaxing)
 .debug_str     0x00000000000010a9       0x9c src/kernel/server/timer.o
                                        0x1e8 (size before relaxing)
 .debug_str     0x0000000000001145       0x53 src/kernel/syscall.o
                                        0x1d6 (size before relaxing)
 .debug_str     0x0000000000001198       0x62 src/kernel/taskframe.o
                                        0x310 (size before relaxing)
 .debug_str     0x00000000000011fa      0x196 src/kernel/tasks.o
                                        0x486 (size before relaxing)
 .debug_str     0x0000000000001390      0x122 src/kernel/util/assert.o
 .debug_str     0x0000000000001390       0x61 src/kernel/util/util.o
                                        0x172 (size before relaxing)
 .debug_str     0x00000000000013f1       0x9f src/main.o
                                        0x48f (size before relaxing)
 .debug_str     0x0000000000001490      0x2fc src/train/pathfinding.o
                                        0x553 (size before relaxing)
 .debug_str     0x000000000000178c       0x34 src/train/reverse.o
                                        0x1a9 (size before relaxing)
 .debug_str     0x00000000000017c0       0x8d src/train/sensors.o
                                        0x375 (size before relaxing)
 .debug_str     0x000000000000184d       0x52 src/train/switches.o
                                        0x291 (size before relaxing)
 .debug_str     0x000000000000189f        0xc src/train/track_data.o
                                        0x1a9 (size before relaxing)
 .debug_str     0x00000000000018ab       0x9f src/train/traincontrol.o
                                        0x351 (size before relaxing)
 .debug_str     0x000000000000194a       0x65 src/train/trainserver.o
                                        0x380 (size before relaxing)
 .debug_str     0x00000000000019af       0x49 src/kernel/asm/context_switching.o
 .debug_str     0x00000000000019f8       0x22 src/kernel/asm/exception_vector.o
                                         0x48 (size before relaxing)
 .debug_str     0x0000000000001a1a       0x17 src/kernel/boot/boot.o
                                         0x3d (size before relaxing)

.debug_line_str
                0x0000000000000000      0x4cf
 .debug_line_str
                0x0000000000000000       0xa9 src/kernel/data_structures/char_cb.o
                                         0xdd (size before relaxing)
 .debug_line_str
                0x00000000000000a9       0x2f src/kernel/data_structures/heap.o
                                         0xd7 (size before relaxing)
 .debug_line_str
                0x00000000000000d8       0x2d src/kernel/data_structures/int_cb.o
                                         0xd9 (size before relaxing)
 .debug_line_str
                0x0000000000000105       0x2f src/kernel/exception.o
                                         0xcc (size before relaxing)
 .debug_line_str
                0x0000000000000134       0x20 src/kernel/interrupt.o
                                         0xc6 (size before relaxing)
 .debug_line_str
                0x0000000000000154       0x4d src/kernel/k2/gameclient.o
                                         0xec (size before relaxing)
 .debug_line_str
                0x00000000000001a1       0x2d src/kernel/k2/gameserver.o
                                         0xfe (size before relaxing)
 .debug_line_str
                0x00000000000001ce       0x37 src/kernel/k_handler.o
                                        0x10d (size before relaxing)
 .debug_line_str
                0x0000000000000205       0x47 src/kernel/peripheral/rpi.o
                                         0xf1 (size before relaxing)
 .debug_line_str
                0x000000000000024c       0x34 src/kernel/server/clock.o
                                         0xfb (size before relaxing)
 .debug_line_str
                0x0000000000000280       0x1c src/kernel/server/io.o
                                        0x117 (size before relaxing)
 .debug_line_str
                0x000000000000029c       0x1f src/kernel/server/nameserver.o
                                         0xee (size before relaxing)
 .debug_line_str
                0x00000000000002bb       0x1a src/kernel/server/timer.o
                                         0xb7 (size before relaxing)
 .debug_line_str
                0x00000000000002d5       0x15 src/kernel/syscall.o
                                         0x64 (size before relaxing)
 .debug_line_str
                0x00000000000002ea       0x17 src/kernel/taskframe.o
                                         0xdb (size before relaxing)
 .debug_line_str
                0x0000000000000301       0x72 src/kernel/tasks.o
                                        0x16a (size before relaxing)
 .debug_line_str
                0x0000000000000373       0x29 src/kernel/util/assert.o
                                         0xc0 (size before relaxing)
 .debug_line_str
                0x000000000000039c       0x17 src/kernel/util/util.o
                                         0xac (size before relaxing)
 .debug_line_str
                0x00000000000003b3       0x1b src/main.o
                                        0x109 (size before relaxing)
 .debug_line_str
                0x00000000000003ce       0x2f src/train/pathfinding.o
                                        0x129 (size before relaxing)
 .debug_line_str
                0x00000000000003fd       0x14 src/train/reverse.o
                                         0xc6 (size before relaxing)
 .debug_line_str
                0x0000000000000411       0x14 src/train/sensors.o
                                         0xf3 (size before relaxing)
 .debug_line_str
                0x0000000000000425       0x15 src/train/switches.o
                                         0xe7 (size before relaxing)
 .debug_line_str
                0x000000000000043a       0x17 src/train/track_data.o
                                         0x80 (size before relaxing)
 .debug_line_str
                0x0000000000000451       0x19 src/train/traincontrol.o
                                         0xde (size before relaxing)
 .debug_line_str
                0x000000000000046a       0x18 src/train/trainserver.o
                                        0x112 (size before relaxing)
 .debug_line_str
                0x0000000000000482       0x23 src/kernel/asm/context_switching.o
                                         0x3b (size before relaxing)
 .debug_line_str
                0x00000000000004a5       0x13 src/kernel/asm/exception_vector.o
                                         0x3a (size before relaxing)
 .debug_line_str
                0x00000000000004b8       0x17 src/kernel/boot/boot.o
                                         0x2f (size before relaxing)

.comment        0x0000000000000000       0x45
 .comment       0x0000000000000000       0x45 src/kernel/data_structures/char_cb.o
                                         0x46 (size before relaxing)
 .comment       0x0000000000000045       0x46 src/kernel/data_structures/heap.o
 .comment       0x0000000000000045       0x46 src/kernel/data_structures/int_cb.o
 .comment       0x0000000000000045       0x46 src/kernel/exception.o
 .comment       0x0000000000000045       0x46 src/kernel/interrupt.o
 .comment       0x0000000000000045       0x46 src/kernel/k2/gameclient.o
 .comment       0x0000000000000045       0x46 src/kernel/k2/gameserver.o
 .comment       0x0000000000000045       0x46 src/kernel/k_handler.o
 .comment       0x0000000000000045       0x46 src/kernel/peripheral/rpi.o
 .comment       0x0000000000000045       0x46 src/kernel/server/clock.o
 .comment       0x0000000000000045       0x46 src/kernel/server/io.o
 .comment       0x0000000000000045       0x46 src/kernel/server/nameserver.o
 .comment       0x0000000000000045       0x46 src/kernel/server/timer.o
 .comment       0x0000000000000045       0x46 src/kernel/syscall.o
 .comment       0x0000000000000045       0x46 src/kernel/taskframe.o
 .comment       0x0000000000000045       0x46 src/kernel/tasks.o
 .comment       0x0000000000000045       0x46 src/kernel/util/assert.o
 .comment       0x0000000000000045       0x46 src/kernel/util/util.o
 .comment       0x0000000000000045       0x46 src/main.o
 .comment       0x0000000000000045       0x46 src/train/pathfinding.o
 .comment       0x0000000000000045       0x46 src/train/reverse.o
 .comment       0x0000000000000045       0x46 src/train/sensors.o
 .comment       0x0000000000000045       0x46 src/train/switches.o
 .comment       0x0000000000000045       0x46 src/train/track_data.o
 .comment       0x0000000000000045       0x46 src/train/traincontrol.o
 .comment       0x0000000000000045       0x46 src/train/trainserver.o

.debug_frame    0x0000000000000000     0x2250
 .debug_frame   0x0000000000000000       0xa0 src/kernel/data_structures/char_cb.o
 .debug_frame   0x00000000000000a0      0x148 src/kernel/data_structures/heap.o
 .debug_frame   0x00000000000001e8       0xa0 src/kernel/data_structures/int_cb.o
 .debug_frame   0x0000000000000288       0x48 src/kernel/exception.o
 .debug_frame   0x00000000000002d0       0xa0 src/kernel/interrupt.o
 .debug_frame   0x0000000000000370      0x460 src/kernel/k2/gameclient.o
 .debug_frame   0x00000000000007d0      0x130 src/kernel/k2/gameserver.o
 .debug_frame   0x0000000000000900      0x328 src/kernel/k_handler.o
 .debug_frame   0x0000000000000c28      0x348 src/kernel/peripheral/rpi.o
 .debug_frame   0x0000000000000f70      0x170 src/kernel/server/clock.o
 .debug_frame   0x00000000000010e0      0x268 src/kernel/server/io.o
 .debug_frame   0x0000000000001348       0xf0 src/kernel/server/nameserver.o
 .debug_frame   0x0000000000001438       0xd0 src/kernel/server/timer.o
 .debug_frame   0x0000000000001508      0x118 src/kernel/syscall.o
 .debug_frame   0x0000000000001620      0x138 src/kernel/taskframe.o
 .debug_frame   0x0000000000001758      0x218 src/kernel/tasks.o
 .debug_frame   0x0000000000001970       0x30 src/kernel/util/assert.o
 .debug_frame   0x00000000000019a0      0x148 src/kernel/util/util.o
 .debug_frame   0x0000000000001ae8       0x98 src/main.o
 .debug_frame   0x0000000000001b80      0x1c8 src/train/pathfinding.o
 .debug_frame   0x0000000000001d48       0x48 src/train/reverse.o
 .debug_frame   0x0000000000001d90       0x48 src/train/sensors.o
 .debug_frame   0x0000000000001dd8      0x118 src/train/switches.o
 .debug_frame   0x0000000000001ef0       0xb0 src/train/track_data.o
 .debug_frame   0x0000000000001fa0      0x228 src/train/traincontrol.o
 .debug_frame   0x00000000000021c8       0x88 src/train/trainserver.o
